******************************************************************************
          TMS320C6x COFF Linker PC v6.0.8                      
******************************************************************************
>> Linked Fri May 02 14:28:02 2014

OUTPUT FILE NAME:   <./Debug/dsp_lab.out>
ENTRY POINT SYMBOL: "_c_int00"  address: 00002300


MEMORY CONFIGURATION

         name            origin    length      used     unused   attr    fill
----------------------  --------  ---------  --------  --------  ----  --------
  IVECS                 00000000   00000220  00000200  00000020  RWIX
  IRAM                  00000220   0002fde0  00002eb4  0002cf2c  RWIX
  SDRAM                 80000000   00100000  00000000  00100000  RWIX
  FLASH                 90000000   00020000  00000000  00020000  RWIX


SECTION ALLOCATION MAP

 output                                  attributes/
section   page    origin      length       input sections
--------  ----  ----------  ----------   ----------------
.EXT_RAM   0    80000000    00000000     UNINITIALIZED

.data      0    00000000    00000000     UNINITIALIZED

.vectors   0    00000000    00000200     
                  00000000    00000200     Vectors_poll.obj (.vectors)

.bss       0    00000220    00000000     UNINITIALIZED

.cio       0    00000220    00000000     UNINITIALIZED

.csldata   0    00000220    00000000     UNINITIALIZED

.switch    0    00000220    00000000     UNINITIALIZED

.sysmem    0    00000220    00000000     UNINITIALIZED

.text      0    00000220    00002380     
                  00000220    000006c0     c6416dskinit.obj (.text)
                  000008e0    00000420     cosine8_LED.obj (.text)
                  00000d00    000003a0     dsk6416bsl.lib : dsk6416.obj (.text)
                  000010a0    00000240                    : dsk6416_aic23_opencodec.obj (.text)
                  000012e0    000001e0                    : dsk6416_aic23_registers.obj (.text)
                  000014c0    000001e0     csl6416.lib : csl_irq.obj (.text:_IRQ_map)
                  000016a0    000001c0                 : csl_mcbsp.obj (.text:_MCBSP_reset)
                  00001860    00000180     dsk6416bsl.lib : dsk6416_led.obj (.text)
                  000019e0    00000100     rts6400.lib : autoinit.obj (.text:__auto_init)
                  00001ae0    00000100                 : exit.obj (.text:_exit)
                  00001be0    000000e0     dsk6416bsl.lib : dsk6416_aic23_setfreq.obj (.text)
                  00001cc0    000000e0     csl6416.lib : csl_mcbsp.obj (.text:_MCBSP_start)
                  00001da0    000000e0     rts6400.lib : memcpy64.obj (.text:_memcpy)
                  00001e80    000000c0     csl6416.lib : csl_mcbsp.obj (.text:_MCBSP_config)
                  00001f40    000000c0                 : csl_mcbsp.obj (.text:_MCBSP_open)
                  00002000    000000c0     rts6400.lib : strasg.obj (.text:__strasg)
                  000020c0    000000a0     csl6416.lib : csl_emifa.obj (.text:_EMIFA_config)
                  00002160    000000a0                 : csl_emifb.obj (.text:_EMIFB_config)
                  00002200    000000a0                 : csl_irq.obj (.text:_setMux)
                  000022a0    00000060     dsk6416bsl.lib : dsk6416_dip.obj (.text)
                  00002300    00000060     rts6400.lib : boot.obj (.text:_c_int00)
                  00002360    00000040     csl6416.lib : csl_irq.obj (.text:_IRQ_reset)
                  000023a0    00000040     rts6400.lib : args_main.obj (.text:__args_main)
                  000023e0    00000020     csl6416.lib : csl_irq.obj (.text)
                  00002400    00000020     Vectors_poll.obj (.text)
                  00002420    00000020     dsp_lab.obj (.text)
                  00002440    00000020     csl6416.lib : csl_irq.obj (.text:_IRQ_enable)
                  00002460    00000020                 : csl_irq.obj (.text:_IRQ_globalDisable)
                  00002480    00000020                 : csl_irq.obj (.text:_IRQ_globalEnable)
                  000024a0    00000020                 : csl_irq.obj (.text:_IRQ_nmiEnable)
                  000024c0    00000020                 : csl_mcbsp.obj (.text:_MCBSP_getXmtEventId)
                  000024e0    00000020                 : csl_mcbsp.obj (.text:_MCBSP_read)
                  00002500    00000020                 : csl_mcbsp.obj (.text:_MCBSP_rrdy)
                  00002520    00000020                 : csl_mcbsp.obj (.text:_MCBSP_write)
                  00002540    00000020                 : csl_mcbsp.obj (.text:_MCBSP_xrdy)
                  00002560    00000020     rts6400.lib : _lock.obj (.text:__nop)
                  00002580    00000020                 : exit.obj (.text:_abort)

.stack     0    000025a0    00000400     UNINITIALIZED
                  000025a0    00000008     rts6400.lib : boot.obj (.stack)

.cinit     0    000029a0    0000032c     
                  000029a0    0000012c     csl6416.lib : csl_irq.obj (.cinit)
                  00002acc    00000004     --HOLE-- [fill = 0]
                  00002ad0    0000007c                 : csl_mcbsp.obj (.cinit)
                  00002b4c    00000004     --HOLE-- [fill = 0]
                  00002b50    00000070     c6416dskinit.obj (.cinit)
                  00002bc0    00000040     cosine8_LED.obj (.cinit)
                  00002c00    00000030     dsk6416bsl.lib : dsk6416_aic23_registers.obj (.cinit)
                  00002c30    0000002c     rts6400.lib : exit.obj (.cinit)
                  00002c5c    00000004     --HOLE-- [fill = 0]
                  00002c60    00000028     dsk6416bsl.lib : dsk6416_aic23_setfreq.obj (.cinit)
                  00002c88    0000001c     rts6400.lib : _lock.obj (.cinit)
                  00002ca4    00000004     --HOLE-- [fill = 0]
                  00002ca8    0000001a     dsp_lab.obj (.cinit)
                  00002cc2    0000000a     --HOLE-- [fill = 0]

.far       0    00002cd0    000002d8     UNINITIALIZED
                  00002cd0    00000100     csl6416.lib : csl_irq.obj (.far)
                  00002dd0    00000090     rts6400.lib : exit.obj (.far)
                  00002e60    00000070     c6416dskinit.obj (.far)
                  00002ed0    00000054     csl6416.lib : csl_mcbsp.obj (.far)
                  00002f24    00000028     dsk6416bsl.lib : dsk6416_aic23_registers.obj (.far)
                  00002f4c    00000004                    : dsk6416.obj (.far)
                  00002f50    00000020                    : dsk6416_aic23_setfreq.obj (.far)
                  00002f70    00000020     cosine8_LED.obj (.far)
                  00002f90    00000008     rts6400.lib : _lock.obj (.far)
                  00002f98    00000008     dsk6416bsl.lib : dsk6416_aic23_opencodec.obj (.far)
                  00002fa0    00000006     dsp_lab.obj (.far)
                  00002fa6    00000002     dsk6416bsl.lib : dsk6416_led.obj (.far)

.const     0    00002fa8    00000130     
                  00002fa8    000000c0     dsk6416bsl.lib : dsk6416.obj (.const)
                  00003068    00000070                    : dsk6416_aic23_opencodec.obj (.const)


GLOBAL SYMBOLS: SORTED ALPHABETICALLY BY Name 

address    name
--------   ----
00000220   $bss
00000220   .bss
00000000   .data
00000220   .text
00002580   C$$EXIT
00002e6c   _AIC23CfgData
00002e60   _AIC_data
00002f98   _DSK6416_AIC23_codeccontrolhandle
00002f9c   _DSK6416_AIC23_codecdatahandle
00001420   _DSK6416_AIC23_config
000010a0   _DSK6416_AIC23_openCodec
000013e8   _DSK6416_AIC23_rget
000012e0   _DSK6416_AIC23_rset
00001be0   _DSK6416_AIC23_setFreq
000022a4   _DSK6416_DIP_get
000022a0   _DSK6416_DIP_init
00001860   _DSK6416_LED_init
000018a0   _DSK6416_LED_off
00001904   _DSK6416_LED_on
00001968   _DSK6416_LED_toggle
00000fe4   _DSK6416_getVersion
00000d00   _DSK6416_init
00000ed4   _DSK6416_rget
00000f04   _DSK6416_rset
00002f4c   _DSK6416_version
00000f40   _DSK6416_wait
00000fa0   _DSK6416_waitusec
000020c0   _EMIFA_config
00002160   _EMIFB_config
00002440   _IRQ_enable
00002460   _IRQ_globalDisable
00002480   _IRQ_globalEnable
000014c0   _IRQ_map
000024a0   _IRQ_nmiEnable
00002360   _IRQ_reset
00001e80   _MCBSP_config
000024c0   _MCBSP_getXmtEventId
00001f40   _MCBSP_open
000024e0   _MCBSP_read
000016a0   _MCBSP_reset
00002500   _MCBSP_rrdy
00001cc0   _MCBSP_start
00002520   _MCBSP_write
00002540   _MCBSP_xrdy
00002dc8   __IRQ_dispatchTable
00002d00   __IRQ_eventTable
000023e0   __IRQ_hookFetchPacket
00002d88   __IRQ_intTable
00002f18   __MCBSP_hDev0
00002f1c   __MCBSP_hDev1
00002f20   __MCBSP_hDev2
00000400   __STACK_SIZE
ffffffff   ___binit__
00000220   ___bss__
ffffffff   ___c_args__
000029a0   ___cinit__
00000000   ___data__
00000000   ___edata__
00000220   ___end__
000025a0   ___etext__
ffffffff   ___pinit__
00000220   ___text__
000023a0   __args_main
000019e0   __auto_init
00002e58   __cleanup_ptr
00002e5c   __dtors_ptr
00002f90   __lock
00002560   __nop
000025a0   __stack
00002000   __strasg
00002f94   __unlock
00002580   _abort
00000220   _c6416_dsk_init
00002300   _c_int00
00000320   _comm_intr
000002f0   _comm_poll
00002ea4   _config
000008e0   _cosine8_LED
00002f78   _cosine_table
00001ae0   _exit
00002fa0   _fs
00002f72   _gain
00002ecc   _hAIC23_handle
00000790   _input_left_sample
00000838   _input_right_sample
000006a4   _input_sample
00002fa4   _inputsource
00002f70   _loopindex
00002420   _main
00001da0   _memcpy
00000518   _output_left_sample
000005e0   _output_right_sample
00000410   _output_sample
00000020   _vector1
00000140   _vector10
00000160   _vector11
00000180   _vector12
000001a0   _vector13
000001c0   _vector14
000001e0   _vector15
00000040   _vector2
00000060   _vector3
00000080   _vector4
000000a0   _vector5
000000c0   _vector6
000000e0   _vector7
00000100   _vector8
00000120   _vector9
00000000   _vectors
ffffffff   binit
000029a0   cinit
00000000   edata
00000220   end
000025a0   etext
ffffffff   pinit


GLOBAL SYMBOLS: SORTED BY Symbol Address 

address    name
--------   ----
00000000   .data
00000000   ___data__
00000000   ___edata__
00000000   _vectors
00000000   edata
00000020   _vector1
00000040   _vector2
00000060   _vector3
00000080   _vector4
000000a0   _vector5
000000c0   _vector6
000000e0   _vector7
00000100   _vector8
00000120   _vector9
00000140   _vector10
00000160   _vector11
00000180   _vector12
000001a0   _vector13
000001c0   _vector14
000001e0   _vector15
00000220   $bss
00000220   .bss
00000220   .text
00000220   ___bss__
00000220   ___end__
00000220   ___text__
00000220   _c6416_dsk_init
00000220   end
000002f0   _comm_poll
00000320   _comm_intr
00000400   __STACK_SIZE
00000410   _output_sample
00000518   _output_left_sample
000005e0   _output_right_sample
000006a4   _input_sample
00000790   _input_left_sample
00000838   _input_right_sample
000008e0   _cosine8_LED
00000d00   _DSK6416_init
00000ed4   _DSK6416_rget
00000f04   _DSK6416_rset
00000f40   _DSK6416_wait
00000fa0   _DSK6416_waitusec
00000fe4   _DSK6416_getVersion
000010a0   _DSK6416_AIC23_openCodec
000012e0   _DSK6416_AIC23_rset
000013e8   _DSK6416_AIC23_rget
00001420   _DSK6416_AIC23_config
000014c0   _IRQ_map
000016a0   _MCBSP_reset
00001860   _DSK6416_LED_init
000018a0   _DSK6416_LED_off
00001904   _DSK6416_LED_on
00001968   _DSK6416_LED_toggle
000019e0   __auto_init
00001ae0   _exit
00001be0   _DSK6416_AIC23_setFreq
00001cc0   _MCBSP_start
00001da0   _memcpy
00001e80   _MCBSP_config
00001f40   _MCBSP_open
00002000   __strasg
000020c0   _EMIFA_config
00002160   _EMIFB_config
000022a0   _DSK6416_DIP_init
000022a4   _DSK6416_DIP_get
00002300   _c_int00
00002360   _IRQ_reset
000023a0   __args_main
000023e0   __IRQ_hookFetchPacket
00002420   _main
00002440   _IRQ_enable
00002460   _IRQ_globalDisable
00002480   _IRQ_globalEnable
000024a0   _IRQ_nmiEnable
000024c0   _MCBSP_getXmtEventId
000024e0   _MCBSP_read
00002500   _MCBSP_rrdy
00002520   _MCBSP_write
00002540   _MCBSP_xrdy
00002560   __nop
00002580   C$$EXIT
00002580   _abort
000025a0   ___etext__
000025a0   __stack
000025a0   etext
000029a0   ___cinit__
000029a0   cinit
00002d00   __IRQ_eventTable
00002d88   __IRQ_intTable
00002dc8   __IRQ_dispatchTable
00002e58   __cleanup_ptr
00002e5c   __dtors_ptr
00002e60   _AIC_data
00002e6c   _AIC23CfgData
00002ea4   _config
00002ecc   _hAIC23_handle
00002f18   __MCBSP_hDev0
00002f1c   __MCBSP_hDev1
00002f20   __MCBSP_hDev2
00002f4c   _DSK6416_version
00002f70   _loopindex
00002f72   _gain
00002f78   _cosine_table
00002f90   __lock
00002f94   __unlock
00002f98   _DSK6416_AIC23_codeccontrolhandle
00002f9c   _DSK6416_AIC23_codecdatahandle
00002fa0   _fs
00002fa4   _inputsource
ffffffff   ___binit__
ffffffff   ___c_args__
ffffffff   ___pinit__
ffffffff   binit
ffffffff   pinit

[115 symbols]
