******************************************************************************
          TMS320C6x COFF Linker PC v6.0.8                      
******************************************************************************
>> Linked Thu Apr 24 13:11:03 2014

OUTPUT FILE NAME:   <./Debug/dsp_lab.out>
ENTRY POINT SYMBOL: "_c_int00"  address: 00002140


MEMORY CONFIGURATION

         name            origin    length      used     unused   attr    fill
----------------------  --------  ---------  --------  --------  ----  --------
  IVECS                 00000000   00000220  00000200  00000020  RWIX
  IRAM                  00000220   0002fde0  000030fa  0002cce6  RWIX
  SDRAM                 80000000   00100000  00000000  00100000  RWIX
  FLASH                 90000000   00020000  00000000  00020000  RWIX


SECTION ALLOCATION MAP

 output                                  attributes/
section   page    origin      length       input sections
--------  ----  ----------  ----------   ----------------
.EXT_RAM   0    80000000    00000000     UNINITIALIZED

.data      0    00000000    00000000     UNINITIALIZED

.vectors   0    00000000    00000200     
                  00000000    00000200     Vectors_intr.obj (.vectors)

.bss       0    00000220    00000000     UNINITIALIZED

.cio       0    00000220    00000000     UNINITIALIZED

.csldata   0    00000220    00000000     UNINITIALIZED

.switch    0    00000220    00000000     UNINITIALIZED

.sysmem    0    00000220    00000000     UNINITIALIZED

.text      0    00000220    000021c0     
                  00000220    000006c0     c6416dskinit.obj (.text)
                  000008e0    00000440     cos8_buf.obj (.text)
                  00000d20    000003a0     dsk6416bsl.lib : dsk6416.obj (.text)
                  000010c0    00000240                    : dsk6416_aic23_opencodec.obj (.text)
                  00001300    000001e0                    : dsk6416_aic23_registers.obj (.text)
                  000014e0    000001e0     csl6416.lib : csl_irq.obj (.text:_IRQ_map)
                  000016c0    000001c0                 : csl_mcbsp.obj (.text:_MCBSP_reset)
                  00001880    00000100     rts6400.lib : autoinit.obj (.text:__auto_init)
                  00001980    00000100                 : exit.obj (.text:_exit)
                  00001a80    000000e0     dsk6416bsl.lib : dsk6416_aic23_setfreq.obj (.text)
                  00001b60    000000e0     csl6416.lib : csl_mcbsp.obj (.text:_MCBSP_start)
                  00001c40    000000e0     rts6400.lib : memcpy64.obj (.text:_memcpy)
                  00001d20    000000c0     csl6416.lib : csl_mcbsp.obj (.text:_MCBSP_config)
                  00001de0    000000c0                 : csl_mcbsp.obj (.text:_MCBSP_open)
                  00001ea0    000000c0     rts6400.lib : strasg.obj (.text:__strasg)
                  00001f60    000000a0     csl6416.lib : csl_emifa.obj (.text:_EMIFA_config)
                  00002000    000000a0                 : csl_emifb.obj (.text:_EMIFB_config)
                  000020a0    000000a0                 : csl_irq.obj (.text:_setMux)
                  00002140    00000060     rts6400.lib : boot.obj (.text:_c_int00)
                  000021a0    00000040     csl6416.lib : csl_irq.obj (.text:_IRQ_reset)
                  000021e0    00000040     rts6400.lib : args_main.obj (.text:__args_main)
                  00002220    00000020     csl6416.lib : csl_irq.obj (.text)
                  00002240    00000020     Vectors_intr.obj (.text)
                  00002260    00000020     dsp_lab.obj (.text)
                  00002280    00000020     csl6416.lib : csl_irq.obj (.text:_IRQ_enable)
                  000022a0    00000020                 : csl_irq.obj (.text:_IRQ_globalDisable)
                  000022c0    00000020                 : csl_irq.obj (.text:_IRQ_globalEnable)
                  000022e0    00000020                 : csl_irq.obj (.text:_IRQ_nmiEnable)
                  00002300    00000020                 : csl_mcbsp.obj (.text:_MCBSP_getXmtEventId)
                  00002320    00000020                 : csl_mcbsp.obj (.text:_MCBSP_read)
                  00002340    00000020                 : csl_mcbsp.obj (.text:_MCBSP_rrdy)
                  00002360    00000020                 : csl_mcbsp.obj (.text:_MCBSP_write)
                  00002380    00000020                 : csl_mcbsp.obj (.text:_MCBSP_xrdy)
                  000023a0    00000020     rts6400.lib : _lock.obj (.text:__nop)
                  000023c0    00000020                 : exit.obj (.text:_abort)

.far       0    000023e0    000006d6     UNINITIALIZED
                  000023e0    0000041a     cos8_buf.obj (.far)
                  000027fa    00000004     dsk6416bsl.lib : dsk6416.obj (.far)
                  00002800    00000100     csl6416.lib : csl_irq.obj (.far)
                  00002900    00000090     rts6400.lib : exit.obj (.far)
                  00002990    00000070     c6416dskinit.obj (.far)
                  00002a00    00000054     csl6416.lib : csl_mcbsp.obj (.far)
                  00002a54    00000028     dsk6416bsl.lib : dsk6416_aic23_registers.obj (.far)
                  00002a80    00000020                    : dsk6416_aic23_setfreq.obj (.far)
                  00002aa0    00000008     rts6400.lib : _lock.obj (.far)
                  00002aa8    00000008     dsk6416bsl.lib : dsk6416_aic23_opencodec.obj (.far)
                  00002ab0    00000006     dsp_lab.obj (.far)

.stack     0    00002ab8    00000400     UNINITIALIZED
                  00002ab8    00000008     rts6400.lib : boot.obj (.stack)

.cinit     0    00002eb8    00000334     
                  00002eb8    0000012c     csl6416.lib : csl_irq.obj (.cinit)
                  00002fe4    00000004     --HOLE-- [fill = 0]
                  00002fe8    0000007c                 : csl_mcbsp.obj (.cinit)
                  00003064    00000004     --HOLE-- [fill = 0]
                  00003068    00000070     c6416dskinit.obj (.cinit)
                  000030d8    00000042     cos8_buf.obj (.cinit)
                  0000311a    00000006     --HOLE-- [fill = 0]
                  00003120    00000030     dsk6416bsl.lib : dsk6416_aic23_registers.obj (.cinit)
                  00003150    0000002c     rts6400.lib : exit.obj (.cinit)
                  0000317c    00000004     --HOLE-- [fill = 0]
                  00003180    00000028     dsk6416bsl.lib : dsk6416_aic23_setfreq.obj (.cinit)
                  000031a8    0000001c     rts6400.lib : _lock.obj (.cinit)
                  000031c4    00000004     --HOLE-- [fill = 0]
                  000031c8    0000001a     dsp_lab.obj (.cinit)
                  000031e2    0000000a     --HOLE-- [fill = 0]

.const     0    000031ec    00000130     
                  000031ec    000000c0     dsk6416bsl.lib : dsk6416.obj (.const)
                  000032ac    00000070                    : dsk6416_aic23_opencodec.obj (.const)


GLOBAL SYMBOLS: SORTED ALPHABETICALLY BY Name 

address    name
--------   ----
00000220   $bss
00000220   .bss
00000000   .data
00000220   .text
000023c0   C$$EXIT
0000299c   _AIC23CfgData
00002990   _AIC_data
00002aa8   _DSK6416_AIC23_codeccontrolhandle
00002aac   _DSK6416_AIC23_codecdatahandle
00001440   _DSK6416_AIC23_config
000010c0   _DSK6416_AIC23_openCodec
00001408   _DSK6416_AIC23_rget
00001300   _DSK6416_AIC23_rset
00001a80   _DSK6416_AIC23_setFreq
00001004   _DSK6416_getVersion
00000d20   _DSK6416_init
00000ef4   _DSK6416_rget
00000f24   _DSK6416_rset
000027fa   _DSK6416_version
00000f60   _DSK6416_wait
00000fc0   _DSK6416_waitusec
00001f60   _EMIFA_config
00002000   _EMIFB_config
00002280   _IRQ_enable
000022a0   _IRQ_globalDisable
000022c0   _IRQ_globalEnable
000014e0   _IRQ_map
000022e0   _IRQ_nmiEnable
000021a0   _IRQ_reset
00001d20   _MCBSP_config
00002300   _MCBSP_getXmtEventId
00001de0   _MCBSP_open
00002320   _MCBSP_read
000016c0   _MCBSP_reset
00002340   _MCBSP_rrdy
00001b60   _MCBSP_start
00002360   _MCBSP_write
00002380   _MCBSP_xrdy
000028f8   __IRQ_dispatchTable
00002830   __IRQ_eventTable
00002220   __IRQ_hookFetchPacket
000028b8   __IRQ_intTable
00002a48   __MCBSP_hDev0
00002a4c   __MCBSP_hDev1
00002a50   __MCBSP_hDev2
00000400   __STACK_SIZE
ffffffff   ___binit__
00000220   ___bss__
ffffffff   ___c_args__
00002eb8   ___cinit__
00000000   ___data__
00000000   ___edata__
00000220   ___end__
000023e0   ___etext__
ffffffff   ___pinit__
00000220   ___text__
000021e0   __args_main
00001880   __auto_init
00002988   __cleanup_ptr
0000298c   __dtors_ptr
00002aa0   __lock
000023a0   __nop
00002ab8   __stack
00001ea0   __strasg
00002aa4   __unlock
000023c0   _abort
000023e4   _bufindex
00000220   _c6416_dsk_init
00002140   _c_int00
000008e0   _c_int11
00000320   _comm_intr
000002f0   _comm_poll
000029d4   _config
000023e8   _cos_table
00001980   _exit
00002ab0   _fs
000027f8   _gain
000029fc   _hAIC23_handle
00000790   _input_left_sample
00000838   _input_right_sample
000006a4   _input_sample
00002ab4   _inputsource
000023e0   _loopindex
00002260   _main
00001c40   _memcpy
000023f8   _out_buffer
00000518   _output_left_sample
000005e0   _output_right_sample
00000410   _output_sample
00000020   _vector1
00000140   _vector10
00000180   _vector12
000001a0   _vector13
000001c0   _vector14
000001e0   _vector15
00000040   _vector2
00000060   _vector3
00000080   _vector4
000000a0   _vector5
000000c0   _vector6
000000e0   _vector7
00000100   _vector8
00000120   _vector9
00000000   _vectors
ffffffff   binit
00002eb8   cinit
00000000   edata
00000220   end
000023e0   etext
ffffffff   pinit


GLOBAL SYMBOLS: SORTED BY Symbol Address 

address    name
--------   ----
00000000   .data
00000000   ___data__
00000000   ___edata__
00000000   _vectors
00000000   edata
00000020   _vector1
00000040   _vector2
00000060   _vector3
00000080   _vector4
000000a0   _vector5
000000c0   _vector6
000000e0   _vector7
00000100   _vector8
00000120   _vector9
00000140   _vector10
00000180   _vector12
000001a0   _vector13
000001c0   _vector14
000001e0   _vector15
00000220   $bss
00000220   .bss
00000220   .text
00000220   ___bss__
00000220   ___end__
00000220   ___text__
00000220   _c6416_dsk_init
00000220   end
000002f0   _comm_poll
00000320   _comm_intr
00000400   __STACK_SIZE
00000410   _output_sample
00000518   _output_left_sample
000005e0   _output_right_sample
000006a4   _input_sample
00000790   _input_left_sample
00000838   _input_right_sample
000008e0   _c_int11
00000d20   _DSK6416_init
00000ef4   _DSK6416_rget
00000f24   _DSK6416_rset
00000f60   _DSK6416_wait
00000fc0   _DSK6416_waitusec
00001004   _DSK6416_getVersion
000010c0   _DSK6416_AIC23_openCodec
00001300   _DSK6416_AIC23_rset
00001408   _DSK6416_AIC23_rget
00001440   _DSK6416_AIC23_config
000014e0   _IRQ_map
000016c0   _MCBSP_reset
00001880   __auto_init
00001980   _exit
00001a80   _DSK6416_AIC23_setFreq
00001b60   _MCBSP_start
00001c40   _memcpy
00001d20   _MCBSP_config
00001de0   _MCBSP_open
00001ea0   __strasg
00001f60   _EMIFA_config
00002000   _EMIFB_config
00002140   _c_int00
000021a0   _IRQ_reset
000021e0   __args_main
00002220   __IRQ_hookFetchPacket
00002260   _main
00002280   _IRQ_enable
000022a0   _IRQ_globalDisable
000022c0   _IRQ_globalEnable
000022e0   _IRQ_nmiEnable
00002300   _MCBSP_getXmtEventId
00002320   _MCBSP_read
00002340   _MCBSP_rrdy
00002360   _MCBSP_write
00002380   _MCBSP_xrdy
000023a0   __nop
000023c0   C$$EXIT
000023c0   _abort
000023e0   ___etext__
000023e0   _loopindex
000023e0   etext
000023e4   _bufindex
000023e8   _cos_table
000023f8   _out_buffer
000027f8   _gain
000027fa   _DSK6416_version
00002830   __IRQ_eventTable
000028b8   __IRQ_intTable
000028f8   __IRQ_dispatchTable
00002988   __cleanup_ptr
0000298c   __dtors_ptr
00002990   _AIC_data
0000299c   _AIC23CfgData
000029d4   _config
000029fc   _hAIC23_handle
00002a48   __MCBSP_hDev0
00002a4c   __MCBSP_hDev1
00002a50   __MCBSP_hDev2
00002aa0   __lock
00002aa4   __unlock
00002aa8   _DSK6416_AIC23_codeccontrolhandle
00002aac   _DSK6416_AIC23_codecdatahandle
00002ab0   _fs
00002ab4   _inputsource
00002ab8   __stack
00002eb8   ___cinit__
00002eb8   cinit
ffffffff   ___binit__
ffffffff   ___c_args__
ffffffff   ___pinit__
ffffffff   binit
ffffffff   pinit

[110 symbols]
