******************************************************************************
          TMS320C6x COFF Linker PC v6.0.8                      
******************************************************************************
>> Linked Fri May 23 15:55:29 2014

OUTPUT FILE NAME:   <./Debug/dsp_lab.out>
ENTRY POINT SYMBOL: "_c_int00"  address: 0000f340


MEMORY CONFIGURATION

         name            origin    length      used     unused   attr    fill
----------------------  --------  ---------  --------  --------  ----  --------
  IVECS                 00000000   00000220  00000200  00000020  RWIX
  IRAM                  00000220   0002fde0  00015486  0001a95a  RWIX
  SDRAM                 80000000   00100000  00000000  00100000  RWIX
  FLASH                 90000000   00020000  00000000  00020000  RWIX


SECTION ALLOCATION MAP

 output                                  attributes/
section   page    origin      length       input sections
--------  ----  ----------  ----------   ----------------
.EXT_RAM   0    80000000    00000000     UNINITIALIZED

.data      0    00000000    00000000     UNINITIALIZED

.vectors   0    00000000    00000200     
                  00000000    00000200     Vectors_intr.obj (.vectors)

.bss       0    00000220    00000000     UNINITIALIZED

.cio       0    00000220    00000000     UNINITIALIZED

.csldata   0    00000220    00000000     UNINITIALIZED

.sysmem    0    00000220    00000000     UNINITIALIZED

.stack     0    00000220    00008000     UNINITIALIZED
                  00000220    00000008     rts6400.lib : boot.obj (.stack)

.text      0    00008220    000074e0     
                  00008220    00000c40     rts6400.lib : pow.obj (.text:_pow)
                  00008e60    00000a40     ifft.obj (.text)
                  000098a0    000009e0     fft.obj (.text)
                  0000a280    00000920     conv.obj (.text)
                  0000aba0    000006c0     c6416dskinit.obj (.text)
                  0000b260    000004c0     rts6400.lib : cos.obj (.text:_cos)
                  0000b720    00000460                 : sin.obj (.text:_sin)
                  0000bb80    000003c0                 : log.obj (.text:_log)
                  0000bf40    000003a0     dsk6416bsl.lib : dsk6416.obj (.text)
                  0000c2e0    00000320     rts6400.lib : frcdivd.obj (.text:__frcdivd)
                  0000c600    00000280     complexe_oper_lib.obj (.text)
                  0000c880    00000260     rts6400.lib : ldexp.obj (.text:_ldexp)
                  0000cae0    00000240     dsk6416bsl.lib : dsk6416_aic23_opencodec.obj (.text)
                  0000cd20    00000240     rts6400.lib : frcaddd.obj (.text:__frcaddd)
                  0000cf60    000001e0     dsk6416bsl.lib : dsk6416_aic23_registers.obj (.text)
                  0000d140    000001e0     csl6416.lib : csl_irq.obj (.text:_IRQ_map)
                  0000d320    000001c0                 : csl_mcbsp.obj (.text:_MCBSP_reset)
                  0000d4e0    000001c0     rts6400.lib : divd.obj (.text:__divd)
                  0000d6a0    000001c0                 : mpyd.obj (.text:__mpyd)
                  0000d860    000001c0                 : frexp.obj (.text:_frexp)
                  0000da20    00000180                 : addf.obj (.text:__addf)
                  0000dba0    00000160                 : addd.obj (.text:__addd)
                  0000dd00    00000160                 : divf.obj (.text:__divf)
                  0000de60    00000160                 : frcdivf.obj (.text:__frcdivf)
                  0000dfc0    00000160                 : mpyf.obj (.text:__mpyf)
                  0000e120    00000160                 : round.obj (.text:__round)
                  0000e280    00000120                 : frcmpyd.obj (.text:__frcmpyd)
                  0000e3a0    00000100                 : autoinit.obj (.text:__auto_init)
                  0000e4a0    00000100                 : divi.obj (.text:__divi)
                  0000e5a0    00000100                 : strasg.obj (.text:__strasgi)
                  0000e6a0    00000100                 : exit.obj (.text:_exit)
                  0000e7a0    000000e0     dsk6416bsl.lib : dsk6416_aic23_setfreq.obj (.text)
                  0000e880    000000e0     csl6416.lib : csl_mcbsp.obj (.text:_MCBSP_start)
                  0000e960    000000e0     rts6400.lib : memcpy64.obj (.text:_memcpy)
                  0000ea40    000000e0                 : modf.obj (.text:_modf)
                  0000eb20    000000c0     csl6416.lib : csl_mcbsp.obj (.text:_MCBSP_config)
                  0000ebe0    000000c0                 : csl_mcbsp.obj (.text:_MCBSP_open)
                  0000eca0    000000c0     rts6400.lib : remi.obj (.text:__remi)
                  0000ed60    000000c0                 : strasg.obj (.text:__strasg)
                  0000ee20    000000a0     csl6416.lib : csl_emifa.obj (.text:_EMIFA_config)
                  0000eec0    000000a0                 : csl_emifb.obj (.text:_EMIFB_config)
                  0000ef60    000000a0     rts6400.lib : cmpd.obj (.text:__cmpd)
                  0000f000    000000a0                 : cvtdf.obj (.text:__cvtdf)
                  0000f0a0    000000a0                 : fixdi.obj (.text:__fixdi)
                  0000f140    000000a0                 : renormd.obj (.text:_renormd)
                  0000f1e0    000000a0     csl6416.lib : csl_irq.obj (.text:_setMux)
                  0000f280    00000060     rts6400.lib : fltid.obj (.text:__fltid)
                  0000f2e0    00000060                 : fltif.obj (.text:__fltif)
                  0000f340    00000060                 : boot.obj (.text:_c_int00)
                  0000f3a0    00000040     csl6416.lib : csl_irq.obj (.text:_IRQ_reset)
                  0000f3e0    00000040     rts6400.lib : args_main.obj (.text:__args_main)
                  0000f420    00000040                 : frcmpyf.obj (.text:__frcmpyf)
                  0000f460    00000040                 : negd.obj (.text:__negd)
                  0000f4a0    00000040                 : subd.obj (.text:__subd)
                  0000f4e0    00000040                 : subf.obj (.text:__subf)
                  0000f520    00000020     csl6416.lib : csl_irq.obj (.text)
                  0000f540    00000020     Vectors_intr.obj (.text)
                  0000f560    00000020     dsp_lab.obj (.text)
                  0000f580    00000020     csl6416.lib : csl_irq.obj (.text:_IRQ_enable)
                  0000f5a0    00000020                 : csl_irq.obj (.text:_IRQ_globalDisable)
                  0000f5c0    00000020                 : csl_irq.obj (.text:_IRQ_globalEnable)
                  0000f5e0    00000020                 : csl_irq.obj (.text:_IRQ_nmiEnable)
                  0000f600    00000020                 : csl_mcbsp.obj (.text:_MCBSP_getXmtEventId)
                  0000f620    00000020                 : csl_mcbsp.obj (.text:_MCBSP_read)
                  0000f640    00000020                 : csl_mcbsp.obj (.text:_MCBSP_rrdy)
                  0000f660    00000020                 : csl_mcbsp.obj (.text:_MCBSP_write)
                  0000f680    00000020                 : csl_mcbsp.obj (.text:_MCBSP_xrdy)
                  0000f6a0    00000020     rts6400.lib : _lock.obj (.text:__nop)
                  0000f6c0    00000020                 : trunc.obj (.text:__trunc)
                  0000f6e0    00000020                 : exit.obj (.text:_abort)

.const     0    0000f700    00005600     
                  0000f700    000044d0     conv.obj (.const)
                  00013bd0    00000c00     fft.obj (.const)
                  000147d0    00000400     ifft.obj (.const)
                  00014bd0    000000c0     dsk6416bsl.lib : dsk6416.obj (.const)
                  00014c90    00000070                    : dsk6416_aic23_opencodec.obj (.const)

.cinit     0    00014d00    0000050c     
                  00014d00    00000140     rts6400.lib : pow.obj (.cinit)
                  00014e40    0000012c     csl6416.lib : csl_irq.obj (.cinit)
                  00014f6c    00000004     --HOLE-- [fill = 0]
                  00014f70    0000007c                 : csl_mcbsp.obj (.cinit)
                  00014fec    00000004     --HOLE-- [fill = 0]
                  00014ff0    00000070     c6416dskinit.obj (.cinit)
                  00015060    00000048     rts6400.lib : sin.obj (.cinit)
                  000150a8    00000048                 : cos.obj (.cinit)
                  000150f0    00000040                 : log.obj (.cinit)
                  00015130    00000030     dsk6416bsl.lib : dsk6416_aic23_registers.obj (.cinit)
                  00015160    0000002c     rts6400.lib : exit.obj (.cinit)
                  0001518c    00000004     --HOLE-- [fill = 0]
                  00015190    00000028     dsk6416bsl.lib : dsk6416_aic23_setfreq.obj (.cinit)
                  000151b8    0000001c     rts6400.lib : _lock.obj (.cinit)
                  000151d4    00000004     --HOLE-- [fill = 0]
                  000151d8    0000001a     dsp_lab.obj (.cinit)
                  000151f2    00000006     --HOLE-- [fill = 0]
                  000151f8    0000000c     rts6400.lib : errno.obj (.cinit)
                  00015204    00000008     --HOLE-- [fill = 0]

.far       0    00015210    0000048a     UNINITIALIZED
                  00015210    00000120     rts6400.lib : pow.obj (.far)
                  00015330    00000100     csl6416.lib : csl_irq.obj (.far)
                  00015430    00000090     rts6400.lib : exit.obj (.far)
                  000154c0    00000070     c6416dskinit.obj (.far)
                  00015530    00000054     csl6416.lib : csl_mcbsp.obj (.far)
                  00015584    00000004     rts6400.lib : errno.obj (.far)
                  00015588    00000040                 : sin.obj (.far)
                  000155c8    00000040                 : cos.obj (.far)
                  00015608    00000030                 : log.obj (.far)
                  00015638    00000028     dsk6416bsl.lib : dsk6416_aic23_registers.obj (.far)
                  00015660    00000020                    : dsk6416_aic23_setfreq.obj (.far)
                  00015680    00000008     rts6400.lib : _lock.obj (.far)
                  00015688    00000008     dsk6416bsl.lib : dsk6416_aic23_opencodec.obj (.far)
                  00015690    00000006     dsp_lab.obj (.far)
                  00015696    00000004     dsk6416bsl.lib : dsk6416.obj (.far)

.switch    0    0001569c    00000010     
                  0001569c    00000010     rts6400.lib : frcdivd.obj (.switch)


GLOBAL SYMBOLS: SORTED ALPHABETICALLY BY Name 

address    name
--------   ----
00000220   $bss
00000220   .bss
00000000   .data
00008220   .text
0000f6e0   C$$EXIT
000154cc   _AIC23CfgData
000154c0   _AIC_data
00015688   _DSK6416_AIC23_codeccontrolhandle
0001568c   _DSK6416_AIC23_codecdatahandle
0000d0a0   _DSK6416_AIC23_config
0000cae0   _DSK6416_AIC23_openCodec
0000d068   _DSK6416_AIC23_rget
0000cf60   _DSK6416_AIC23_rset
0000e7a0   _DSK6416_AIC23_setFreq
0000c224   _DSK6416_getVersion
0000bf40   _DSK6416_init
0000c114   _DSK6416_rget
0000c144   _DSK6416_rset
00015696   _DSK6416_version
0000c180   _DSK6416_wait
0000c1e0   _DSK6416_waitusec
0000ee20   _EMIFA_config
0000eec0   _EMIFB_config
0000f580   _IRQ_enable
0000f5a0   _IRQ_globalDisable
0000f5c0   _IRQ_globalEnable
0000d140   _IRQ_map
0000f5e0   _IRQ_nmiEnable
0000f3a0   _IRQ_reset
0000eb20   _MCBSP_config
0000f600   _MCBSP_getXmtEventId
0000ebe0   _MCBSP_open
0000f620   _MCBSP_read
0000d320   _MCBSP_reset
0000f640   _MCBSP_rrdy
0000e880   _MCBSP_start
0000f660   _MCBSP_write
0000f680   _MCBSP_xrdy
00015428   __IRQ_dispatchTable
00015360   __IRQ_eventTable
0000f520   __IRQ_hookFetchPacket
000153e8   __IRQ_intTable
00015578   __MCBSP_hDev0
0001557c   __MCBSP_hDev1
00015580   __MCBSP_hDev2
00008000   __STACK_SIZE
ffffffff   ___binit__
00000220   ___bss__
ffffffff   ___c_args__
00014d00   ___cinit__
00000000   ___data__
00000000   ___edata__
00000220   ___end__
0000f700   ___etext__
ffffffff   ___pinit__
00008220   ___text__
0000dba0   __addd
0000da20   __addf
0000f3e0   __args_main
0000e3a0   __auto_init
000154b8   __cleanup_ptr
0000ef60   __cmpd
0000f000   __cvtdf
0000d4e0   __divd
0000dd00   __divf
0000e4a0   __divi
000154bc   __dtors_ptr
0000f0a0   __fixdi
0000f280   __fltid
0000f2e0   __fltif
0000cd20   __frcaddd
0000c2e0   __frcdivd
0000de60   __frcdivf
0000e280   __frcmpyd
0000f420   __frcmpyf
00015680   __lock
0000d6a0   __mpyd
0000dfc0   __mpyf
0000f460   __negd
0000f6a0   __nop
0000eca0   __remi
0000e120   __round
00000220   __stack
0000ed60   __strasg
0000e5a0   __strasgi
0000f4a0   __subd
0000f4e0   __subf
0000f6c0   __trunc
00015684   __unlock
0000f6e0   _abort
0000c600   _add_complexe_complexe
0000aba0   _c6416_dsk_init
0000f340   _c_int00
0000a280   _c_int11
0000aca0   _comm_intr
0000ac70   _comm_poll
00015504   _config
0000b260   _cos
0000c7d8   _div_complexe_factor
00015584   _errno
0000e6a0   _exit
000098a0   _fft
0000d860   _frexp
00015690   _fs
0001552c   _hAIC23_handle
00008e60   _ifft
0000b110   _input_left_sample
0000b1b8   _input_right_sample
0000b024   _input_sample
00015694   _inputsource
0000c880   _ldexp
0000bb80   _log
0000f560   _main
0000e960   _memcpy
0000ea40   _modf
0000c678   _mult_complexe_complexe
0000ae98   _output_left_sample
0000af60   _output_right_sample
0000ad90   _output_sample
00008220   _pow
0000f140   _renormd
0000b720   _sin
0000c760   _sous_complexe_complexe
00000020   _vector1
00000140   _vector10
00000180   _vector12
000001a0   _vector13
000001c0   _vector14
000001e0   _vector15
00000040   _vector2
00000060   _vector3
00000080   _vector4
000000a0   _vector5
000000c0   _vector6
000000e0   _vector7
00000100   _vector8
00000120   _vector9
00000000   _vectors
ffffffff   binit
00014d00   cinit
00000000   edata
00000220   end
0000f700   etext
ffffffff   pinit


GLOBAL SYMBOLS: SORTED BY Symbol Address 

address    name
--------   ----
00000000   .data
00000000   ___data__
00000000   ___edata__
00000000   _vectors
00000000   edata
00000020   _vector1
00000040   _vector2
00000060   _vector3
00000080   _vector4
000000a0   _vector5
000000c0   _vector6
000000e0   _vector7
00000100   _vector8
00000120   _vector9
00000140   _vector10
00000180   _vector12
000001a0   _vector13
000001c0   _vector14
000001e0   _vector15
00000220   $bss
00000220   .bss
00000220   ___bss__
00000220   ___end__
00000220   __stack
00000220   end
00008000   __STACK_SIZE
00008220   .text
00008220   ___text__
00008220   _pow
00008e60   _ifft
000098a0   _fft
0000a280   _c_int11
0000aba0   _c6416_dsk_init
0000ac70   _comm_poll
0000aca0   _comm_intr
0000ad90   _output_sample
0000ae98   _output_left_sample
0000af60   _output_right_sample
0000b024   _input_sample
0000b110   _input_left_sample
0000b1b8   _input_right_sample
0000b260   _cos
0000b720   _sin
0000bb80   _log
0000bf40   _DSK6416_init
0000c114   _DSK6416_rget
0000c144   _DSK6416_rset
0000c180   _DSK6416_wait
0000c1e0   _DSK6416_waitusec
0000c224   _DSK6416_getVersion
0000c2e0   __frcdivd
0000c600   _add_complexe_complexe
0000c678   _mult_complexe_complexe
0000c760   _sous_complexe_complexe
0000c7d8   _div_complexe_factor
0000c880   _ldexp
0000cae0   _DSK6416_AIC23_openCodec
0000cd20   __frcaddd
0000cf60   _DSK6416_AIC23_rset
0000d068   _DSK6416_AIC23_rget
0000d0a0   _DSK6416_AIC23_config
0000d140   _IRQ_map
0000d320   _MCBSP_reset
0000d4e0   __divd
0000d6a0   __mpyd
0000d860   _frexp
0000da20   __addf
0000dba0   __addd
0000dd00   __divf
0000de60   __frcdivf
0000dfc0   __mpyf
0000e120   __round
0000e280   __frcmpyd
0000e3a0   __auto_init
0000e4a0   __divi
0000e5a0   __strasgi
0000e6a0   _exit
0000e7a0   _DSK6416_AIC23_setFreq
0000e880   _MCBSP_start
0000e960   _memcpy
0000ea40   _modf
0000eb20   _MCBSP_config
0000ebe0   _MCBSP_open
0000eca0   __remi
0000ed60   __strasg
0000ee20   _EMIFA_config
0000eec0   _EMIFB_config
0000ef60   __cmpd
0000f000   __cvtdf
0000f0a0   __fixdi
0000f140   _renormd
0000f280   __fltid
0000f2e0   __fltif
0000f340   _c_int00
0000f3a0   _IRQ_reset
0000f3e0   __args_main
0000f420   __frcmpyf
0000f460   __negd
0000f4a0   __subd
0000f4e0   __subf
0000f520   __IRQ_hookFetchPacket
0000f560   _main
0000f580   _IRQ_enable
0000f5a0   _IRQ_globalDisable
0000f5c0   _IRQ_globalEnable
0000f5e0   _IRQ_nmiEnable
0000f600   _MCBSP_getXmtEventId
0000f620   _MCBSP_read
0000f640   _MCBSP_rrdy
0000f660   _MCBSP_write
0000f680   _MCBSP_xrdy
0000f6a0   __nop
0000f6c0   __trunc
0000f6e0   C$$EXIT
0000f6e0   _abort
0000f700   ___etext__
0000f700   etext
00014d00   ___cinit__
00014d00   cinit
00015360   __IRQ_eventTable
000153e8   __IRQ_intTable
00015428   __IRQ_dispatchTable
000154b8   __cleanup_ptr
000154bc   __dtors_ptr
000154c0   _AIC_data
000154cc   _AIC23CfgData
00015504   _config
0001552c   _hAIC23_handle
00015578   __MCBSP_hDev0
0001557c   __MCBSP_hDev1
00015580   __MCBSP_hDev2
00015584   _errno
00015680   __lock
00015684   __unlock
00015688   _DSK6416_AIC23_codeccontrolhandle
0001568c   _DSK6416_AIC23_codecdatahandle
00015690   _fs
00015694   _inputsource
00015696   _DSK6416_version
ffffffff   ___binit__
ffffffff   ___c_args__
ffffffff   ___pinit__
ffffffff   binit
ffffffff   pinit

[144 symbols]
