******************************************************************************
          TMS320C6x COFF Linker PC v6.0.8                      
******************************************************************************
>> Linked Fri Apr 25 15:13:02 2014

OUTPUT FILE NAME:   <./Debug/dsp_lab.out>
ENTRY POINT SYMBOL: "_c_int00"  address: 00002160


MEMORY CONFIGURATION

         name            origin    length      used     unused   attr    fill
----------------------  --------  ---------  --------  --------  ----  --------
  IVECS                 00000000   00000220  00000200  00000020  RWIX
  IRAM                  00000220   0002fde0  000034f2  0002c8ee  RWIX
  SDRAM                 80000000   00100000  00000000  00100000  RWIX
  FLASH                 90000000   00020000  00000000  00020000  RWIX


SECTION ALLOCATION MAP

 output                                  attributes/
section   page    origin      length       input sections
--------  ----  ----------  ----------   ----------------
.EXT_RAM   0    80000000    00000000     UNINITIALIZED

.data      0    00000000    00000000     UNINITIALIZED

.vectors   0    00000000    00000200     
                  00000000    00000200     Vectors_intr.obj (.vectors)

.bss       0    00000220    00000000     UNINITIALIZED

.cio       0    00000220    00000000     UNINITIALIZED

.csldata   0    00000220    00000000     UNINITIALIZED

.switch    0    00000220    00000000     UNINITIALIZED

.sysmem    0    00000220    00000000     UNINITIALIZED

.text      0    00000220    000021e0     
                  00000220    000006c0     c6416dskinit.obj (.text)
                  000008e0    00000460     input.obj (.text)
                  00000d40    000003a0     dsk6416bsl.lib : dsk6416.obj (.text)
                  000010e0    00000240                    : dsk6416_aic23_opencodec.obj (.text)
                  00001320    000001e0                    : dsk6416_aic23_registers.obj (.text)
                  00001500    000001e0     csl6416.lib : csl_irq.obj (.text:_IRQ_map)
                  000016e0    000001c0                 : csl_mcbsp.obj (.text:_MCBSP_reset)
                  000018a0    00000100     rts6400.lib : autoinit.obj (.text:__auto_init)
                  000019a0    00000100                 : exit.obj (.text:_exit)
                  00001aa0    000000e0     dsk6416bsl.lib : dsk6416_aic23_setfreq.obj (.text)
                  00001b80    000000e0     csl6416.lib : csl_mcbsp.obj (.text:_MCBSP_start)
                  00001c60    000000e0     rts6400.lib : memcpy64.obj (.text:_memcpy)
                  00001d40    000000c0     csl6416.lib : csl_mcbsp.obj (.text:_MCBSP_config)
                  00001e00    000000c0                 : csl_mcbsp.obj (.text:_MCBSP_open)
                  00001ec0    000000c0     rts6400.lib : strasg.obj (.text:__strasg)
                  00001f80    000000a0     csl6416.lib : csl_emifa.obj (.text:_EMIFA_config)
                  00002020    000000a0                 : csl_emifb.obj (.text:_EMIFB_config)
                  000020c0    000000a0                 : csl_irq.obj (.text:_setMux)
                  00002160    00000060     rts6400.lib : boot.obj (.text:_c_int00)
                  000021c0    00000040     csl6416.lib : csl_irq.obj (.text:_IRQ_reset)
                  00002200    00000040     rts6400.lib : args_main.obj (.text:__args_main)
                  00002240    00000020     csl6416.lib : csl_irq.obj (.text)
                  00002260    00000020     Vectors_intr.obj (.text)
                  00002280    00000020     dsp_lab.obj (.text)
                  000022a0    00000020     csl6416.lib : csl_irq.obj (.text:_IRQ_enable)
                  000022c0    00000020                 : csl_irq.obj (.text:_IRQ_globalDisable)
                  000022e0    00000020                 : csl_irq.obj (.text:_IRQ_globalEnable)
                  00002300    00000020                 : csl_irq.obj (.text:_IRQ_nmiEnable)
                  00002320    00000020                 : csl_mcbsp.obj (.text:_MCBSP_getXmtEventId)
                  00002340    00000020                 : csl_mcbsp.obj (.text:_MCBSP_read)
                  00002360    00000020                 : csl_mcbsp.obj (.text:_MCBSP_rrdy)
                  00002380    00000020                 : csl_mcbsp.obj (.text:_MCBSP_write)
                  000023a0    00000020                 : csl_mcbsp.obj (.text:_MCBSP_xrdy)
                  000023c0    00000020     rts6400.lib : _lock.obj (.text:__nop)
                  000023e0    00000020                 : exit.obj (.text:_abort)

.far       0    00002400    00000ac6     UNINITIALIZED
                  00002400    0000080e     input.obj (.far)
                  00002c10    00000100     csl6416.lib : csl_irq.obj (.far)
                  00002d10    00000090     rts6400.lib : exit.obj (.far)
                  00002da0    00000070     c6416dskinit.obj (.far)
                  00002e10    00000054     csl6416.lib : csl_mcbsp.obj (.far)
                  00002e64    00000028     dsk6416bsl.lib : dsk6416_aic23_registers.obj (.far)
                  00002e8c    00000004                    : dsk6416.obj (.far)
                  00002e90    00000020                    : dsk6416_aic23_setfreq.obj (.far)
                  00002eb0    00000008     rts6400.lib : _lock.obj (.far)
                  00002eb8    00000008     dsk6416bsl.lib : dsk6416_aic23_opencodec.obj (.far)
                  00002ec0    00000006     dsp_lab.obj (.far)

.stack     0    00002ec8    00000400     UNINITIALIZED
                  00002ec8    00000008     rts6400.lib : boot.obj (.stack)

.cinit     0    000032c8    0000031c     
                  000032c8    0000012c     csl6416.lib : csl_irq.obj (.cinit)
                  000033f4    00000004     --HOLE-- [fill = 0]
                  000033f8    0000007c                 : csl_mcbsp.obj (.cinit)
                  00003474    00000004     --HOLE-- [fill = 0]
                  00003478    00000070     c6416dskinit.obj (.cinit)
                  000034e8    00000030     dsk6416bsl.lib : dsk6416_aic23_registers.obj (.cinit)
                  00003518    0000002c     rts6400.lib : exit.obj (.cinit)
                  00003544    00000004     --HOLE-- [fill = 0]
                  00003548    0000002a     input.obj (.cinit)
                  00003572    00000006     --HOLE-- [fill = 0]
                  00003578    00000028     dsk6416bsl.lib : dsk6416_aic23_setfreq.obj (.cinit)
                  000035a0    0000001c     rts6400.lib : _lock.obj (.cinit)
                  000035bc    00000004     --HOLE-- [fill = 0]
                  000035c0    0000001a     dsp_lab.obj (.cinit)
                  000035da    0000000a     --HOLE-- [fill = 0]

.const     0    000035e4    00000130     
                  000035e4    000000c0     dsk6416bsl.lib : dsk6416.obj (.const)
                  000036a4    00000070                    : dsk6416_aic23_opencodec.obj (.const)


GLOBAL SYMBOLS: SORTED ALPHABETICALLY BY Name 

address    name
--------   ----
00000220   $bss
00000220   .bss
00000000   .data
00000220   .text
000023e0   C$$EXIT
00002dac   _AIC23CfgData
00002da0   _AIC_data
00002eb8   _DSK6416_AIC23_codeccontrolhandle
00002ebc   _DSK6416_AIC23_codecdatahandle
00001460   _DSK6416_AIC23_config
000010e0   _DSK6416_AIC23_openCodec
00001428   _DSK6416_AIC23_rget
00001320   _DSK6416_AIC23_rset
00001aa0   _DSK6416_AIC23_setFreq
00001024   _DSK6416_getVersion
00000d40   _DSK6416_init
00000f14   _DSK6416_rget
00000f44   _DSK6416_rset
00002e8c   _DSK6416_version
00000f80   _DSK6416_wait
00000fe0   _DSK6416_waitusec
00001f80   _EMIFA_config
00002020   _EMIFB_config
000022a0   _IRQ_enable
000022c0   _IRQ_globalDisable
000022e0   _IRQ_globalEnable
00001500   _IRQ_map
00002300   _IRQ_nmiEnable
000021c0   _IRQ_reset
00001d40   _MCBSP_config
00002320   _MCBSP_getXmtEventId
00001e00   _MCBSP_open
00002340   _MCBSP_read
000016e0   _MCBSP_reset
00002360   _MCBSP_rrdy
00001b80   _MCBSP_start
00002380   _MCBSP_write
000023a0   _MCBSP_xrdy
00002d08   __IRQ_dispatchTable
00002c40   __IRQ_eventTable
00002240   __IRQ_hookFetchPacket
00002cc8   __IRQ_intTable
00002e58   __MCBSP_hDev0
00002e5c   __MCBSP_hDev1
00002e60   __MCBSP_hDev2
00000400   __STACK_SIZE
ffffffff   ___binit__
00000220   ___bss__
ffffffff   ___c_args__
000032c8   ___cinit__
00000000   ___data__
00000000   ___edata__
00000220   ___end__
00002400   ___etext__
ffffffff   ___pinit__
00000220   ___text__
00002200   __args_main
000018a0   __auto_init
00002d98   __cleanup_ptr
00002d9c   __dtors_ptr
00002eb0   __lock
000023c0   __nop
00002ec8   __stack
00001ec0   __strasg
00002eb4   __unlock
000023e0   _abort
00000220   _c6416_dsk_init
00002160   _c_int00
000008e0   _c_int11
00000320   _comm_intr
000002f0   _comm_poll
00002de4   _config
000019a0   _exit
00002ec0   _fs
00002c0c   _gain
00002e0c   _hAIC23_handle
00000790   _input_left_sample
00000838   _input_right_sample
000006a4   _input_sample
00002808   _inputbuffer
00002c08   _inputbuffindex
00002ec4   _inputsource
00002280   _main
00001c60   _memcpy
00000518   _output_left_sample
000005e0   _output_right_sample
00000410   _output_sample
00002400   _outputbuffer
00002800   _outputbuffindex
00000020   _vector1
00000140   _vector10
00000180   _vector12
000001a0   _vector13
000001c0   _vector14
000001e0   _vector15
00000040   _vector2
00000060   _vector3
00000080   _vector4
000000a0   _vector5
000000c0   _vector6
000000e0   _vector7
00000100   _vector8
00000120   _vector9
00000000   _vectors
ffffffff   binit
000032c8   cinit
00000000   edata
00000220   end
00002400   etext
ffffffff   pinit


GLOBAL SYMBOLS: SORTED BY Symbol Address 

address    name
--------   ----
00000000   .data
00000000   ___data__
00000000   ___edata__
00000000   _vectors
00000000   edata
00000020   _vector1
00000040   _vector2
00000060   _vector3
00000080   _vector4
000000a0   _vector5
000000c0   _vector6
000000e0   _vector7
00000100   _vector8
00000120   _vector9
00000140   _vector10
00000180   _vector12
000001a0   _vector13
000001c0   _vector14
000001e0   _vector15
00000220   $bss
00000220   .bss
00000220   .text
00000220   ___bss__
00000220   ___end__
00000220   ___text__
00000220   _c6416_dsk_init
00000220   end
000002f0   _comm_poll
00000320   _comm_intr
00000400   __STACK_SIZE
00000410   _output_sample
00000518   _output_left_sample
000005e0   _output_right_sample
000006a4   _input_sample
00000790   _input_left_sample
00000838   _input_right_sample
000008e0   _c_int11
00000d40   _DSK6416_init
00000f14   _DSK6416_rget
00000f44   _DSK6416_rset
00000f80   _DSK6416_wait
00000fe0   _DSK6416_waitusec
00001024   _DSK6416_getVersion
000010e0   _DSK6416_AIC23_openCodec
00001320   _DSK6416_AIC23_rset
00001428   _DSK6416_AIC23_rget
00001460   _DSK6416_AIC23_config
00001500   _IRQ_map
000016e0   _MCBSP_reset
000018a0   __auto_init
000019a0   _exit
00001aa0   _DSK6416_AIC23_setFreq
00001b80   _MCBSP_start
00001c60   _memcpy
00001d40   _MCBSP_config
00001e00   _MCBSP_open
00001ec0   __strasg
00001f80   _EMIFA_config
00002020   _EMIFB_config
00002160   _c_int00
000021c0   _IRQ_reset
00002200   __args_main
00002240   __IRQ_hookFetchPacket
00002280   _main
000022a0   _IRQ_enable
000022c0   _IRQ_globalDisable
000022e0   _IRQ_globalEnable
00002300   _IRQ_nmiEnable
00002320   _MCBSP_getXmtEventId
00002340   _MCBSP_read
00002360   _MCBSP_rrdy
00002380   _MCBSP_write
000023a0   _MCBSP_xrdy
000023c0   __nop
000023e0   C$$EXIT
000023e0   _abort
00002400   ___etext__
00002400   _outputbuffer
00002400   etext
00002800   _outputbuffindex
00002808   _inputbuffer
00002c08   _inputbuffindex
00002c0c   _gain
00002c40   __IRQ_eventTable
00002cc8   __IRQ_intTable
00002d08   __IRQ_dispatchTable
00002d98   __cleanup_ptr
00002d9c   __dtors_ptr
00002da0   _AIC_data
00002dac   _AIC23CfgData
00002de4   _config
00002e0c   _hAIC23_handle
00002e58   __MCBSP_hDev0
00002e5c   __MCBSP_hDev1
00002e60   __MCBSP_hDev2
00002e8c   _DSK6416_version
00002eb0   __lock
00002eb4   __unlock
00002eb8   _DSK6416_AIC23_codeccontrolhandle
00002ebc   _DSK6416_AIC23_codecdatahandle
00002ec0   _fs
00002ec4   _inputsource
00002ec8   __stack
000032c8   ___cinit__
000032c8   cinit
ffffffff   ___binit__
ffffffff   ___c_args__
ffffffff   ___pinit__
ffffffff   binit
ffffffff   pinit

[110 symbols]
