******************************************************************************
          TMS320C6x COFF Linker PC v6.0.8                      
******************************************************************************
>> Linked Fri May 16 14:36:15 2014

OUTPUT FILE NAME:   <./Debug/dsp_lab.out>
ENTRY POINT SYMBOL: "_c_int00"  address: 000025c0


MEMORY CONFIGURATION

         name            origin    length      used     unused   attr    fill
----------------------  --------  ---------  --------  --------  ----  --------
  IVECS                 00000000   00000220  00000200  00000020  RWIX
  IRAM                  00000220   0002fde0  00002c4c  0002d194  RWIX
  SDRAM                 80000000   00100000  00000000  00100000  RWIX
  FLASH                 90000000   00020000  00000000  00020000  RWIX


SECTION ALLOCATION MAP

 output                                  attributes/
section   page    origin      length       input sections
--------  ----  ----------  ----------   ----------------
.EXT_RAM   0    80000000    00000000     UNINITIALIZED

.data      0    00000000    00000000     UNINITIALIZED

.vectors   0    00000000    00000200     
                  00000000    00000200     Vectors_poll.obj (.vectors)

.bss       0    00000220    00000000     UNINITIALIZED

.cio       0    00000220    00000000     UNINITIALIZED

.const     0    00000220    00000000     UNINITIALIZED

.csldata   0    00000220    00000000     UNINITIALIZED

.sysmem    0    00000220    00000000     UNINITIALIZED

.text      0    00000220    00002540     
                  00000220    00000660     dft.obj (.text)
                  00000880    000004c0     rts6400.lib : cos.obj (.text:_cos)
                  00000d40    00000460                 : sin.obj (.text:_sin)
                  000011a0    00000320                 : frcdivd.obj (.text:__frcdivd)
                  000014c0    00000240                 : frcaddd.obj (.text:__frcaddd)
                  00001700    000001c0                 : divd.obj (.text:__divd)
                  000018c0    000001c0                 : mpyd.obj (.text:__mpyd)
                  00001a80    00000160                 : addd.obj (.text:__addd)
                  00001be0    00000160                 : round.obj (.text:__round)
                  00001d40    00000120                 : frcmpyd.obj (.text:__frcmpyd)
                  00001e60    00000100                 : autoinit.obj (.text:__auto_init)
                  00001f60    00000100                 : exit.obj (.text:_exit)
                  00002060    000000e0                 : memcpy64.obj (.text:_memcpy)
                  00002140    000000e0                 : modf.obj (.text:_modf)
                  00002220    000000a0                 : cmpd.obj (.text:__cmpd)
                  000022c0    000000a0                 : cvtdf.obj (.text:__cvtdf)
                  00002360    000000a0                 : fixdi.obj (.text:__fixdi)
                  00002400    000000a0                 : renormd.obj (.text:_renormd)
                  000024a0    00000060                 : cvtfd.obj (.text:__cvtfd)
                  00002500    00000060                 : fltid.obj (.text:__fltid)
                  00002560    00000060                 : fltif.obj (.text:__fltif)
                  000025c0    00000060                 : boot.obj (.text:_c_int00)
                  00002620    00000040                 : args_main.obj (.text:__args_main)
                  00002660    00000040                 : negd.obj (.text:__negd)
                  000026a0    00000040                 : subd.obj (.text:__subd)
                  000026e0    00000020     Vectors_poll.obj (.text)
                  00002700    00000020     rts6400.lib : _lock.obj (.text:__nop)
                  00002720    00000020                 : trunc.obj (.text:__trunc)
                  00002740    00000020                 : exit.obj (.text:_abort)

.stack     0    00002760    00000400     UNINITIALIZED
                  00002760    00000008     rts6400.lib : boot.obj (.stack)

.far       0    00002b60    00000218     UNINITIALIZED
                  00002b60    00000100     dft.obj (.far)
                  00002c60    00000090     rts6400.lib : exit.obj (.far)
                  00002cf0    00000040                 : sin.obj (.far)
                  00002d30    00000040                 : cos.obj (.far)
                  00002d70    00000008                 : _lock.obj (.far)

.cinit     0    00002d78    000000e4     
                  00002d78    00000048     rts6400.lib : cos.obj (.cinit)
                  00002dc0    00000048                 : sin.obj (.cinit)
                  00002e08    0000002c                 : exit.obj (.cinit)
                  00002e34    00000004     --HOLE-- [fill = 0]
                  00002e38    0000001c                 : _lock.obj (.cinit)
                  00002e54    00000008     --HOLE-- [fill = 0]

.switch    0    00002e5c    00000010     
                  00002e5c    00000010     rts6400.lib : frcdivd.obj (.switch)


GLOBAL SYMBOLS: SORTED ALPHABETICALLY BY Name 

address    name
--------   ----
00000220   $bss
00000220   .bss
00000000   .data
00000220   .text
00002740   C$$EXIT
00000400   __STACK_SIZE
ffffffff   ___binit__
00000220   ___bss__
ffffffff   ___c_args__
00002d78   ___cinit__
00000000   ___data__
00000000   ___edata__
00000220   ___end__
00002760   ___etext__
ffffffff   ___pinit__
00000220   ___text__
00001a80   __addd
00002620   __args_main
00001e60   __auto_init
00002ce8   __cleanup_ptr
00002220   __cmpd
000022c0   __cvtdf
000024a0   __cvtfd
00001700   __divd
00002cec   __dtors_ptr
00002360   __fixdi
00002500   __fltid
00002560   __fltif
000014c0   __frcaddd
000011a0   __frcdivd
00001d40   __frcmpyd
00002d70   __lock
000018c0   __mpyd
00002660   __negd
00002700   __nop
00001be0   __round
00002760   __stack
000026a0   __subd
00002720   __trunc
00002d74   __unlock
00002740   _abort
000025c0   _c_int00
00000880   _cos
00001f60   _exit
00002b60   _imag_buffer
00000220   _main
00002060   _memcpy
00002140   _modf
00002be0   _real_buffer
00002400   _renormd
00000d40   _sin
00000020   _vector1
00000140   _vector10
00000160   _vector11
00000180   _vector12
000001a0   _vector13
000001c0   _vector14
000001e0   _vector15
00000040   _vector2
00000060   _vector3
00000080   _vector4
000000a0   _vector5
000000c0   _vector6
000000e0   _vector7
00000100   _vector8
00000120   _vector9
00000000   _vectors
ffffffff   binit
00002d78   cinit
00000000   edata
00000220   end
00002760   etext
ffffffff   pinit


GLOBAL SYMBOLS: SORTED BY Symbol Address 

address    name
--------   ----
00000000   .data
00000000   ___data__
00000000   ___edata__
00000000   _vectors
00000000   edata
00000020   _vector1
00000040   _vector2
00000060   _vector3
00000080   _vector4
000000a0   _vector5
000000c0   _vector6
000000e0   _vector7
00000100   _vector8
00000120   _vector9
00000140   _vector10
00000160   _vector11
00000180   _vector12
000001a0   _vector13
000001c0   _vector14
000001e0   _vector15
00000220   $bss
00000220   .bss
00000220   .text
00000220   ___bss__
00000220   ___end__
00000220   ___text__
00000220   _main
00000220   end
00000400   __STACK_SIZE
00000880   _cos
00000d40   _sin
000011a0   __frcdivd
000014c0   __frcaddd
00001700   __divd
000018c0   __mpyd
00001a80   __addd
00001be0   __round
00001d40   __frcmpyd
00001e60   __auto_init
00001f60   _exit
00002060   _memcpy
00002140   _modf
00002220   __cmpd
000022c0   __cvtdf
00002360   __fixdi
00002400   _renormd
000024a0   __cvtfd
00002500   __fltid
00002560   __fltif
000025c0   _c_int00
00002620   __args_main
00002660   __negd
000026a0   __subd
00002700   __nop
00002720   __trunc
00002740   C$$EXIT
00002740   _abort
00002760   ___etext__
00002760   __stack
00002760   etext
00002b60   _imag_buffer
00002be0   _real_buffer
00002ce8   __cleanup_ptr
00002cec   __dtors_ptr
00002d70   __lock
00002d74   __unlock
00002d78   ___cinit__
00002d78   cinit
ffffffff   ___binit__
ffffffff   ___c_args__
ffffffff   ___pinit__
ffffffff   binit
ffffffff   pinit

[73 symbols]
