******************************************************************************
          TMS320C6x COFF Linker PC v6.0.8                      
******************************************************************************
>> Linked Fri May 30 17:41:02 2014

OUTPUT FILE NAME:   <./Debug/dsp_lab.out>
ENTRY POINT SYMBOL: "_c_int00"  address: 0000b1c0


MEMORY CONFIGURATION

         name            origin    length      used     unused   attr    fill
----------------------  --------  ---------  --------  --------  ----  --------
  IVECS                 00000000   00000220  00000000  00000220  RWIX
  IRAM                  00000220   0002fde0  0000d062  00022d7e  RWIX
  SDRAM                 80000000   00100000  00000000  00100000  RWIX
  FLASH                 90000000   00020000  00000000  00020000  RWIX


SECTION ALLOCATION MAP

 output                                  attributes/
section   page    origin      length       input sections
--------  ----  ----------  ----------   ----------------
.EXT_RAM   0    80000000    00000000     UNINITIALIZED

.data      0    00000000    00000000     UNINITIALIZED

.vectors   0    00000000    00000000     UNINITIALIZED

.bss       0    00000220    00000000     UNINITIALIZED

.csldata   0    00000220    00000000     UNINITIALIZED

.text      0    00000220    0000b300     
                  00000220    00000c40     rts6400.lib : pow.obj (.text:_pow)
                  00000e60    00000920     dsp_lab.obj (.text)
                  00001780    000005e0     c6416dskinit.obj (.text)
                  00001d60    000004c0     rts6400.lib : cos.obj (.text:_cos)
                  00002220    000004a0                 : _printfi.obj (.text:__setfield)
                  000026c0    00000460                 : sin.obj (.text:_sin)
                  00002b20    00000400                 : _printfi.obj (.text:__getarg_diouxp)
                  00002f20    000003e0                 : _printfi.obj (.text:__printfi)
                  00003300    000003e0                 : _printfi.obj (.text:_ecvt)
                  000036e0    000003c0                 : _printfi.obj (.text:__fcpy)
                  00003aa0    000003c0                 : _printfi.obj (.text:_fcvt)
                  00003e60    000003c0                 : log.obj (.text:_log)
                  00004220    000003a0     dsk6416bsl.lib : dsk6416.obj (.text)
                  000045c0    00000340     rts6400.lib : _printfi.obj (.text:__pconv_e)
                  00004900    00000340                 : _printfi.obj (.text:__pproc_fwp)
                  00004c40    00000320                 : frcdivd.obj (.text:__frcdivd)
                  00004f60    00000320                 : fputs.obj (.text:_fputs)
                  00005280    00000300                 : memory.obj (.text:_free)
                  00005580    00000280                 : imath64.obj (.text:__divull)
                  00005800    00000280                 : _printfi.obj (.text:__pproc_diouxp)
                  00005a80    00000260                 : _printfi.obj (.text:__pproc_str)
                  00005ce0    00000260                 : ldexp.obj (.text:_ldexp)
                  00005f40    00000240     dsk6416bsl.lib : dsk6416_aic23_opencodec.obj (.text)
                  00006180    00000240     rts6400.lib : frcaddd.obj (.text:__frcaddd)
                  000063c0    00000220                 : _printfi.obj (.text:__mcpy)
                  000065e0    00000200                 : trgdrv.obj (.text:_HOSTrename)
                  000067e0    000001e0     dsk6416bsl.lib : dsk6416_aic23_registers.obj (.text)
                  000069c0    000001e0     csl6416.lib : csl_irq.obj (.text:_IRQ_map)
                  00006ba0    000001e0     rts6400.lib : _printfi.obj (.text:__pproc_fge)
                  00006d80    000001e0                 : setvbuf.obj (.text:_setvbuf)
                  00006f60    000001c0     csl6416.lib : csl_mcbsp.obj (.text:_MCBSP_reset)
                  00007120    000001c0     rts6400.lib : divd.obj (.text:__divd)
                  000072e0    000001c0                 : imath40.obj (.text:__divul)
                  000074a0    000001c0                 : mpyd.obj (.text:__mpyd)
                  00007660    000001c0                 : _printfi.obj (.text:__pconv_g)
                  00007820    000001c0                 : frexp.obj (.text:_frexp)
                  000079e0    000001a0                 : memory.obj (.text:_malloc)
                  00007b80    00000180                 : addf.obj (.text:__addf)
                  00007d00    00000180                 : _printfi.obj (.text:__ltostr)
                  00007e80    00000160                 : addd.obj (.text:__addd)
                  00007fe0    00000160                 : round.obj (.text:__round)
                  00008140    00000160                 : fputc.obj (.text:_fputc)
                  000082a0    00000140                 : _printfi.obj (.text:__pproc_fflags)
                  000083e0    00000140                 : fclose.obj (.text:_fclose)
                  00008520    00000140                 : lowlev.obj (.text:_getdevice)
                  00008660    00000120                 : trgdrv.obj (.text:_HOSTlseek)
                  00008780    00000120                 : trgdrv.obj (.text:_HOSTopen)
                  000088a0    00000120                 : frcmpyd.obj (.text:__frcmpyd)
                  000089c0    00000120                 : atoi.obj (.text:_atoi)
                  00008ae0    00000100                 : autoinit.obj (.text:__auto_init)
                  00008be0    00000100                 : _printfi.obj (.text:__div)
                  00008ce0    00000100                 : _printfi.obj (.text:__pconv_f)
                  00008de0    00000100                 : _io_perm.obj (.text:__wrt_ok)
                  00008ee0    00000100                 : lowlev.obj (.text:_close)
                  00008fe0    00000100                 : exit.obj (.text:_exit)
                  000090e0    00000100                 : fseek.obj (.text:_fseek)
                  000091e0    00000100                 : lowlev.obj (.text:_lseek)
                  000092e0    00000100                 : ltoa.obj (.text:_ltoa)
                  000093e0    00000100                 : memset.obj (.text:_memset)
                  000094e0    00000100                 : lowlev.obj (.text:_write)
                  000095e0    000000e0     dsk6416bsl.lib : dsk6416_aic23_setfreq.obj (.text)
                  000096c0    000000e0     rts6400.lib : trgdrv.obj (.text:_HOSTread)
                  000097a0    000000e0                 : trgdrv.obj (.text:_HOSTunlink)
                  00009880    000000e0                 : trgdrv.obj (.text:_HOSTwrite)
                  00009960    000000e0     csl6416.lib : csl_mcbsp.obj (.text:_MCBSP_start)
                  00009a40    000000e0     rts6400.lib : fopen.obj (.text:__cleanup)
                  00009b20    000000e0                 : memcpy64.obj (.text:_memcpy)
                  00009c00    000000e0                 : modf.obj (.text:_modf)
                  00009ce0    000000c0                 : trgdrv.obj (.text:_HOSTclose)
                  00009da0    000000c0     csl6416.lib : csl_mcbsp.obj (.text:_MCBSP_config)
                  00009e60    000000c0                 : csl_mcbsp.obj (.text:_MCBSP_open)
                  00009f20    000000c0     rts6400.lib : imath40.obj (.text:__divli)
                  00009fe0    000000c0                 : divu.obj (.text:__divu)
                  0000a0a0    000000c0                 : fflush.obj (.text:__doflush)
                  0000a160    000000c0                 : _printfi.obj (.text:__ecpy)
                  0000a220    000000c0                 : remi.obj (.text:__remi)
                  0000a2e0    000000c0                 : strasg.obj (.text:__strasg)
                  0000a3a0    000000c0                 : memory.obj (.text:_minsert)
                  0000a460    000000c0                 : memory.obj (.text:_mremove)
                  0000a520    000000c0                 : trgmsg.obj (.text:_readmsg)
                  0000a5e0    000000c0                 : trgmsg.obj (.text:_writemsg)
                  0000a6a0    000000a0     csl6416.lib : csl_emifa.obj (.text:_EMIFA_config)
                  0000a740    000000a0                 : csl_emifb.obj (.text:_EMIFB_config)
                  0000a7e0    000000a0     rts6400.lib : cmpd.obj (.text:__cmpd)
                  0000a880    000000a0                 : cvtdf.obj (.text:__cvtdf)
                  0000a920    000000a0                 : fixdi.obj (.text:__fixdi)
                  0000a9c0    000000a0                 : fixdli.obj (.text:__fixdli)
                  0000aa60    000000a0                 : fltlid.obj (.text:__fltlid)
                  0000ab00    000000a0                 : mpyll.obj (.text:__mpyll)
                  0000aba0    000000a0                 : lowlev.obj (.text:_finddevice)
                  0000ac40    000000a0                 : renormd.obj (.text:_renormd)
                  0000ace0    000000a0     csl6416.lib : csl_irq.obj (.text:_setMux)
                  0000ad80    00000080     rts6400.lib : llshift.obj (.text:__llshl)
                  0000ae00    00000080                 : memccpy.obj (.text:_memccpy)
                  0000ae80    00000080                 : printf.obj (.text:_printf)
                  0000af00    00000080                 : lowlev.obj (.text:_unlink)
                  0000af80    00000060                 : cvtfd.obj (.text:__cvtfd)
                  0000afe0    00000060                 : fltid.obj (.text:__fltid)
                  0000b040    00000060                 : fltif.obj (.text:__fltif)
                  0000b0a0    00000060                 : llshift.obj (.text:__llshru)
                  0000b100    00000060                 : imath40.obj (.text:__remli)
                  0000b160    00000060                 : imath64.obj (.text:__subcull)
                  0000b1c0    00000060                 : boot.obj (.text:_c_int00)
                  0000b220    00000040                 : args_main.obj (.text:__args_main)
                  0000b260    00000040                 : negd.obj (.text:__negd)
                  0000b2a0    00000040                 : negf.obj (.text:__negf)
                  0000b2e0    00000040                 : subd.obj (.text:__subd)
                  0000b320    00000040                 : subf.obj (.text:__subf)
                  0000b360    00000040                 : log10.obj (.text:_log10)
                  0000b3a0    00000020     csl6416.lib : csl_irq.obj (.text)
                  0000b3c0    00000020                 : csl_mcbsp.obj (.text:_MCBSP_read)
                  0000b3e0    00000020                 : csl_mcbsp.obj (.text:_MCBSP_rrdy)
                  0000b400    00000020                 : csl_mcbsp.obj (.text:_MCBSP_write)
                  0000b420    00000020                 : csl_mcbsp.obj (.text:_MCBSP_xrdy)
                  0000b440    00000020     rts6400.lib : negll.obj (.text:__negll)
                  0000b460    00000020                 : _lock.obj (.text:__nop)
                  0000b480    00000020                 : printf.obj (.text:__outc)
                  0000b4a0    00000020                 : printf.obj (.text:__outs)
                  0000b4c0    00000020                 : trunc.obj (.text:__trunc)
                  0000b4e0    00000020                 : exit.obj (.text:_abort)
                  0000b500    00000020                 : remove.obj (.text:_remove)

.far       0    0000b520    00000bc8     UNINITIALIZED
                  0000b520    00000408     dsp_lab.obj (.far)
                  0000b928    00000194     rts6400.lib : defs.obj (.far)
                  0000babc    00000004                 : fopen.obj (.far)
                  0000bac0    00000120                 : pow.obj (.far)
                  0000bbe0    00000100     csl6416.lib : csl_irq.obj (.far)
                  0000bce0    000000d0     rts6400.lib : trgdrv.obj (.far)
                  0000bdb0    000000cc                 : lowlev.obj (.far)
                  0000be7c    00000004                 : errno.obj (.far)
                  0000be80    00000090                 : exit.obj (.far)
                  0000bf10    00000070     c6416dskinit.obj (.far)
                  0000bf80    00000054     csl6416.lib : csl_mcbsp.obj (.far)
                  0000bfd4    00000004     dsk6416bsl.lib : dsk6416.obj (.far)
                  0000bfd8    00000040     rts6400.lib : cos.obj (.far)
                  0000c018    00000040                 : sin.obj (.far)
                  0000c058    00000030                 : log.obj (.far)
                  0000c088    00000028     dsk6416bsl.lib : dsk6416_aic23_registers.obj (.far)
                  0000c0b0    00000020                    : dsk6416_aic23_setfreq.obj (.far)
                  0000c0d0    00000008     rts6400.lib : _lock.obj (.far)
                  0000c0d8    00000008                 : memory.obj (.far)
                  0000c0e0    00000008     dsk6416bsl.lib : dsk6416_aic23_opencodec.obj (.far)

.cinit     0    0000c0e8    0000060c     
                  0000c0e8    00000140     rts6400.lib : pow.obj (.cinit)
                  0000c228    0000012c     csl6416.lib : csl_irq.obj (.cinit)
                  0000c354    00000004     --HOLE-- [fill = 0]
                  0000c358    0000007c                 : csl_mcbsp.obj (.cinit)
                  0000c3d4    00000004     --HOLE-- [fill = 0]
                  0000c3d8    00000070     c6416dskinit.obj (.cinit)
                  0000c448    0000005c     rts6400.lib : defs.obj (.cinit)
                  0000c4a4    00000004     --HOLE-- [fill = 0]
                  0000c4a8    0000005c                 : lowlev.obj (.cinit)
                  0000c504    00000004     --HOLE-- [fill = 0]
                  0000c508    00000048                 : cos.obj (.cinit)
                  0000c550    00000048                 : sin.obj (.cinit)
                  0000c598    00000040                 : log.obj (.cinit)
                  0000c5d8    00000030     dsk6416bsl.lib : dsk6416_aic23_registers.obj (.cinit)
                  0000c608    0000002c     rts6400.lib : memory.obj (.cinit)
                  0000c634    00000004     --HOLE-- [fill = 0]
                  0000c638    0000002c                 : exit.obj (.cinit)
                  0000c664    00000004     --HOLE-- [fill = 0]
                  0000c668    00000028     dsk6416bsl.lib : dsk6416_aic23_setfreq.obj (.cinit)
                  0000c690    0000001c     rts6400.lib : _lock.obj (.cinit)
                  0000c6ac    00000004     --HOLE-- [fill = 0]
                  0000c6b0    0000001a     dsp_lab.obj (.cinit)
                  0000c6ca    00000006     --HOLE-- [fill = 0]
                  0000c6d0    0000000c     rts6400.lib : errno.obj (.cinit)
                  0000c6dc    00000004     --HOLE-- [fill = 0]
                  0000c6e0    0000000c                 : fopen.obj (.cinit)
                  0000c6ec    00000008     --HOLE-- [fill = 0]

.stack     0    0000c6f8    00000400     UNINITIALIZED
                  0000c6f8    00000008     rts6400.lib : boot.obj (.stack)

.sysmem    0    0000caf8    00000400     UNINITIALIZED
                  0000caf8    00000008     rts6400.lib : memory.obj (.sysmem)

.const     0    0000cef8    0000025e     
                  0000cef8    00000101     rts6400.lib : ctype.obj (.const)
                  0000cff9    00000002                 : fputs.obj (.const)
                  0000cffb    00000001     --HOLE-- [fill = 0]
                  0000cffc    000000c0     dsk6416bsl.lib : dsk6416.obj (.const)
                  0000d0bc    00000070                    : dsk6416_aic23_opencodec.obj (.const)
                  0000d12c    00000007     dsp_lab.obj (.const)
                  0000d133    00000023     rts6400.lib : _printfi.obj (.const)

.cio       0    0000d158    00000120     UNINITIALIZED
                  0000d158    00000120     rts6400.lib : trgmsg.obj (.cio)

.switch    0    0000d278    00000010     
                  0000d278    00000010     rts6400.lib : frcdivd.obj (.switch)


GLOBAL SYMBOLS: SORTED ALPHABETICALLY BY Name 

address    name
--------   ----
00000220   $bss
00000220   .bss
00000000   .data
00000220   .text
0000b4e0   C$$EXIT
0000a680   C$$IO$$
0000bf1c   _AIC23CfgData
0000bf10   _AIC_data
0000c0e0   _DSK6416_AIC23_codeccontrolhandle
0000c0e4   _DSK6416_AIC23_codecdatahandle
00006920   _DSK6416_AIC23_config
00005f40   _DSK6416_AIC23_openCodec
000068e8   _DSK6416_AIC23_rget
000067e0   _DSK6416_AIC23_rset
000095e0   _DSK6416_AIC23_setFreq
00004504   _DSK6416_getVersion
00004220   _DSK6416_init
000043f4   _DSK6416_rget
00004424   _DSK6416_rset
0000bfd4   _DSK6416_version
00004460   _DSK6416_wait
000044c0   _DSK6416_waitusec
0000a6a0   _EMIFA_config
0000a740   _EMIFB_config
00009ce0   _HOSTclose
00008660   _HOSTlseek
00008780   _HOSTopen
000096c0   _HOSTread
000065e0   _HOSTrename
000097a0   _HOSTunlink
00009880   _HOSTwrite
000069c0   _IRQ_map
00009da0   _MCBSP_config
00009e60   _MCBSP_open
0000b3c0   _MCBSP_read
00006f60   _MCBSP_reset
0000b3e0   _MCBSP_rrdy
00009960   _MCBSP_start
0000b400   _MCBSP_write
0000b420   _MCBSP_xrdy
0000d158   __CIOBUF_
0000bcd8   __IRQ_dispatchTable
0000bc10   __IRQ_eventTable
0000b3a0   __IRQ_hookFetchPacket
0000bc98   __IRQ_intTable
0000bfc8   __MCBSP_hDev0
0000bfcc   __MCBSP_hDev1
0000bfd0   __MCBSP_hDev2
00000400   __STACK_SIZE
00000400   __SYSMEM_SIZE
ffffffff   ___binit__
00000220   ___bss__
ffffffff   ___c_args__
0000c0e8   ___cinit__
00000000   ___data__
00000000   ___edata__
00000220   ___end__
0000b520   ___etext__
ffffffff   ___pinit__
00000220   ___text__
00007e80   __addd
00007b80   __addf
0000b220   __args_main
00008ae0   __auto_init
00009a40   __cleanup
0000bf08   __cleanup_ptr
0000a7e0   __cmpd
0000cef8   __ctypes_
0000a880   __cvtdf
0000af80   __cvtfd
00007120   __divd
00009f20   __divli
00009fe0   __divu
000072e0   __divul
00005580   __divull
0000a0a0   __doflush
0000bf0c   __dtors_ptr
0000a920   __fixdi
0000a9c0   __fixdli
0000afe0   __fltid
0000b040   __fltif
0000aa60   __fltlid
00006180   __frcaddd
00004c40   __frcdivd
000088a0   __frcmpyd
0000bab8   __ft_end
0000b928   __ftable
0000ad80   __llshl
0000b0a0   __llshru
0000c0d0   __lock
000074a0   __mpyd
0000ab00   __mpyll
0000b260   __negd
0000b2a0   __negf
0000b440   __negll
0000b460   __nop
00002f20   __printfi
0000a220   __remi
0000b100   __remli
00007fe0   __round
0000c6f8   __stack
0000a2e0   __strasg
0000b160   __subcull
0000b2e0   __subd
0000b320   __subf
0000caf8   __sys_memory
0000ba18   __tmpnams
0000b4c0   __trunc
0000c0d4   __unlock
00008de0   __wrt_ok
0000b4e0   _abort
000089c0   _atoi
00001ad4   _c6416_dsk_init
0000b1c0   _c_int00
00008ee0   _close
00001c80   _comm_intr
00001c58   _comm_poll
0000bf54   _config
00001d60   _cos
0000be7c   _errno
00008fe0   _exit
000083e0   _fclose
00008140   _fputc
00004f60   _fputs
00005280   _free
00007820   _frexp
0000b520   _fs
000090e0   _fseek
0000bf7c   _hAIC23_handle
00001a58   _input_left_sample
000019dc   _input_right_sample
00001948   _input_sample
0000b524   _inputsource
00005ce0   _ldexp
00003e60   _log
0000b360   _log10
000091e0   _lseek
000092e0   _ltoa
00000e60   _main
000079e0   _malloc
0000ae00   _memccpy
00009b20   _memcpy
000093e0   _memset
00009c00   _modf
000018b8   _output_left_sample
00001824   _output_right_sample
00001780   _output_sample
00000220   _pow
0000ae80   _printf
00008140   _putc
0000a520   _readmsg
0000b500   _remove
0000ac40   _renormd
0000b528   _results
00006d80   _setvbuf
000026c0   _sin
0000af00   _unlink
000094e0   _write
0000a5e0   _writemsg
0000b728   _x
ffffffff   binit
0000c0e8   cinit
00000000   edata
00000220   end
0000b520   etext
ffffffff   pinit


GLOBAL SYMBOLS: SORTED BY Symbol Address 

address    name
--------   ----
00000000   .data
00000000   ___data__
00000000   ___edata__
00000000   edata
00000220   $bss
00000220   .bss
00000220   .text
00000220   ___bss__
00000220   ___end__
00000220   ___text__
00000220   _pow
00000220   end
00000400   __STACK_SIZE
00000400   __SYSMEM_SIZE
00000e60   _main
00001780   _output_sample
00001824   _output_right_sample
000018b8   _output_left_sample
00001948   _input_sample
000019dc   _input_right_sample
00001a58   _input_left_sample
00001ad4   _c6416_dsk_init
00001c58   _comm_poll
00001c80   _comm_intr
00001d60   _cos
000026c0   _sin
00002f20   __printfi
00003e60   _log
00004220   _DSK6416_init
000043f4   _DSK6416_rget
00004424   _DSK6416_rset
00004460   _DSK6416_wait
000044c0   _DSK6416_waitusec
00004504   _DSK6416_getVersion
00004c40   __frcdivd
00004f60   _fputs
00005280   _free
00005580   __divull
00005ce0   _ldexp
00005f40   _DSK6416_AIC23_openCodec
00006180   __frcaddd
000065e0   _HOSTrename
000067e0   _DSK6416_AIC23_rset
000068e8   _DSK6416_AIC23_rget
00006920   _DSK6416_AIC23_config
000069c0   _IRQ_map
00006d80   _setvbuf
00006f60   _MCBSP_reset
00007120   __divd
000072e0   __divul
000074a0   __mpyd
00007820   _frexp
000079e0   _malloc
00007b80   __addf
00007e80   __addd
00007fe0   __round
00008140   _fputc
00008140   _putc
000083e0   _fclose
00008660   _HOSTlseek
00008780   _HOSTopen
000088a0   __frcmpyd
000089c0   _atoi
00008ae0   __auto_init
00008de0   __wrt_ok
00008ee0   _close
00008fe0   _exit
000090e0   _fseek
000091e0   _lseek
000092e0   _ltoa
000093e0   _memset
000094e0   _write
000095e0   _DSK6416_AIC23_setFreq
000096c0   _HOSTread
000097a0   _HOSTunlink
00009880   _HOSTwrite
00009960   _MCBSP_start
00009a40   __cleanup
00009b20   _memcpy
00009c00   _modf
00009ce0   _HOSTclose
00009da0   _MCBSP_config
00009e60   _MCBSP_open
00009f20   __divli
00009fe0   __divu
0000a0a0   __doflush
0000a220   __remi
0000a2e0   __strasg
0000a520   _readmsg
0000a5e0   _writemsg
0000a680   C$$IO$$
0000a6a0   _EMIFA_config
0000a740   _EMIFB_config
0000a7e0   __cmpd
0000a880   __cvtdf
0000a920   __fixdi
0000a9c0   __fixdli
0000aa60   __fltlid
0000ab00   __mpyll
0000ac40   _renormd
0000ad80   __llshl
0000ae00   _memccpy
0000ae80   _printf
0000af00   _unlink
0000af80   __cvtfd
0000afe0   __fltid
0000b040   __fltif
0000b0a0   __llshru
0000b100   __remli
0000b160   __subcull
0000b1c0   _c_int00
0000b220   __args_main
0000b260   __negd
0000b2a0   __negf
0000b2e0   __subd
0000b320   __subf
0000b360   _log10
0000b3a0   __IRQ_hookFetchPacket
0000b3c0   _MCBSP_read
0000b3e0   _MCBSP_rrdy
0000b400   _MCBSP_write
0000b420   _MCBSP_xrdy
0000b440   __negll
0000b460   __nop
0000b4c0   __trunc
0000b4e0   C$$EXIT
0000b4e0   _abort
0000b500   _remove
0000b520   ___etext__
0000b520   _fs
0000b520   etext
0000b524   _inputsource
0000b528   _results
0000b728   _x
0000b928   __ftable
0000ba18   __tmpnams
0000bab8   __ft_end
0000bc10   __IRQ_eventTable
0000bc98   __IRQ_intTable
0000bcd8   __IRQ_dispatchTable
0000be7c   _errno
0000bf08   __cleanup_ptr
0000bf0c   __dtors_ptr
0000bf10   _AIC_data
0000bf1c   _AIC23CfgData
0000bf54   _config
0000bf7c   _hAIC23_handle
0000bfc8   __MCBSP_hDev0
0000bfcc   __MCBSP_hDev1
0000bfd0   __MCBSP_hDev2
0000bfd4   _DSK6416_version
0000c0d0   __lock
0000c0d4   __unlock
0000c0e0   _DSK6416_AIC23_codeccontrolhandle
0000c0e4   _DSK6416_AIC23_codecdatahandle
0000c0e8   ___cinit__
0000c0e8   cinit
0000c6f8   __stack
0000caf8   __sys_memory
0000cef8   __ctypes_
0000d158   __CIOBUF_
ffffffff   ___binit__
ffffffff   ___c_args__
ffffffff   ___pinit__
ffffffff   binit
ffffffff   pinit

[166 symbols]
