******************************************************************************
          TMS320C6x COFF Linker PC v6.0.8                      
******************************************************************************
>> Linked Fri May 02 14:23:16 2014

OUTPUT FILE NAME:   <./Debug/dsp_lab.out>
ENTRY POINT SYMBOL: "_c_int00"  address: 00002240


MEMORY CONFIGURATION

         name            origin    length      used     unused   attr    fill
----------------------  --------  ---------  --------  --------  ----  --------
  IVECS                 00000000   00000220  00000200  00000020  RWIX
  IRAM                  00000220   0002fde0  00003f5a  0002be86  RWIX
  SDRAM                 80000000   00100000  00000000  00100000  RWIX
  FLASH                 90000000   00020000  00000000  00020000  RWIX


SECTION ALLOCATION MAP

 output                                  attributes/
section   page    origin      length       input sections
--------  ----  ----------  ----------   ----------------
.EXT_RAM   0    80000000    00000000     UNINITIALIZED

.data      0    00000000    00000000     UNINITIALIZED

.vectors   0    00000000    00000200     
                  00000000    00000200     Vectors_intr.obj (.vectors)

.bss       0    00000220    00000000     UNINITIALIZED

.cio       0    00000220    00000000     UNINITIALIZED

.csldata   0    00000220    00000000     UNINITIALIZED

.switch    0    00000220    00000000     UNINITIALIZED

.sysmem    0    00000220    00000000     UNINITIALIZED

.text      0    00000220    000022c0     
                  00000220    000006c0     c6416dskinit.obj (.text)
                  000008e0    00000440     cos8_buf.obj (.text)
                  00000d20    000003a0     dsk6416bsl.lib : dsk6416.obj (.text)
                  000010c0    00000240                    : dsk6416_aic23_opencodec.obj (.text)
                  00001300    000001e0                    : dsk6416_aic23_registers.obj (.text)
                  000014e0    000001e0     csl6416.lib : csl_irq.obj (.text:_IRQ_map)
                  000016c0    000001c0                 : csl_mcbsp.obj (.text:_MCBSP_reset)
                  00001880    00000100     rts6400.lib : autoinit.obj (.text:__auto_init)
                  00001980    00000100                 : divi.obj (.text:__divi)
                  00001a80    00000100                 : exit.obj (.text:_exit)
                  00001b80    000000e0     dsk6416bsl.lib : dsk6416_aic23_setfreq.obj (.text)
                  00001c60    000000e0     csl6416.lib : csl_mcbsp.obj (.text:_MCBSP_start)
                  00001d40    000000e0     rts6400.lib : memcpy64.obj (.text:_memcpy)
                  00001e20    000000c0     csl6416.lib : csl_mcbsp.obj (.text:_MCBSP_config)
                  00001ee0    000000c0                 : csl_mcbsp.obj (.text:_MCBSP_open)
                  00001fa0    000000c0     rts6400.lib : strasg.obj (.text:__strasg)
                  00002060    000000a0     csl6416.lib : csl_emifa.obj (.text:_EMIFA_config)
                  00002100    000000a0                 : csl_emifb.obj (.text:_EMIFB_config)
                  000021a0    000000a0                 : csl_irq.obj (.text:_setMux)
                  00002240    00000060     rts6400.lib : boot.obj (.text:_c_int00)
                  000022a0    00000040     csl6416.lib : csl_irq.obj (.text:_IRQ_reset)
                  000022e0    00000040     rts6400.lib : args_main.obj (.text:__args_main)
                  00002320    00000020     csl6416.lib : csl_irq.obj (.text)
                  00002340    00000020     Vectors_intr.obj (.text)
                  00002360    00000020     dsp_lab.obj (.text)
                  00002380    00000020     csl6416.lib : csl_irq.obj (.text:_IRQ_enable)
                  000023a0    00000020                 : csl_irq.obj (.text:_IRQ_globalDisable)
                  000023c0    00000020                 : csl_irq.obj (.text:_IRQ_globalEnable)
                  000023e0    00000020                 : csl_irq.obj (.text:_IRQ_nmiEnable)
                  00002400    00000020                 : csl_mcbsp.obj (.text:_MCBSP_getXmtEventId)
                  00002420    00000020                 : csl_mcbsp.obj (.text:_MCBSP_read)
                  00002440    00000020                 : csl_mcbsp.obj (.text:_MCBSP_rrdy)
                  00002460    00000020                 : csl_mcbsp.obj (.text:_MCBSP_write)
                  00002480    00000020                 : csl_mcbsp.obj (.text:_MCBSP_xrdy)
                  000024a0    00000020     rts6400.lib : _lock.obj (.text:__nop)
                  000024c0    00000020                 : exit.obj (.text:_abort)

.far       0    000024e0    00001386     UNINITIALIZED
                  000024e0    000010ca     cos8_buf.obj (.far)
                  000035aa    00000004     dsk6416bsl.lib : dsk6416.obj (.far)
                  000035b0    00000100     csl6416.lib : csl_irq.obj (.far)
                  000036b0    00000090     rts6400.lib : exit.obj (.far)
                  00003740    00000070     c6416dskinit.obj (.far)
                  000037b0    00000054     csl6416.lib : csl_mcbsp.obj (.far)
                  00003804    00000028     dsk6416bsl.lib : dsk6416_aic23_registers.obj (.far)
                  00003830    00000020                    : dsk6416_aic23_setfreq.obj (.far)
                  00003850    00000008     rts6400.lib : _lock.obj (.far)
                  00003858    00000008     dsk6416bsl.lib : dsk6416_aic23_opencodec.obj (.far)
                  00003860    00000006     dsp_lab.obj (.far)

.stack     0    00003868    00000400     UNINITIALIZED
                  00003868    00000008     rts6400.lib : boot.obj (.stack)

.cinit     0    00003c68    000003e4     
                  00003c68    0000012c     csl6416.lib : csl_irq.obj (.cinit)
                  00003d94    00000004     --HOLE-- [fill = 0]
                  00003d98    000000f2     cos8_buf.obj (.cinit)
                  00003e8a    00000006     --HOLE-- [fill = 0]
                  00003e90    0000007c     csl6416.lib : csl_mcbsp.obj (.cinit)
                  00003f0c    00000004     --HOLE-- [fill = 0]
                  00003f10    00000070     c6416dskinit.obj (.cinit)
                  00003f80    00000030     dsk6416bsl.lib : dsk6416_aic23_registers.obj (.cinit)
                  00003fb0    0000002c     rts6400.lib : exit.obj (.cinit)
                  00003fdc    00000004     --HOLE-- [fill = 0]
                  00003fe0    00000028     dsk6416bsl.lib : dsk6416_aic23_setfreq.obj (.cinit)
                  00004008    0000001c     rts6400.lib : _lock.obj (.cinit)
                  00004024    00000004     --HOLE-- [fill = 0]
                  00004028    0000001a     dsp_lab.obj (.cinit)
                  00004042    0000000a     --HOLE-- [fill = 0]

.const     0    0000404c    00000130     
                  0000404c    000000c0     dsk6416bsl.lib : dsk6416.obj (.const)
                  0000410c    00000070                    : dsk6416_aic23_opencodec.obj (.const)


GLOBAL SYMBOLS: SORTED ALPHABETICALLY BY Name 

address    name
--------   ----
00000220   $bss
00000220   .bss
00000000   .data
00000220   .text
000024c0   C$$EXIT
0000374c   _AIC23CfgData
00003740   _AIC_data
00003858   _DSK6416_AIC23_codeccontrolhandle
0000385c   _DSK6416_AIC23_codecdatahandle
00001440   _DSK6416_AIC23_config
000010c0   _DSK6416_AIC23_openCodec
00001408   _DSK6416_AIC23_rget
00001300   _DSK6416_AIC23_rset
00001b80   _DSK6416_AIC23_setFreq
00001004   _DSK6416_getVersion
00000d20   _DSK6416_init
00000ef4   _DSK6416_rget
00000f24   _DSK6416_rset
000035aa   _DSK6416_version
00000f60   _DSK6416_wait
00000fc0   _DSK6416_waitusec
00002060   _EMIFA_config
00002100   _EMIFB_config
00002380   _IRQ_enable
000023a0   _IRQ_globalDisable
000023c0   _IRQ_globalEnable
000014e0   _IRQ_map
000023e0   _IRQ_nmiEnable
000022a0   _IRQ_reset
00001e20   _MCBSP_config
00002400   _MCBSP_getXmtEventId
00001ee0   _MCBSP_open
00002420   _MCBSP_read
000016c0   _MCBSP_reset
00002440   _MCBSP_rrdy
00001c60   _MCBSP_start
00002460   _MCBSP_write
00002480   _MCBSP_xrdy
000036a8   __IRQ_dispatchTable
000035e0   __IRQ_eventTable
00002320   __IRQ_hookFetchPacket
00003668   __IRQ_intTable
000037f8   __MCBSP_hDev0
000037fc   __MCBSP_hDev1
00003800   __MCBSP_hDev2
00000400   __STACK_SIZE
ffffffff   ___binit__
00000220   ___bss__
ffffffff   ___c_args__
00003c68   ___cinit__
00000000   ___data__
00000000   ___edata__
00000220   ___end__
000024e0   ___etext__
ffffffff   ___pinit__
00000220   ___text__
000022e0   __args_main
00001880   __auto_init
00003738   __cleanup_ptr
00001980   __divi
0000373c   __dtors_ptr
00003850   __lock
000024a0   __nop
00003868   __stack
00001fa0   __strasg
00003854   __unlock
000024c0   _abort
000024e4   _bufindex
00000220   _c6416_dsk_init
00002240   _c_int00
000008e0   _c_int11
00000320   _comm_intr
000002f0   _comm_poll
00003784   _config
000024e8   _cos_table
00001a80   _exit
00003860   _fs
000035a8   _gain
000037ac   _hAIC23_handle
00000790   _input_left_sample
00000838   _input_right_sample
000006a4   _input_sample
00003864   _inputsource
000024e0   _loopindex
00002360   _main
00001d40   _memcpy
000025a8   _out_buffer
00000518   _output_left_sample
000005e0   _output_right_sample
00000410   _output_sample
00000020   _vector1
00000140   _vector10
00000180   _vector12
000001a0   _vector13
000001c0   _vector14
000001e0   _vector15
00000040   _vector2
00000060   _vector3
00000080   _vector4
000000a0   _vector5
000000c0   _vector6
000000e0   _vector7
00000100   _vector8
00000120   _vector9
00000000   _vectors
ffffffff   binit
00003c68   cinit
00000000   edata
00000220   end
000024e0   etext
ffffffff   pinit


GLOBAL SYMBOLS: SORTED BY Symbol Address 

address    name
--------   ----
00000000   .data
00000000   ___data__
00000000   ___edata__
00000000   _vectors
00000000   edata
00000020   _vector1
00000040   _vector2
00000060   _vector3
00000080   _vector4
000000a0   _vector5
000000c0   _vector6
000000e0   _vector7
00000100   _vector8
00000120   _vector9
00000140   _vector10
00000180   _vector12
000001a0   _vector13
000001c0   _vector14
000001e0   _vector15
00000220   $bss
00000220   .bss
00000220   .text
00000220   ___bss__
00000220   ___end__
00000220   ___text__
00000220   _c6416_dsk_init
00000220   end
000002f0   _comm_poll
00000320   _comm_intr
00000400   __STACK_SIZE
00000410   _output_sample
00000518   _output_left_sample
000005e0   _output_right_sample
000006a4   _input_sample
00000790   _input_left_sample
00000838   _input_right_sample
000008e0   _c_int11
00000d20   _DSK6416_init
00000ef4   _DSK6416_rget
00000f24   _DSK6416_rset
00000f60   _DSK6416_wait
00000fc0   _DSK6416_waitusec
00001004   _DSK6416_getVersion
000010c0   _DSK6416_AIC23_openCodec
00001300   _DSK6416_AIC23_rset
00001408   _DSK6416_AIC23_rget
00001440   _DSK6416_AIC23_config
000014e0   _IRQ_map
000016c0   _MCBSP_reset
00001880   __auto_init
00001980   __divi
00001a80   _exit
00001b80   _DSK6416_AIC23_setFreq
00001c60   _MCBSP_start
00001d40   _memcpy
00001e20   _MCBSP_config
00001ee0   _MCBSP_open
00001fa0   __strasg
00002060   _EMIFA_config
00002100   _EMIFB_config
00002240   _c_int00
000022a0   _IRQ_reset
000022e0   __args_main
00002320   __IRQ_hookFetchPacket
00002360   _main
00002380   _IRQ_enable
000023a0   _IRQ_globalDisable
000023c0   _IRQ_globalEnable
000023e0   _IRQ_nmiEnable
00002400   _MCBSP_getXmtEventId
00002420   _MCBSP_read
00002440   _MCBSP_rrdy
00002460   _MCBSP_write
00002480   _MCBSP_xrdy
000024a0   __nop
000024c0   C$$EXIT
000024c0   _abort
000024e0   ___etext__
000024e0   _loopindex
000024e0   etext
000024e4   _bufindex
000024e8   _cos_table
000025a8   _out_buffer
000035a8   _gain
000035aa   _DSK6416_version
000035e0   __IRQ_eventTable
00003668   __IRQ_intTable
000036a8   __IRQ_dispatchTable
00003738   __cleanup_ptr
0000373c   __dtors_ptr
00003740   _AIC_data
0000374c   _AIC23CfgData
00003784   _config
000037ac   _hAIC23_handle
000037f8   __MCBSP_hDev0
000037fc   __MCBSP_hDev1
00003800   __MCBSP_hDev2
00003850   __lock
00003854   __unlock
00003858   _DSK6416_AIC23_codeccontrolhandle
0000385c   _DSK6416_AIC23_codecdatahandle
00003860   _fs
00003864   _inputsource
00003868   __stack
00003c68   ___cinit__
00003c68   cinit
ffffffff   ___binit__
ffffffff   ___c_args__
ffffffff   ___pinit__
ffffffff   binit
ffffffff   pinit

[111 symbols]
