******************************************************************************
          TMS320C6x COFF Linker PC v6.0.8                      
******************************************************************************
>> Linked Fri May 09 15:21:47 2014

OUTPUT FILE NAME:   <./Debug/dsp_lab.out>
ENTRY POINT SYMBOL: "_c_int00"  address: 00021da0


MEMORY CONFIGURATION

         name            origin    length      used     unused   attr    fill
----------------------  --------  ---------  --------  --------  ----  --------
  IVECS                 00000000   00000220  00000200  00000020  RWIX
  IRAM                  00000220   0002fde0  0002264a  0000d796  RWIX
  SDRAM                 80000000   00100000  00000000  00100000  RWIX
  FLASH                 90000000   00020000  00000000  00020000  RWIX


SECTION ALLOCATION MAP

 output                                  attributes/
section   page    origin      length       input sections
--------  ----  ----------  ----------   ----------------
.EXT_RAM   0    80000000    00000000     UNINITIALIZED

.data      0    00000000    00000000     UNINITIALIZED

.vectors   0    00000000    00000200     
                  00000000    00000200     Vectors_poll.obj (.vectors)

.bss       0    00000220    00000000     UNINITIALIZED

.cio       0    00000220    00000000     UNINITIALIZED

.csldata   0    00000220    00000000     UNINITIALIZED

.switch    0    00000220    00000000     UNINITIALIZED

.sysmem    0    00000220    00000000     UNINITIALIZED

.far       0    00000220    0001f6be     UNINITIALIZED
                  00000220    0001f408     FIR.obj (.far)
                  0001f628    00000100     csl6416.lib : csl_irq.obj (.far)
                  0001f728    00000090     rts6400.lib : exit.obj (.far)
                  0001f7b8    00000070     c6416dskinit.obj (.far)
                  0001f828    00000054     csl6416.lib : csl_mcbsp.obj (.far)
                  0001f87c    00000028     dsk6416bsl.lib : dsk6416_aic23_registers.obj (.far)
                  0001f8a4    00000004                    : dsk6416.obj (.far)
                  0001f8a8    00000020                    : dsk6416_aic23_setfreq.obj (.far)
                  0001f8c8    00000008     rts6400.lib : _lock.obj (.far)
                  0001f8d0    00000008     dsk6416bsl.lib : dsk6416_aic23_opencodec.obj (.far)
                  0001f8d8    00000006     dsp_lab.obj (.far)

.text      0    0001f8e0    00002760     
                  0001f8e0    000006c0     c6416dskinit.obj (.text)
                  0001ffa0    000003a0     dsk6416bsl.lib : dsk6416.obj (.text)
                  00020340    00000240                    : dsk6416_aic23_opencodec.obj (.text)
                  00020580    00000240     rts6400.lib : frcaddd.obj (.text:__frcaddd)
                  000207c0    000001e0     dsk6416bsl.lib : dsk6416_aic23_registers.obj (.text)
                  000209a0    000001e0     csl6416.lib : csl_irq.obj (.text:_IRQ_map)
                  00020b80    000001c0     FIR.obj (.text)
                  00020d40    000001c0     csl6416.lib : csl_mcbsp.obj (.text:_MCBSP_reset)
                  00020f00    000001c0     rts6400.lib : mpyd.obj (.text:__mpyd)
                  000210c0    00000160                 : addd.obj (.text:__addd)
                  00021220    00000120                 : frcmpyd.obj (.text:__frcmpyd)
                  00021340    00000100                 : autoinit.obj (.text:__auto_init)
                  00021440    00000100                 : exit.obj (.text:_exit)
                  00021540    000000e0     dsk6416bsl.lib : dsk6416_aic23_setfreq.obj (.text)
                  00021620    000000e0     csl6416.lib : csl_mcbsp.obj (.text:_MCBSP_start)
                  00021700    000000e0     rts6400.lib : memcpy64.obj (.text:_memcpy)
                  000217e0    000000c0     csl6416.lib : csl_mcbsp.obj (.text:_MCBSP_config)
                  000218a0    000000c0                 : csl_mcbsp.obj (.text:_MCBSP_open)
                  00021960    000000c0     rts6400.lib : strasg.obj (.text:__strasg)
                  00021a20    000000a0     csl6416.lib : csl_emifa.obj (.text:_EMIFA_config)
                  00021ac0    000000a0                 : csl_emifb.obj (.text:_EMIFB_config)
                  00021b60    000000a0     rts6400.lib : fixdi.obj (.text:__fixdi)
                  00021c00    000000a0                 : renormd.obj (.text:_renormd)
                  00021ca0    000000a0     csl6416.lib : csl_irq.obj (.text:_setMux)
                  00021d40    00000060     rts6400.lib : fltid.obj (.text:__fltid)
                  00021da0    00000060                 : boot.obj (.text:_c_int00)
                  00021e00    00000040     csl6416.lib : csl_irq.obj (.text:_IRQ_reset)
                  00021e40    00000040     rts6400.lib : args_main.obj (.text:__args_main)
                  00021e80    00000020     csl6416.lib : csl_irq.obj (.text)
                  00021ea0    00000020     Vectors_poll.obj (.text)
                  00021ec0    00000020     dsp_lab.obj (.text)
                  00021ee0    00000020     csl6416.lib : csl_irq.obj (.text:_IRQ_enable)
                  00021f00    00000020                 : csl_irq.obj (.text:_IRQ_globalDisable)
                  00021f20    00000020                 : csl_irq.obj (.text:_IRQ_globalEnable)
                  00021f40    00000020                 : csl_irq.obj (.text:_IRQ_nmiEnable)
                  00021f60    00000020                 : csl_mcbsp.obj (.text:_MCBSP_getXmtEventId)
                  00021f80    00000020                 : csl_mcbsp.obj (.text:_MCBSP_read)
                  00021fa0    00000020                 : csl_mcbsp.obj (.text:_MCBSP_rrdy)
                  00021fc0    00000020                 : csl_mcbsp.obj (.text:_MCBSP_write)
                  00021fe0    00000020                 : csl_mcbsp.obj (.text:_MCBSP_xrdy)
                  00022000    00000020     rts6400.lib : _lock.obj (.text:__nop)
                  00022020    00000020                 : exit.obj (.text:_abort)

.stack     0    00022040    00000400     UNINITIALIZED
                  00022040    00000008     rts6400.lib : boot.obj (.stack)

.cinit     0    00022440    000002fc     
                  00022440    0000012c     csl6416.lib : csl_irq.obj (.cinit)
                  0002256c    00000004     --HOLE-- [fill = 0]
                  00022570    0000007c                 : csl_mcbsp.obj (.cinit)
                  000225ec    00000004     --HOLE-- [fill = 0]
                  000225f0    00000070     c6416dskinit.obj (.cinit)
                  00022660    00000030     dsk6416bsl.lib : dsk6416_aic23_registers.obj (.cinit)
                  00022690    0000002c     rts6400.lib : exit.obj (.cinit)
                  000226bc    00000004     --HOLE-- [fill = 0]
                  000226c0    00000028     dsk6416bsl.lib : dsk6416_aic23_setfreq.obj (.cinit)
                  000226e8    0000001c     rts6400.lib : _lock.obj (.cinit)
                  00022704    00000004     --HOLE-- [fill = 0]
                  00022708    0000001a     dsp_lab.obj (.cinit)
                  00022722    00000006     --HOLE-- [fill = 0]
                  00022728    0000000a     FIR.obj (.cinit)
                  00022732    0000000a     --HOLE-- [fill = 0]

.const     0    0002273c    00000130     
                  0002273c    000000c0     dsk6416bsl.lib : dsk6416.obj (.const)
                  000227fc    00000070                    : dsk6416_aic23_opencodec.obj (.const)


GLOBAL SYMBOLS: SORTED ALPHABETICALLY BY Name 

address    name
--------   ----
00000220   $bss
00000220   .bss
00000000   .data
0001f8e0   .text
00022020   C$$EXIT
0001f7c4   _AIC23CfgData
0001f7b8   _AIC_data
0001f8d0   _DSK6416_AIC23_codeccontrolhandle
0001f8d4   _DSK6416_AIC23_codecdatahandle
00020900   _DSK6416_AIC23_config
00020340   _DSK6416_AIC23_openCodec
000208c8   _DSK6416_AIC23_rget
000207c0   _DSK6416_AIC23_rset
00021540   _DSK6416_AIC23_setFreq
00020284   _DSK6416_getVersion
0001ffa0   _DSK6416_init
00020174   _DSK6416_rget
000201a4   _DSK6416_rset
0001f8a4   _DSK6416_version
000201e0   _DSK6416_wait
00020240   _DSK6416_waitusec
00021a20   _EMIFA_config
00021ac0   _EMIFB_config
00021ee0   _IRQ_enable
00021f00   _IRQ_globalDisable
00021f20   _IRQ_globalEnable
000209a0   _IRQ_map
00021f40   _IRQ_nmiEnable
00021e00   _IRQ_reset
000217e0   _MCBSP_config
00021f60   _MCBSP_getXmtEventId
000218a0   _MCBSP_open
00021f80   _MCBSP_read
00020d40   _MCBSP_reset
00021fa0   _MCBSP_rrdy
00021620   _MCBSP_start
00021fc0   _MCBSP_write
00021fe0   _MCBSP_xrdy
0001f720   __IRQ_dispatchTable
0001f658   __IRQ_eventTable
00021e80   __IRQ_hookFetchPacket
0001f6e0   __IRQ_intTable
0001f870   __MCBSP_hDev0
0001f874   __MCBSP_hDev1
0001f878   __MCBSP_hDev2
00000400   __STACK_SIZE
ffffffff   ___binit__
00000220   ___bss__
ffffffff   ___c_args__
00022440   ___cinit__
00000000   ___data__
00000000   ___edata__
00000220   ___end__
00022040   ___etext__
ffffffff   ___pinit__
0001f8e0   ___text__
000210c0   __addd
00021e40   __args_main
00021340   __auto_init
0001f7b0   __cleanup_ptr
0001f7b4   __dtors_ptr
00021b60   __fixdi
00021d40   __fltid
00020580   __frcaddd
00021220   __frcmpyd
0001f8c8   __lock
00020f00   __mpyd
00022000   __nop
00022040   __stack
00021960   __strasg
0001f8cc   __unlock
00022020   _abort
00000220   _bufindex
0001f8e0   _c6416_dsk_init
00021da0   _c_int00
0001f9e0   _comm_intr
0001f9b0   _comm_poll
0001f7fc   _config
00021440   _exit
0001f8d8   _fs
0001f824   _hAIC23_handle
00000222   _i
00000228   _input_array
0001fe50   _input_left_sample
0001fef8   _input_right_sample
0001fd64   _input_sample
0001f8dc   _inputsource
00021ec0   _main
00021700   _memcpy
0000fc28   _output_array
0001fbd8   _output_left_sample
0001fca0   _output_right_sample
0001fad0   _output_sample
00021c00   _renormd
00020b80   _signal_build
00000020   _vector1
00000140   _vector10
00000160   _vector11
00000180   _vector12
000001a0   _vector13
000001c0   _vector14
000001e0   _vector15
00000040   _vector2
00000060   _vector3
00000080   _vector4
000000a0   _vector5
000000c0   _vector6
000000e0   _vector7
00000100   _vector8
00000120   _vector9
00000000   _vectors
ffffffff   binit
00022440   cinit
00000000   edata
00000220   end
00022040   etext
ffffffff   pinit


GLOBAL SYMBOLS: SORTED BY Symbol Address 

address    name
--------   ----
00000000   .data
00000000   ___data__
00000000   ___edata__
00000000   _vectors
00000000   edata
00000020   _vector1
00000040   _vector2
00000060   _vector3
00000080   _vector4
000000a0   _vector5
000000c0   _vector6
000000e0   _vector7
00000100   _vector8
00000120   _vector9
00000140   _vector10
00000160   _vector11
00000180   _vector12
000001a0   _vector13
000001c0   _vector14
000001e0   _vector15
00000220   $bss
00000220   .bss
00000220   ___bss__
00000220   ___end__
00000220   _bufindex
00000220   end
00000222   _i
00000228   _input_array
00000400   __STACK_SIZE
0000fc28   _output_array
0001f658   __IRQ_eventTable
0001f6e0   __IRQ_intTable
0001f720   __IRQ_dispatchTable
0001f7b0   __cleanup_ptr
0001f7b4   __dtors_ptr
0001f7b8   _AIC_data
0001f7c4   _AIC23CfgData
0001f7fc   _config
0001f824   _hAIC23_handle
0001f870   __MCBSP_hDev0
0001f874   __MCBSP_hDev1
0001f878   __MCBSP_hDev2
0001f8a4   _DSK6416_version
0001f8c8   __lock
0001f8cc   __unlock
0001f8d0   _DSK6416_AIC23_codeccontrolhandle
0001f8d4   _DSK6416_AIC23_codecdatahandle
0001f8d8   _fs
0001f8dc   _inputsource
0001f8e0   .text
0001f8e0   ___text__
0001f8e0   _c6416_dsk_init
0001f9b0   _comm_poll
0001f9e0   _comm_intr
0001fad0   _output_sample
0001fbd8   _output_left_sample
0001fca0   _output_right_sample
0001fd64   _input_sample
0001fe50   _input_left_sample
0001fef8   _input_right_sample
0001ffa0   _DSK6416_init
00020174   _DSK6416_rget
000201a4   _DSK6416_rset
000201e0   _DSK6416_wait
00020240   _DSK6416_waitusec
00020284   _DSK6416_getVersion
00020340   _DSK6416_AIC23_openCodec
00020580   __frcaddd
000207c0   _DSK6416_AIC23_rset
000208c8   _DSK6416_AIC23_rget
00020900   _DSK6416_AIC23_config
000209a0   _IRQ_map
00020b80   _signal_build
00020d40   _MCBSP_reset
00020f00   __mpyd
000210c0   __addd
00021220   __frcmpyd
00021340   __auto_init
00021440   _exit
00021540   _DSK6416_AIC23_setFreq
00021620   _MCBSP_start
00021700   _memcpy
000217e0   _MCBSP_config
000218a0   _MCBSP_open
00021960   __strasg
00021a20   _EMIFA_config
00021ac0   _EMIFB_config
00021b60   __fixdi
00021c00   _renormd
00021d40   __fltid
00021da0   _c_int00
00021e00   _IRQ_reset
00021e40   __args_main
00021e80   __IRQ_hookFetchPacket
00021ec0   _main
00021ee0   _IRQ_enable
00021f00   _IRQ_globalDisable
00021f20   _IRQ_globalEnable
00021f40   _IRQ_nmiEnable
00021f60   _MCBSP_getXmtEventId
00021f80   _MCBSP_read
00021fa0   _MCBSP_rrdy
00021fc0   _MCBSP_write
00021fe0   _MCBSP_xrdy
00022000   __nop
00022020   C$$EXIT
00022020   _abort
00022040   ___etext__
00022040   __stack
00022040   etext
00022440   ___cinit__
00022440   cinit
ffffffff   ___binit__
ffffffff   ___c_args__
ffffffff   ___pinit__
ffffffff   binit
ffffffff   pinit

[117 symbols]
