******************************************************************************
          TMS320C6x COFF Linker PC v6.0.8                      
******************************************************************************
>> Linked Wed May 07 18:47:43 2014

OUTPUT FILE NAME:   <./Debug/dsp_lab.out>
ENTRY POINT SYMBOL: "_c_int00"  address: 00002580


MEMORY CONFIGURATION

         name            origin    length      used     unused   attr    fill
----------------------  --------  ---------  --------  --------  ----  --------
  IVECS                 00000000   00000220  00000200  00000020  RWIX
  IRAM                  00000220   0002fde0  000031a2  0002cc3e  RWIX
  SDRAM                 80000000   00100000  00000000  00100000  RWIX
  FLASH                 90000000   00020000  00000000  00020000  RWIX


SECTION ALLOCATION MAP

 output                                  attributes/
section   page    origin      length       input sections
--------  ----  ----------  ----------   ----------------
.EXT_RAM   0    80000000    00000000     UNINITIALIZED

.data      0    00000000    00000000     UNINITIALIZED

.vectors   0    00000000    00000200     
                  00000000    00000200     Vectors_intr.obj (.vectors)

.bss       0    00000220    00000000     UNINITIALIZED

.cio       0    00000220    00000000     UNINITIALIZED

.csldata   0    00000220    00000000     UNINITIALIZED

.switch    0    00000220    00000000     UNINITIALIZED

.sysmem    0    00000220    00000000     UNINITIALIZED

.text      0    00000220    00002600     
                  00000220    000006c0     c6416dskinit.obj (.text)
                  000008e0    00000500     filtering.obj (.text)
                  00000de0    000003a0     dsk6416bsl.lib : dsk6416.obj (.text)
                  00001180    00000240                    : dsk6416_aic23_opencodec.obj (.text)
                  000013c0    000001e0                    : dsk6416_aic23_registers.obj (.text)
                  000015a0    000001e0     csl6416.lib : csl_irq.obj (.text:_IRQ_map)
                  00001780    000001c0                 : csl_mcbsp.obj (.text:_MCBSP_reset)
                  00001940    00000180     rts6400.lib : addf.obj (.text:__addf)
                  00001ac0    00000100                 : autoinit.obj (.text:__auto_init)
                  00001bc0    00000100                 : divi.obj (.text:__divi)
                  00001cc0    00000100                 : exit.obj (.text:_exit)
                  00001dc0    000000e0     dsk6416bsl.lib : dsk6416_aic23_setfreq.obj (.text)
                  00001ea0    000000e0     csl6416.lib : csl_mcbsp.obj (.text:_MCBSP_start)
                  00001f80    000000e0     rts6400.lib : memcpy64.obj (.text:_memcpy)
                  00002060    000000c0     csl6416.lib : csl_mcbsp.obj (.text:_MCBSP_config)
                  00002120    000000c0                 : csl_mcbsp.obj (.text:_MCBSP_open)
                  000021e0    000000c0     rts6400.lib : strasg.obj (.text:__strasg)
                  000022a0    000000a0     csl6416.lib : csl_emifa.obj (.text:_EMIFA_config)
                  00002340    000000a0                 : csl_emifb.obj (.text:_EMIFB_config)
                  000023e0    000000a0     rts6400.lib : fixfi.obj (.text:__fixfi)
                  00002480    000000a0     csl6416.lib : csl_irq.obj (.text:_setMux)
                  00002520    00000060     rts6400.lib : fltif.obj (.text:__fltif)
                  00002580    00000060                 : boot.obj (.text:_c_int00)
                  000025e0    00000040     csl6416.lib : csl_irq.obj (.text:_IRQ_reset)
                  00002620    00000040     rts6400.lib : args_main.obj (.text:__args_main)
                  00002660    00000020     csl6416.lib : csl_irq.obj (.text)
                  00002680    00000020     Vectors_intr.obj (.text)
                  000026a0    00000020     dsp_lab.obj (.text)
                  000026c0    00000020     csl6416.lib : csl_irq.obj (.text:_IRQ_enable)
                  000026e0    00000020                 : csl_irq.obj (.text:_IRQ_globalDisable)
                  00002700    00000020                 : csl_irq.obj (.text:_IRQ_globalEnable)
                  00002720    00000020                 : csl_irq.obj (.text:_IRQ_nmiEnable)
                  00002740    00000020                 : csl_mcbsp.obj (.text:_MCBSP_getXmtEventId)
                  00002760    00000020                 : csl_mcbsp.obj (.text:_MCBSP_read)
                  00002780    00000020                 : csl_mcbsp.obj (.text:_MCBSP_rrdy)
                  000027a0    00000020                 : csl_mcbsp.obj (.text:_MCBSP_write)
                  000027c0    00000020                 : csl_mcbsp.obj (.text:_MCBSP_xrdy)
                  000027e0    00000020     rts6400.lib : _lock.obj (.text:__nop)
                  00002800    00000020                 : exit.obj (.text:_abort)

.stack     0    00002820    00000400     UNINITIALIZED
                  00002820    00000008     rts6400.lib : boot.obj (.stack)

.cinit     0    00002c20    0000035c     
                  00002c20    0000012c     csl6416.lib : csl_irq.obj (.cinit)
                  00002d4c    00000004     --HOLE-- [fill = 0]
                  00002d50    0000007c                 : csl_mcbsp.obj (.cinit)
                  00002dcc    00000004     --HOLE-- [fill = 0]
                  00002dd0    00000070     c6416dskinit.obj (.cinit)
                  00002e40    0000006e     filtering.obj (.cinit)
                  00002eae    00000002     --HOLE-- [fill = 0]
                  00002eb0    00000030     dsk6416bsl.lib : dsk6416_aic23_registers.obj (.cinit)
                  00002ee0    0000002c     rts6400.lib : exit.obj (.cinit)
                  00002f0c    00000004     --HOLE-- [fill = 0]
                  00002f10    00000028     dsk6416bsl.lib : dsk6416_aic23_setfreq.obj (.cinit)
                  00002f38    0000001c     rts6400.lib : _lock.obj (.cinit)
                  00002f54    00000004     --HOLE-- [fill = 0]
                  00002f58    0000001a     dsp_lab.obj (.cinit)
                  00002f72    0000000a     --HOLE-- [fill = 0]

.far       0    00002f80    00000316     UNINITIALIZED
                  00002f80    00000100     csl6416.lib : csl_irq.obj (.far)
                  00003080    00000090     rts6400.lib : exit.obj (.far)
                  00003110    00000070     c6416dskinit.obj (.far)
                  00003180    0000005e     filtering.obj (.far)
                  000031e0    00000054     csl6416.lib : csl_mcbsp.obj (.far)
                  00003234    00000028     dsk6416bsl.lib : dsk6416_aic23_registers.obj (.far)
                  0000325c    00000004                    : dsk6416.obj (.far)
                  00003260    00000020                    : dsk6416_aic23_setfreq.obj (.far)
                  00003280    00000008     rts6400.lib : _lock.obj (.far)
                  00003288    00000008     dsk6416bsl.lib : dsk6416_aic23_opencodec.obj (.far)
                  00003290    00000006     dsp_lab.obj (.far)

.const     0    00003298    00000130     
                  00003298    000000c0     dsk6416bsl.lib : dsk6416.obj (.const)
                  00003358    00000070                    : dsk6416_aic23_opencodec.obj (.const)


GLOBAL SYMBOLS: SORTED ALPHABETICALLY BY Name 

address    name
--------   ----
00000220   $bss
00000220   .bss
00000000   .data
00000220   .text
00002800   C$$EXIT
0000311c   _AIC23CfgData
00003110   _AIC_data
00003288   _DSK6416_AIC23_codeccontrolhandle
0000328c   _DSK6416_AIC23_codecdatahandle
00001500   _DSK6416_AIC23_config
00001180   _DSK6416_AIC23_openCodec
000014c8   _DSK6416_AIC23_rget
000013c0   _DSK6416_AIC23_rset
00001dc0   _DSK6416_AIC23_setFreq
000010c4   _DSK6416_getVersion
00000de0   _DSK6416_init
00000fb4   _DSK6416_rget
00000fe4   _DSK6416_rset
0000325c   _DSK6416_version
00001020   _DSK6416_wait
00001080   _DSK6416_waitusec
000022a0   _EMIFA_config
00002340   _EMIFB_config
000026c0   _IRQ_enable
000026e0   _IRQ_globalDisable
00002700   _IRQ_globalEnable
000015a0   _IRQ_map
00002720   _IRQ_nmiEnable
000025e0   _IRQ_reset
00002060   _MCBSP_config
00002740   _MCBSP_getXmtEventId
00002120   _MCBSP_open
00002760   _MCBSP_read
00001780   _MCBSP_reset
00002780   _MCBSP_rrdy
00001ea0   _MCBSP_start
000027a0   _MCBSP_write
000027c0   _MCBSP_xrdy
00003078   __IRQ_dispatchTable
00002fb0   __IRQ_eventTable
00002660   __IRQ_hookFetchPacket
00003038   __IRQ_intTable
00003228   __MCBSP_hDev0
0000322c   __MCBSP_hDev1
00003230   __MCBSP_hDev2
00000400   __STACK_SIZE
ffffffff   ___binit__
00000220   ___bss__
ffffffff   ___c_args__
00002c20   ___cinit__
00000000   ___data__
00000000   ___edata__
00000220   ___end__
00002820   ___etext__
ffffffff   ___pinit__
00000220   ___text__
00001940   __addf
00002620   __args_main
00001ac0   __auto_init
00003108   __cleanup_ptr
00001bc0   __divi
0000310c   __dtors_ptr
000023e0   __fixfi
00002520   __fltif
00003280   __lock
000027e0   __nop
00002820   __stack
000021e0   __strasg
00003284   __unlock
00002800   _abort
00000220   _c6416_dsk_init
00002580   _c_int00
000008e0   _c_int11
00000320   _comm_intr
000002f0   _comm_poll
00003154   _config
00001cc0   _exit
00000c78   _fir_filter
00003290   _fs
000031b0   _h
0000317c   _hAIC23_handle
00000790   _input_left_sample
00000838   _input_right_sample
000006a4   _input_sample
00003294   _inputsource
000026a0   _main
00001f80   _memcpy
00000518   _output_left_sample
000005e0   _output_right_sample
00000410   _output_sample
00000020   _vector1
00000140   _vector10
00000180   _vector12
000001a0   _vector13
000001c0   _vector14
000001e0   _vector15
00000040   _vector2
00000060   _vector3
00000080   _vector4
000000a0   _vector5
000000c0   _vector6
000000e0   _vector7
00000100   _vector8
00000120   _vector9
00000000   _vectors
00003180   _x
ffffffff   binit
00002c20   cinit
00000000   edata
00000220   end
00002820   etext
ffffffff   pinit


GLOBAL SYMBOLS: SORTED BY Symbol Address 

address    name
--------   ----
00000000   .data
00000000   ___data__
00000000   ___edata__
00000000   _vectors
00000000   edata
00000020   _vector1
00000040   _vector2
00000060   _vector3
00000080   _vector4
000000a0   _vector5
000000c0   _vector6
000000e0   _vector7
00000100   _vector8
00000120   _vector9
00000140   _vector10
00000180   _vector12
000001a0   _vector13
000001c0   _vector14
000001e0   _vector15
00000220   $bss
00000220   .bss
00000220   .text
00000220   ___bss__
00000220   ___end__
00000220   ___text__
00000220   _c6416_dsk_init
00000220   end
000002f0   _comm_poll
00000320   _comm_intr
00000400   __STACK_SIZE
00000410   _output_sample
00000518   _output_left_sample
000005e0   _output_right_sample
000006a4   _input_sample
00000790   _input_left_sample
00000838   _input_right_sample
000008e0   _c_int11
00000c78   _fir_filter
00000de0   _DSK6416_init
00000fb4   _DSK6416_rget
00000fe4   _DSK6416_rset
00001020   _DSK6416_wait
00001080   _DSK6416_waitusec
000010c4   _DSK6416_getVersion
00001180   _DSK6416_AIC23_openCodec
000013c0   _DSK6416_AIC23_rset
000014c8   _DSK6416_AIC23_rget
00001500   _DSK6416_AIC23_config
000015a0   _IRQ_map
00001780   _MCBSP_reset
00001940   __addf
00001ac0   __auto_init
00001bc0   __divi
00001cc0   _exit
00001dc0   _DSK6416_AIC23_setFreq
00001ea0   _MCBSP_start
00001f80   _memcpy
00002060   _MCBSP_config
00002120   _MCBSP_open
000021e0   __strasg
000022a0   _EMIFA_config
00002340   _EMIFB_config
000023e0   __fixfi
00002520   __fltif
00002580   _c_int00
000025e0   _IRQ_reset
00002620   __args_main
00002660   __IRQ_hookFetchPacket
000026a0   _main
000026c0   _IRQ_enable
000026e0   _IRQ_globalDisable
00002700   _IRQ_globalEnable
00002720   _IRQ_nmiEnable
00002740   _MCBSP_getXmtEventId
00002760   _MCBSP_read
00002780   _MCBSP_rrdy
000027a0   _MCBSP_write
000027c0   _MCBSP_xrdy
000027e0   __nop
00002800   C$$EXIT
00002800   _abort
00002820   ___etext__
00002820   __stack
00002820   etext
00002c20   ___cinit__
00002c20   cinit
00002fb0   __IRQ_eventTable
00003038   __IRQ_intTable
00003078   __IRQ_dispatchTable
00003108   __cleanup_ptr
0000310c   __dtors_ptr
00003110   _AIC_data
0000311c   _AIC23CfgData
00003154   _config
0000317c   _hAIC23_handle
00003180   _x
000031b0   _h
00003228   __MCBSP_hDev0
0000322c   __MCBSP_hDev1
00003230   __MCBSP_hDev2
0000325c   _DSK6416_version
00003280   __lock
00003284   __unlock
00003288   _DSK6416_AIC23_codeccontrolhandle
0000328c   _DSK6416_AIC23_codecdatahandle
00003290   _fs
00003294   _inputsource
ffffffff   ___binit__
ffffffff   ___c_args__
ffffffff   ___pinit__
ffffffff   binit
ffffffff   pinit

[112 symbols]
