******************************************************************************
          TMS320C6x COFF Linker PC v6.0.8                      
******************************************************************************
>> Linked Tue Jul 01 14:58:26 2014

OUTPUT FILE NAME:   <./Debug/dsp_lab.out>
ENTRY POINT SYMBOL: "_c_int00"  address: 000020a0


MEMORY CONFIGURATION

         name            origin    length      used     unused   attr    fill
----------------------  --------  ---------  --------  --------  ----  --------
  IVECS                 00000000   00000220  00000200  00000020  RWIX
  IRAM                  00000220   0002fde0  00004094  0002bd4c  RWIX
  SDRAM                 80000000   00100000  00000000  00100000  RWIX
  FLASH                 90000000   00020000  00000000  00020000  RWIX


SECTION ALLOCATION MAP

 output                                  attributes/
section   page    origin      length       input sections
--------  ----  ----------  ----------   ----------------
.EXT_RAM   0    80000000    00000000     UNINITIALIZED

.data      0    00000000    00000000     UNINITIALIZED

.vectors   0    00000000    00000200     
                  00000000    00000200     Vectors_poll.obj (.vectors)

.bss       0    00000220    00000000     UNINITIALIZED

.cio       0    00000220    00000000     UNINITIALIZED

.csldata   0    00000220    00000000     UNINITIALIZED

.switch    0    00000220    00000000     UNINITIALIZED

.sysmem    0    00000220    00000000     UNINITIALIZED

.text      0    00000220    00002120     
                  00000220    000006c0     c6416dskinit.obj (.text)
                  000008e0    000003a0     dsk6416bsl.lib : dsk6416.obj (.text)
                  00000c80    00000240                    : dsk6416_aic23_opencodec.obj (.text)
                  00000ec0    000001e0                    : dsk6416_aic23_registers.obj (.text)
                  000010a0    000001e0     csl6416.lib : csl_irq.obj (.text:_IRQ_map)
                  00001280    000001c0     sine8_LED.obj (.text)
                  00001440    000001c0     csl6416.lib : csl_mcbsp.obj (.text:_MCBSP_reset)
                  00001600    00000180     dsk6416bsl.lib : dsk6416_led.obj (.text)
                  00001780    00000100     rts6400.lib : autoinit.obj (.text:__auto_init)
                  00001880    00000100                 : exit.obj (.text:_exit)
                  00001980    000000e0     dsk6416bsl.lib : dsk6416_aic23_setfreq.obj (.text)
                  00001a60    000000e0     csl6416.lib : csl_mcbsp.obj (.text:_MCBSP_start)
                  00001b40    000000e0     rts6400.lib : memcpy64.obj (.text:_memcpy)
                  00001c20    000000c0     csl6416.lib : csl_mcbsp.obj (.text:_MCBSP_config)
                  00001ce0    000000c0                 : csl_mcbsp.obj (.text:_MCBSP_open)
                  00001da0    000000c0     rts6400.lib : strasg.obj (.text:__strasg)
                  00001e60    000000a0     csl6416.lib : csl_emifa.obj (.text:_EMIFA_config)
                  00001f00    000000a0                 : csl_emifb.obj (.text:_EMIFB_config)
                  00001fa0    000000a0                 : csl_irq.obj (.text:_setMux)
                  00002040    00000060     dsk6416bsl.lib : dsk6416_dip.obj (.text)
                  000020a0    00000060     rts6400.lib : boot.obj (.text:_c_int00)
                  00002100    00000040     csl6416.lib : csl_irq.obj (.text:_IRQ_reset)
                  00002140    00000040     rts6400.lib : args_main.obj (.text:__args_main)
                  00002180    00000020     csl6416.lib : csl_irq.obj (.text)
                  000021a0    00000020     Vectors_poll.obj (.text)
                  000021c0    00000020     dsp_lab.obj (.text)
                  000021e0    00000020     csl6416.lib : csl_irq.obj (.text:_IRQ_enable)
                  00002200    00000020                 : csl_irq.obj (.text:_IRQ_globalDisable)
                  00002220    00000020                 : csl_irq.obj (.text:_IRQ_globalEnable)
                  00002240    00000020                 : csl_irq.obj (.text:_IRQ_nmiEnable)
                  00002260    00000020                 : csl_mcbsp.obj (.text:_MCBSP_getXmtEventId)
                  00002280    00000020                 : csl_mcbsp.obj (.text:_MCBSP_read)
                  000022a0    00000020                 : csl_mcbsp.obj (.text:_MCBSP_rrdy)
                  000022c0    00000020                 : csl_mcbsp.obj (.text:_MCBSP_write)
                  000022e0    00000020                 : csl_mcbsp.obj (.text:_MCBSP_xrdy)
                  00002300    00000020     rts6400.lib : _lock.obj (.text:__nop)
                  00002320    00000020                 : exit.obj (.text:_abort)

.far       0    00002340    000016f0     UNINITIALIZED
                  00002340    00001438     sine8_LED.obj (.far)
                  00003778    00000100     csl6416.lib : csl_irq.obj (.far)
                  00003878    00000090     rts6400.lib : exit.obj (.far)
                  00003908    00000070     c6416dskinit.obj (.far)
                  00003978    00000054     csl6416.lib : csl_mcbsp.obj (.far)
                  000039cc    00000028     dsk6416bsl.lib : dsk6416_aic23_registers.obj (.far)
                  000039f4    00000004                    : dsk6416.obj (.far)
                  000039f8    00000020                    : dsk6416_aic23_setfreq.obj (.far)
                  00003a18    00000008     rts6400.lib : _lock.obj (.far)
                  00003a20    00000008     dsk6416bsl.lib : dsk6416_aic23_opencodec.obj (.far)
                  00003a28    00000006     dsp_lab.obj (.far)
                  00003a2e    00000002     dsk6416bsl.lib : dsk6416_led.obj (.far)

.stack     0    00003a30    00000400     UNINITIALIZED
                  00003a30    00000008     rts6400.lib : boot.obj (.stack)

.cinit     0    00003e30    00000354     
                  00003e30    0000012c     csl6416.lib : csl_irq.obj (.cinit)
                  00003f5c    00000004     --HOLE-- [fill = 0]
                  00003f60    0000007c                 : csl_mcbsp.obj (.cinit)
                  00003fdc    00000004     --HOLE-- [fill = 0]
                  00003fe0    00000070     c6416dskinit.obj (.cinit)
                  00004050    00000068     sine8_LED.obj (.cinit)
                  000040b8    00000030     dsk6416bsl.lib : dsk6416_aic23_registers.obj (.cinit)
                  000040e8    0000002c     rts6400.lib : exit.obj (.cinit)
                  00004114    00000004     --HOLE-- [fill = 0]
                  00004118    00000028     dsk6416bsl.lib : dsk6416_aic23_setfreq.obj (.cinit)
                  00004140    0000001c     rts6400.lib : _lock.obj (.cinit)
                  0000415c    00000004     --HOLE-- [fill = 0]
                  00004160    0000001a     dsp_lab.obj (.cinit)
                  0000417a    0000000a     --HOLE-- [fill = 0]

.const     0    00004184    00000130     
                  00004184    000000c0     dsk6416bsl.lib : dsk6416.obj (.const)
                  00004244    00000070                    : dsk6416_aic23_opencodec.obj (.const)


GLOBAL SYMBOLS: SORTED ALPHABETICALLY BY Name 

address    name
--------   ----
00000220   $bss
00000220   .bss
00000000   .data
00000220   .text
00002320   C$$EXIT
00003914   _AIC23CfgData
00003908   _AIC_data
00003a20   _DSK6416_AIC23_codeccontrolhandle
00003a24   _DSK6416_AIC23_codecdatahandle
00001000   _DSK6416_AIC23_config
00000c80   _DSK6416_AIC23_openCodec
00000fc8   _DSK6416_AIC23_rget
00000ec0   _DSK6416_AIC23_rset
00001980   _DSK6416_AIC23_setFreq
00002044   _DSK6416_DIP_get
00002040   _DSK6416_DIP_init
00001600   _DSK6416_LED_init
00001640   _DSK6416_LED_off
000016a4   _DSK6416_LED_on
00001708   _DSK6416_LED_toggle
00000bc4   _DSK6416_getVersion
000008e0   _DSK6416_init
00000ab4   _DSK6416_rget
00000ae4   _DSK6416_rset
000039f4   _DSK6416_version
00000b20   _DSK6416_wait
00000b80   _DSK6416_waitusec
00001e60   _EMIFA_config
00001f00   _EMIFB_config
000021e0   _IRQ_enable
00002200   _IRQ_globalDisable
00002220   _IRQ_globalEnable
000010a0   _IRQ_map
00002240   _IRQ_nmiEnable
00002100   _IRQ_reset
00001c20   _MCBSP_config
00002260   _MCBSP_getXmtEventId
00001ce0   _MCBSP_open
00002280   _MCBSP_read
00001440   _MCBSP_reset
000022a0   _MCBSP_rrdy
00001a60   _MCBSP_start
000022c0   _MCBSP_write
000022e0   _MCBSP_xrdy
00003870   __IRQ_dispatchTable
000037a8   __IRQ_eventTable
00002180   __IRQ_hookFetchPacket
00003830   __IRQ_intTable
000039c0   __MCBSP_hDev0
000039c4   __MCBSP_hDev1
000039c8   __MCBSP_hDev2
00000400   __STACK_SIZE
ffffffff   ___binit__
00000220   ___bss__
ffffffff   ___c_args__
00003e30   ___cinit__
00000000   ___data__
00000000   ___edata__
00000220   ___end__
00002340   ___etext__
ffffffff   ___pinit__
00000220   ___text__
00002140   __args_main
00001780   __auto_init
00003900   __cleanup_ptr
00003904   __dtors_ptr
00003a18   __lock
00002300   __nop
00003a30   __stack
00001da0   __strasg
00003a1c   __unlock
00002320   _abort
00002344   _bufindex
00002348   _bufindex2
00000220   _c6416_dsk_init
000020a0   _c_int00
00000320   _comm_intr
000002f0   _comm_poll
0000394c   _config
00001880   _exit
00003a28   _fs
0000234c   _gain
00003974   _hAIC23_handle
00002b78   _input_array
00000790   _input_left_sample
00000838   _input_right_sample
000006a4   _input_sample
00003a2c   _inputsource
00002340   _loopindex
000021c0   _main
00001b40   _memcpy
00002378   _out_buffer
00002370   _out_sample
00003378   _output_array
00000518   _output_left_sample
000005e0   _output_right_sample
00000410   _output_sample
00001280   _sine8_LED
00002350   _sine_table
00000020   _vector1
00000140   _vector10
00000160   _vector11
00000180   _vector12
000001a0   _vector13
000001c0   _vector14
000001e0   _vector15
00000040   _vector2
00000060   _vector3
00000080   _vector4
000000a0   _vector5
000000c0   _vector6
000000e0   _vector7
00000100   _vector8
00000120   _vector9
00000000   _vectors
ffffffff   binit
00003e30   cinit
00000000   edata
00000220   end
00002340   etext
ffffffff   pinit


GLOBAL SYMBOLS: SORTED BY Symbol Address 

address    name
--------   ----
00000000   .data
00000000   ___data__
00000000   ___edata__
00000000   _vectors
00000000   edata
00000020   _vector1
00000040   _vector2
00000060   _vector3
00000080   _vector4
000000a0   _vector5
000000c0   _vector6
000000e0   _vector7
00000100   _vector8
00000120   _vector9
00000140   _vector10
00000160   _vector11
00000180   _vector12
000001a0   _vector13
000001c0   _vector14
000001e0   _vector15
00000220   $bss
00000220   .bss
00000220   .text
00000220   ___bss__
00000220   ___end__
00000220   ___text__
00000220   _c6416_dsk_init
00000220   end
000002f0   _comm_poll
00000320   _comm_intr
00000400   __STACK_SIZE
00000410   _output_sample
00000518   _output_left_sample
000005e0   _output_right_sample
000006a4   _input_sample
00000790   _input_left_sample
00000838   _input_right_sample
000008e0   _DSK6416_init
00000ab4   _DSK6416_rget
00000ae4   _DSK6416_rset
00000b20   _DSK6416_wait
00000b80   _DSK6416_waitusec
00000bc4   _DSK6416_getVersion
00000c80   _DSK6416_AIC23_openCodec
00000ec0   _DSK6416_AIC23_rset
00000fc8   _DSK6416_AIC23_rget
00001000   _DSK6416_AIC23_config
000010a0   _IRQ_map
00001280   _sine8_LED
00001440   _MCBSP_reset
00001600   _DSK6416_LED_init
00001640   _DSK6416_LED_off
000016a4   _DSK6416_LED_on
00001708   _DSK6416_LED_toggle
00001780   __auto_init
00001880   _exit
00001980   _DSK6416_AIC23_setFreq
00001a60   _MCBSP_start
00001b40   _memcpy
00001c20   _MCBSP_config
00001ce0   _MCBSP_open
00001da0   __strasg
00001e60   _EMIFA_config
00001f00   _EMIFB_config
00002040   _DSK6416_DIP_init
00002044   _DSK6416_DIP_get
000020a0   _c_int00
00002100   _IRQ_reset
00002140   __args_main
00002180   __IRQ_hookFetchPacket
000021c0   _main
000021e0   _IRQ_enable
00002200   _IRQ_globalDisable
00002220   _IRQ_globalEnable
00002240   _IRQ_nmiEnable
00002260   _MCBSP_getXmtEventId
00002280   _MCBSP_read
000022a0   _MCBSP_rrdy
000022c0   _MCBSP_write
000022e0   _MCBSP_xrdy
00002300   __nop
00002320   C$$EXIT
00002320   _abort
00002340   ___etext__
00002340   _loopindex
00002340   etext
00002344   _bufindex
00002348   _bufindex2
0000234c   _gain
00002350   _sine_table
00002370   _out_sample
00002378   _out_buffer
00002b78   _input_array
00003378   _output_array
000037a8   __IRQ_eventTable
00003830   __IRQ_intTable
00003870   __IRQ_dispatchTable
00003900   __cleanup_ptr
00003904   __dtors_ptr
00003908   _AIC_data
00003914   _AIC23CfgData
0000394c   _config
00003974   _hAIC23_handle
000039c0   __MCBSP_hDev0
000039c4   __MCBSP_hDev1
000039c8   __MCBSP_hDev2
000039f4   _DSK6416_version
00003a18   __lock
00003a1c   __unlock
00003a20   _DSK6416_AIC23_codeccontrolhandle
00003a24   _DSK6416_AIC23_codecdatahandle
00003a28   _fs
00003a2c   _inputsource
00003a30   __stack
00003e30   ___cinit__
00003e30   cinit
ffffffff   ___binit__
ffffffff   ___c_args__
ffffffff   ___pinit__
ffffffff   binit
ffffffff   pinit

[121 symbols]
