******************************************************************************
          TMS320C6x COFF Linker PC v6.0.8                      
******************************************************************************
>> Linked Fri May 09 15:21:36 2014

OUTPUT FILE NAME:   <./Debug/dsp_lab.out>
ENTRY POINT SYMBOL: "_c_int00"  address: 000043a0


MEMORY CONFIGURATION

         name            origin    length      used     unused   attr    fill
----------------------  --------  ---------  --------  --------  ----  --------
  IVECS                 00000000   00000220  00000200  00000020  RWIX
  IRAM                  00000220   0002fde0  00004c94  0002b14c  RWIX
  SDRAM                 80000000   00100000  00000000  00100000  RWIX
  FLASH                 90000000   00020000  00000000  00020000  RWIX


SECTION ALLOCATION MAP

 output                                  attributes/
section   page    origin      length       input sections
--------  ----  ----------  ----------   ----------------
.EXT_RAM   0    80000000    00000000     UNINITIALIZED

.data      0    00000000    00000000     UNINITIALIZED

.vectors   0    00000000    00000200     
                  00000000    00000200     Vectors_poll.obj (.vectors)

.bss       0    00000220    00000000     UNINITIALIZED

.cio       0    00000220    00000000     UNINITIALIZED

.csldata   0    00000220    00000000     UNINITIALIZED

.switch    0    00000220    00000000     UNINITIALIZED

.sysmem    0    00000220    00000000     UNINITIALIZED

.far       0    00000220    000022e0     UNINITIALIZED
                  00000220    00002028     sine8_LED.obj (.far)
                  00002248    00000100     csl6416.lib : csl_irq.obj (.far)
                  00002348    00000090     rts6400.lib : exit.obj (.far)
                  000023d8    00000070     c6416dskinit.obj (.far)
                  00002448    00000054     csl6416.lib : csl_mcbsp.obj (.far)
                  0000249c    00000028     dsk6416bsl.lib : dsk6416_aic23_registers.obj (.far)
                  000024c4    00000004                    : dsk6416.obj (.far)
                  000024c8    00000020                    : dsk6416_aic23_setfreq.obj (.far)
                  000024e8    00000008     rts6400.lib : _lock.obj (.far)
                  000024f0    00000008     dsk6416bsl.lib : dsk6416_aic23_opencodec.obj (.far)
                  000024f8    00000006     dsp_lab.obj (.far)
                  000024fe    00000002     dsk6416bsl.lib : dsk6416_led.obj (.far)

.text      0    00002500    00002140     
                  00002500    000006c0     c6416dskinit.obj (.text)
                  00002bc0    000003a0     dsk6416bsl.lib : dsk6416.obj (.text)
                  00002f60    00000240                    : dsk6416_aic23_opencodec.obj (.text)
                  000031a0    000001e0                    : dsk6416_aic23_registers.obj (.text)
                  00003380    000001e0     sine8_LED.obj (.text)
                  00003560    000001e0     csl6416.lib : csl_irq.obj (.text:_IRQ_map)
                  00003740    000001c0                 : csl_mcbsp.obj (.text:_MCBSP_reset)
                  00003900    00000180     dsk6416bsl.lib : dsk6416_led.obj (.text)
                  00003a80    00000100     rts6400.lib : autoinit.obj (.text:__auto_init)
                  00003b80    00000100                 : exit.obj (.text:_exit)
                  00003c80    000000e0     dsk6416bsl.lib : dsk6416_aic23_setfreq.obj (.text)
                  00003d60    000000e0     csl6416.lib : csl_mcbsp.obj (.text:_MCBSP_start)
                  00003e40    000000e0     rts6400.lib : memcpy64.obj (.text:_memcpy)
                  00003f20    000000c0     csl6416.lib : csl_mcbsp.obj (.text:_MCBSP_config)
                  00003fe0    000000c0                 : csl_mcbsp.obj (.text:_MCBSP_open)
                  000040a0    000000c0     rts6400.lib : strasg.obj (.text:__strasg)
                  00004160    000000a0     csl6416.lib : csl_emifa.obj (.text:_EMIFA_config)
                  00004200    000000a0                 : csl_emifb.obj (.text:_EMIFB_config)
                  000042a0    000000a0                 : csl_irq.obj (.text:_setMux)
                  00004340    00000060     dsk6416bsl.lib : dsk6416_dip.obj (.text)
                  000043a0    00000060     rts6400.lib : boot.obj (.text:_c_int00)
                  00004400    00000040     csl6416.lib : csl_irq.obj (.text:_IRQ_reset)
                  00004440    00000040     rts6400.lib : args_main.obj (.text:__args_main)
                  00004480    00000020     csl6416.lib : csl_irq.obj (.text)
                  000044a0    00000020     Vectors_poll.obj (.text)
                  000044c0    00000020     dsp_lab.obj (.text)
                  000044e0    00000020     csl6416.lib : csl_irq.obj (.text:_IRQ_enable)
                  00004500    00000020                 : csl_irq.obj (.text:_IRQ_globalDisable)
                  00004520    00000020                 : csl_irq.obj (.text:_IRQ_globalEnable)
                  00004540    00000020                 : csl_irq.obj (.text:_IRQ_nmiEnable)
                  00004560    00000020                 : csl_mcbsp.obj (.text:_MCBSP_getXmtEventId)
                  00004580    00000020                 : csl_mcbsp.obj (.text:_MCBSP_read)
                  000045a0    00000020                 : csl_mcbsp.obj (.text:_MCBSP_rrdy)
                  000045c0    00000020                 : csl_mcbsp.obj (.text:_MCBSP_write)
                  000045e0    00000020                 : csl_mcbsp.obj (.text:_MCBSP_xrdy)
                  00004600    00000020     rts6400.lib : _lock.obj (.text:__nop)
                  00004620    00000020                 : exit.obj (.text:_abort)

.stack     0    00004640    00000400     UNINITIALIZED
                  00004640    00000008     rts6400.lib : boot.obj (.stack)

.cinit     0    00004a40    00000344     
                  00004a40    0000012c     csl6416.lib : csl_irq.obj (.cinit)
                  00004b6c    00000004     --HOLE-- [fill = 0]
                  00004b70    0000007c                 : csl_mcbsp.obj (.cinit)
                  00004bec    00000004     --HOLE-- [fill = 0]
                  00004bf0    00000070     c6416dskinit.obj (.cinit)
                  00004c60    00000058     sine8_LED.obj (.cinit)
                  00004cb8    00000030     dsk6416bsl.lib : dsk6416_aic23_registers.obj (.cinit)
                  00004ce8    0000002c     rts6400.lib : exit.obj (.cinit)
                  00004d14    00000004     --HOLE-- [fill = 0]
                  00004d18    00000028     dsk6416bsl.lib : dsk6416_aic23_setfreq.obj (.cinit)
                  00004d40    0000001c     rts6400.lib : _lock.obj (.cinit)
                  00004d5c    00000004     --HOLE-- [fill = 0]
                  00004d60    0000001a     dsp_lab.obj (.cinit)
                  00004d7a    0000000a     --HOLE-- [fill = 0]

.const     0    00004d84    00000130     
                  00004d84    000000c0     dsk6416bsl.lib : dsk6416.obj (.const)
                  00004e44    00000070                    : dsk6416_aic23_opencodec.obj (.const)


GLOBAL SYMBOLS: SORTED ALPHABETICALLY BY Name 

address    name
--------   ----
00000220   $bss
00000220   .bss
00000000   .data
00002500   .text
00004620   C$$EXIT
000023e4   _AIC23CfgData
000023d8   _AIC_data
000024f0   _DSK6416_AIC23_codeccontrolhandle
000024f4   _DSK6416_AIC23_codecdatahandle
000032e0   _DSK6416_AIC23_config
00002f60   _DSK6416_AIC23_openCodec
000032a8   _DSK6416_AIC23_rget
000031a0   _DSK6416_AIC23_rset
00003c80   _DSK6416_AIC23_setFreq
00004344   _DSK6416_DIP_get
00004340   _DSK6416_DIP_init
00003900   _DSK6416_LED_init
00003940   _DSK6416_LED_off
000039a4   _DSK6416_LED_on
00003a08   _DSK6416_LED_toggle
00002ea4   _DSK6416_getVersion
00002bc0   _DSK6416_init
00002d94   _DSK6416_rget
00002dc4   _DSK6416_rset
000024c4   _DSK6416_version
00002e00   _DSK6416_wait
00002e60   _DSK6416_waitusec
00004160   _EMIFA_config
00004200   _EMIFB_config
000044e0   _IRQ_enable
00004500   _IRQ_globalDisable
00004520   _IRQ_globalEnable
00003560   _IRQ_map
00004540   _IRQ_nmiEnable
00004400   _IRQ_reset
00003f20   _MCBSP_config
00004560   _MCBSP_getXmtEventId
00003fe0   _MCBSP_open
00004580   _MCBSP_read
00003740   _MCBSP_reset
000045a0   _MCBSP_rrdy
00003d60   _MCBSP_start
000045c0   _MCBSP_write
000045e0   _MCBSP_xrdy
00002340   __IRQ_dispatchTable
00002278   __IRQ_eventTable
00004480   __IRQ_hookFetchPacket
00002300   __IRQ_intTable
00002490   __MCBSP_hDev0
00002494   __MCBSP_hDev1
00002498   __MCBSP_hDev2
00000400   __STACK_SIZE
ffffffff   ___binit__
00000220   ___bss__
ffffffff   ___c_args__
00004a40   ___cinit__
00000000   ___data__
00000000   ___edata__
00000220   ___end__
00004640   ___etext__
ffffffff   ___pinit__
00002500   ___text__
00004440   __args_main
00003a80   __auto_init
000023d0   __cleanup_ptr
000023d4   __dtors_ptr
000024e8   __lock
00004600   __nop
00004640   __stack
000040a0   __strasg
000024ec   __unlock
00004620   _abort
00000224   _bufindex
00000228   _bufindex2
00002500   _c6416_dsk_init
000043a0   _c_int00
00002600   _comm_intr
000025d0   _comm_poll
0000241c   _config
00003b80   _exit
000024f8   _fs
0000022c   _gain
00002444   _hAIC23_handle
00000a48   _input_array
00002a70   _input_left_sample
00002b18   _input_right_sample
00002984   _input_sample
000024fc   _inputsource
00000220   _loopindex
000044c0   _main
00003e40   _memcpy
00000248   _out_buffer
00000240   _out_sample
00001248   _output_array
000027f8   _output_left_sample
000028c0   _output_right_sample
000026f0   _output_sample
00003380   _sine8_LED
00000230   _sine_table
00000020   _vector1
00000140   _vector10
00000160   _vector11
00000180   _vector12
000001a0   _vector13
000001c0   _vector14
000001e0   _vector15
00000040   _vector2
00000060   _vector3
00000080   _vector4
000000a0   _vector5
000000c0   _vector6
000000e0   _vector7
00000100   _vector8
00000120   _vector9
00000000   _vectors
ffffffff   binit
00004a40   cinit
00000000   edata
00000220   end
00004640   etext
ffffffff   pinit


GLOBAL SYMBOLS: SORTED BY Symbol Address 

address    name
--------   ----
00000000   .data
00000000   ___data__
00000000   ___edata__
00000000   _vectors
00000000   edata
00000020   _vector1
00000040   _vector2
00000060   _vector3
00000080   _vector4
000000a0   _vector5
000000c0   _vector6
000000e0   _vector7
00000100   _vector8
00000120   _vector9
00000140   _vector10
00000160   _vector11
00000180   _vector12
000001a0   _vector13
000001c0   _vector14
000001e0   _vector15
00000220   $bss
00000220   .bss
00000220   ___bss__
00000220   ___end__
00000220   _loopindex
00000220   end
00000224   _bufindex
00000228   _bufindex2
0000022c   _gain
00000230   _sine_table
00000240   _out_sample
00000248   _out_buffer
00000400   __STACK_SIZE
00000a48   _input_array
00001248   _output_array
00002278   __IRQ_eventTable
00002300   __IRQ_intTable
00002340   __IRQ_dispatchTable
000023d0   __cleanup_ptr
000023d4   __dtors_ptr
000023d8   _AIC_data
000023e4   _AIC23CfgData
0000241c   _config
00002444   _hAIC23_handle
00002490   __MCBSP_hDev0
00002494   __MCBSP_hDev1
00002498   __MCBSP_hDev2
000024c4   _DSK6416_version
000024e8   __lock
000024ec   __unlock
000024f0   _DSK6416_AIC23_codeccontrolhandle
000024f4   _DSK6416_AIC23_codecdatahandle
000024f8   _fs
000024fc   _inputsource
00002500   .text
00002500   ___text__
00002500   _c6416_dsk_init
000025d0   _comm_poll
00002600   _comm_intr
000026f0   _output_sample
000027f8   _output_left_sample
000028c0   _output_right_sample
00002984   _input_sample
00002a70   _input_left_sample
00002b18   _input_right_sample
00002bc0   _DSK6416_init
00002d94   _DSK6416_rget
00002dc4   _DSK6416_rset
00002e00   _DSK6416_wait
00002e60   _DSK6416_waitusec
00002ea4   _DSK6416_getVersion
00002f60   _DSK6416_AIC23_openCodec
000031a0   _DSK6416_AIC23_rset
000032a8   _DSK6416_AIC23_rget
000032e0   _DSK6416_AIC23_config
00003380   _sine8_LED
00003560   _IRQ_map
00003740   _MCBSP_reset
00003900   _DSK6416_LED_init
00003940   _DSK6416_LED_off
000039a4   _DSK6416_LED_on
00003a08   _DSK6416_LED_toggle
00003a80   __auto_init
00003b80   _exit
00003c80   _DSK6416_AIC23_setFreq
00003d60   _MCBSP_start
00003e40   _memcpy
00003f20   _MCBSP_config
00003fe0   _MCBSP_open
000040a0   __strasg
00004160   _EMIFA_config
00004200   _EMIFB_config
00004340   _DSK6416_DIP_init
00004344   _DSK6416_DIP_get
000043a0   _c_int00
00004400   _IRQ_reset
00004440   __args_main
00004480   __IRQ_hookFetchPacket
000044c0   _main
000044e0   _IRQ_enable
00004500   _IRQ_globalDisable
00004520   _IRQ_globalEnable
00004540   _IRQ_nmiEnable
00004560   _MCBSP_getXmtEventId
00004580   _MCBSP_read
000045a0   _MCBSP_rrdy
000045c0   _MCBSP_write
000045e0   _MCBSP_xrdy
00004600   __nop
00004620   C$$EXIT
00004620   _abort
00004640   ___etext__
00004640   __stack
00004640   etext
00004a40   ___cinit__
00004a40   cinit
ffffffff   ___binit__
ffffffff   ___c_args__
ffffffff   ___pinit__
ffffffff   binit
ffffffff   pinit

[121 symbols]
