******************************************************************************
          TMS320C6x COFF Linker PC v6.0.8                      
******************************************************************************
>> Linked Thu Jul 17 14:08:04 2014

OUTPUT FILE NAME:   <./Debug/dsp_lab.out>
ENTRY POINT SYMBOL: "_c_int00"  address: 000026a0


MEMORY CONFIGURATION

         name            origin    length      used     unused   attr    fill
----------------------  --------  ---------  --------  --------  ----  --------
  IVECS                 00000000   00000220  00000200  00000020  RWIX
  IRAM                  00000220   0002fde0  000036a2  0002c73e  RWIX
  SDRAM                 80000000   00100000  00000000  00100000  RWIX
  FLASH                 90000000   00020000  00000000  00020000  RWIX


SECTION ALLOCATION MAP

 output                                  attributes/
section   page    origin      length       input sections
--------  ----  ----------  ----------   ----------------
.EXT_RAM   0    80000000    00000000     UNINITIALIZED

.data      0    00000000    00000000     UNINITIALIZED

.vectors   0    00000000    00000200     
                  00000000    00000200     Vectors_intr.obj (.vectors)

.bss       0    00000220    00000000     UNINITIALIZED

.cio       0    00000220    00000000     UNINITIALIZED

.csldata   0    00000220    00000000     UNINITIALIZED

.switch    0    00000220    00000000     UNINITIALIZED

.sysmem    0    00000220    00000000     UNINITIALIZED

.text      0    00000220    00002760     
                  00000220    000006c0     c6416dskinit.obj (.text)
                  000008e0    000005c0     filtering.obj (.text)
                  00000ea0    000003a0     dsk6416bsl.lib : dsk6416.obj (.text)
                  00001240    00000240                    : dsk6416_aic23_opencodec.obj (.text)
                  00001480    000001e0                    : dsk6416_aic23_registers.obj (.text)
                  00001660    000001e0     csl6416.lib : csl_irq.obj (.text:_IRQ_map)
                  00001840    000001c0                 : csl_mcbsp.obj (.text:_MCBSP_reset)
                  00001a00    00000180     rts6400.lib : addf.obj (.text:__addf)
                  00001b80    00000160                 : mpyf.obj (.text:__mpyf)
                  00001ce0    00000100                 : autoinit.obj (.text:__auto_init)
                  00001de0    00000100                 : exit.obj (.text:_exit)
                  00001ee0    000000e0     dsk6416bsl.lib : dsk6416_aic23_setfreq.obj (.text)
                  00001fc0    000000e0     csl6416.lib : csl_mcbsp.obj (.text:_MCBSP_start)
                  000020a0    000000e0     rts6400.lib : memcpy64.obj (.text:_memcpy)
                  00002180    000000c0     csl6416.lib : csl_mcbsp.obj (.text:_MCBSP_config)
                  00002240    000000c0                 : csl_mcbsp.obj (.text:_MCBSP_open)
                  00002300    000000c0     rts6400.lib : strasg.obj (.text:__strasg)
                  000023c0    000000a0     csl6416.lib : csl_emifa.obj (.text:_EMIFA_config)
                  00002460    000000a0                 : csl_emifb.obj (.text:_EMIFB_config)
                  00002500    000000a0     rts6400.lib : fixfi.obj (.text:__fixfi)
                  000025a0    000000a0     csl6416.lib : csl_irq.obj (.text:_setMux)
                  00002640    00000060     rts6400.lib : fltif.obj (.text:__fltif)
                  000026a0    00000060                 : boot.obj (.text:_c_int00)
                  00002700    00000040     csl6416.lib : csl_irq.obj (.text:_IRQ_reset)
                  00002740    00000040     rts6400.lib : args_main.obj (.text:__args_main)
                  00002780    00000040                 : frcmpyf.obj (.text:__frcmpyf)
                  000027c0    00000020     csl6416.lib : csl_irq.obj (.text)
                  000027e0    00000020     Vectors_intr.obj (.text)
                  00002800    00000020     dsp_lab.obj (.text)
                  00002820    00000020     csl6416.lib : csl_irq.obj (.text:_IRQ_enable)
                  00002840    00000020                 : csl_irq.obj (.text:_IRQ_globalDisable)
                  00002860    00000020                 : csl_irq.obj (.text:_IRQ_globalEnable)
                  00002880    00000020                 : csl_irq.obj (.text:_IRQ_nmiEnable)
                  000028a0    00000020                 : csl_mcbsp.obj (.text:_MCBSP_getXmtEventId)
                  000028c0    00000020                 : csl_mcbsp.obj (.text:_MCBSP_read)
                  000028e0    00000020                 : csl_mcbsp.obj (.text:_MCBSP_rrdy)
                  00002900    00000020                 : csl_mcbsp.obj (.text:_MCBSP_write)
                  00002920    00000020                 : csl_mcbsp.obj (.text:_MCBSP_xrdy)
                  00002940    00000020     rts6400.lib : _lock.obj (.text:__nop)
                  00002960    00000020                 : exit.obj (.text:_abort)

.far       0    00002980    000006de     UNINITIALIZED
                  00002980    00000428     filtering.obj (.far)
                  00002da8    00000100     csl6416.lib : csl_irq.obj (.far)
                  00002ea8    00000090     rts6400.lib : exit.obj (.far)
                  00002f38    00000070     c6416dskinit.obj (.far)
                  00002fa8    00000054     csl6416.lib : csl_mcbsp.obj (.far)
                  00002ffc    00000028     dsk6416bsl.lib : dsk6416_aic23_registers.obj (.far)
                  00003024    00000004                    : dsk6416.obj (.far)
                  00003028    00000020                    : dsk6416_aic23_setfreq.obj (.far)
                  00003048    00000008     rts6400.lib : _lock.obj (.far)
                  00003050    00000008     dsk6416bsl.lib : dsk6416_aic23_opencodec.obj (.far)
                  00003058    00000006     dsp_lab.obj (.far)

.stack     0    00003060    00000400     UNINITIALIZED
                  00003060    00000008     rts6400.lib : boot.obj (.stack)

.cinit     0    00003460    00000334     
                  00003460    0000012c     csl6416.lib : csl_irq.obj (.cinit)
                  0000358c    00000004     --HOLE-- [fill = 0]
                  00003590    0000007c                 : csl_mcbsp.obj (.cinit)
                  0000360c    00000004     --HOLE-- [fill = 0]
                  00003610    00000070     c6416dskinit.obj (.cinit)
                  00003680    00000044     filtering.obj (.cinit)
                  000036c4    00000004     --HOLE-- [fill = 0]
                  000036c8    00000030     dsk6416bsl.lib : dsk6416_aic23_registers.obj (.cinit)
                  000036f8    0000002c     rts6400.lib : exit.obj (.cinit)
                  00003724    00000004     --HOLE-- [fill = 0]
                  00003728    00000028     dsk6416bsl.lib : dsk6416_aic23_setfreq.obj (.cinit)
                  00003750    0000001c     rts6400.lib : _lock.obj (.cinit)
                  0000376c    00000004     --HOLE-- [fill = 0]
                  00003770    0000001a     dsp_lab.obj (.cinit)
                  0000378a    0000000a     --HOLE-- [fill = 0]

.const     0    00003794    00000130     
                  00003794    000000c0     dsk6416bsl.lib : dsk6416.obj (.const)
                  00003854    00000070                    : dsk6416_aic23_opencodec.obj (.const)


GLOBAL SYMBOLS: SORTED ALPHABETICALLY BY Name 

address    name
--------   ----
00000220   $bss
00000220   .bss
00000000   .data
00000220   .text
00002960   C$$EXIT
00002f44   _AIC23CfgData
00002f38   _AIC_data
00003050   _DSK6416_AIC23_codeccontrolhandle
00003054   _DSK6416_AIC23_codecdatahandle
000015c0   _DSK6416_AIC23_config
00001240   _DSK6416_AIC23_openCodec
00001588   _DSK6416_AIC23_rget
00001480   _DSK6416_AIC23_rset
00001ee0   _DSK6416_AIC23_setFreq
00001184   _DSK6416_getVersion
00000ea0   _DSK6416_init
00001074   _DSK6416_rget
000010a4   _DSK6416_rset
00003024   _DSK6416_version
000010e0   _DSK6416_wait
00001140   _DSK6416_waitusec
000023c0   _EMIFA_config
00002460   _EMIFB_config
00002820   _IRQ_enable
00002840   _IRQ_globalDisable
00002860   _IRQ_globalEnable
00001660   _IRQ_map
00002880   _IRQ_nmiEnable
00002700   _IRQ_reset
00002180   _MCBSP_config
000028a0   _MCBSP_getXmtEventId
00002240   _MCBSP_open
000028c0   _MCBSP_read
00001840   _MCBSP_reset
000028e0   _MCBSP_rrdy
00001fc0   _MCBSP_start
00002900   _MCBSP_write
00002920   _MCBSP_xrdy
00002ea0   __IRQ_dispatchTable
00002dd8   __IRQ_eventTable
000027c0   __IRQ_hookFetchPacket
00002e60   __IRQ_intTable
00002ff0   __MCBSP_hDev0
00002ff4   __MCBSP_hDev1
00002ff8   __MCBSP_hDev2
00000400   __STACK_SIZE
ffffffff   ___binit__
00000220   ___bss__
ffffffff   ___c_args__
00003460   ___cinit__
00000000   ___data__
00000000   ___edata__
00000220   ___end__
00002980   ___etext__
ffffffff   ___pinit__
00000220   ___text__
00001a00   __addf
00002740   __args_main
00001ce0   __auto_init
00002f30   __cleanup_ptr
00002f34   __dtors_ptr
00002500   __fixfi
00002640   __fltif
00002780   __frcmpyf
00003048   __lock
00001b80   __mpyf
00002940   __nop
00003060   __stack
00002300   __strasg
0000304c   __unlock
00002960   _abort
000029a4   _bufindex
00000220   _c6416_dsk_init
000026a0   _c_int00
000008e0   _c_int11
00000320   _comm_intr
000002f0   _comm_poll
00002f7c   _config
00001de0   _exit
00000d54   _fir_filter
00003058   _fs
00002990   _h
00002fa4   _hAIC23_handle
00000790   _input_left_sample
00000838   _input_right_sample
000006a4   _input_sample
0000305c   _inputsource
00002800   _main
000020a0   _memcpy
000029a8   _out_buffer
00000518   _output_left_sample
000005e0   _output_right_sample
00000410   _output_sample
00000020   _vector1
00000140   _vector10
00000180   _vector12
000001a0   _vector13
000001c0   _vector14
000001e0   _vector15
00000040   _vector2
00000060   _vector3
00000080   _vector4
000000a0   _vector5
000000c0   _vector6
000000e0   _vector7
00000100   _vector8
00000120   _vector9
00000000   _vectors
00002980   _x
ffffffff   binit
00003460   cinit
00000000   edata
00000220   end
00002980   etext
ffffffff   pinit


GLOBAL SYMBOLS: SORTED BY Symbol Address 

address    name
--------   ----
00000000   .data
00000000   ___data__
00000000   ___edata__
00000000   _vectors
00000000   edata
00000020   _vector1
00000040   _vector2
00000060   _vector3
00000080   _vector4
000000a0   _vector5
000000c0   _vector6
000000e0   _vector7
00000100   _vector8
00000120   _vector9
00000140   _vector10
00000180   _vector12
000001a0   _vector13
000001c0   _vector14
000001e0   _vector15
00000220   $bss
00000220   .bss
00000220   .text
00000220   ___bss__
00000220   ___end__
00000220   ___text__
00000220   _c6416_dsk_init
00000220   end
000002f0   _comm_poll
00000320   _comm_intr
00000400   __STACK_SIZE
00000410   _output_sample
00000518   _output_left_sample
000005e0   _output_right_sample
000006a4   _input_sample
00000790   _input_left_sample
00000838   _input_right_sample
000008e0   _c_int11
00000d54   _fir_filter
00000ea0   _DSK6416_init
00001074   _DSK6416_rget
000010a4   _DSK6416_rset
000010e0   _DSK6416_wait
00001140   _DSK6416_waitusec
00001184   _DSK6416_getVersion
00001240   _DSK6416_AIC23_openCodec
00001480   _DSK6416_AIC23_rset
00001588   _DSK6416_AIC23_rget
000015c0   _DSK6416_AIC23_config
00001660   _IRQ_map
00001840   _MCBSP_reset
00001a00   __addf
00001b80   __mpyf
00001ce0   __auto_init
00001de0   _exit
00001ee0   _DSK6416_AIC23_setFreq
00001fc0   _MCBSP_start
000020a0   _memcpy
00002180   _MCBSP_config
00002240   _MCBSP_open
00002300   __strasg
000023c0   _EMIFA_config
00002460   _EMIFB_config
00002500   __fixfi
00002640   __fltif
000026a0   _c_int00
00002700   _IRQ_reset
00002740   __args_main
00002780   __frcmpyf
000027c0   __IRQ_hookFetchPacket
00002800   _main
00002820   _IRQ_enable
00002840   _IRQ_globalDisable
00002860   _IRQ_globalEnable
00002880   _IRQ_nmiEnable
000028a0   _MCBSP_getXmtEventId
000028c0   _MCBSP_read
000028e0   _MCBSP_rrdy
00002900   _MCBSP_write
00002920   _MCBSP_xrdy
00002940   __nop
00002960   C$$EXIT
00002960   _abort
00002980   ___etext__
00002980   _x
00002980   etext
00002990   _h
000029a4   _bufindex
000029a8   _out_buffer
00002dd8   __IRQ_eventTable
00002e60   __IRQ_intTable
00002ea0   __IRQ_dispatchTable
00002f30   __cleanup_ptr
00002f34   __dtors_ptr
00002f38   _AIC_data
00002f44   _AIC23CfgData
00002f7c   _config
00002fa4   _hAIC23_handle
00002ff0   __MCBSP_hDev0
00002ff4   __MCBSP_hDev1
00002ff8   __MCBSP_hDev2
00003024   _DSK6416_version
00003048   __lock
0000304c   __unlock
00003050   _DSK6416_AIC23_codeccontrolhandle
00003054   _DSK6416_AIC23_codecdatahandle
00003058   _fs
0000305c   _inputsource
00003060   __stack
00003460   ___cinit__
00003460   cinit
ffffffff   ___binit__
ffffffff   ___c_args__
ffffffff   ___pinit__
ffffffff   binit
ffffffff   pinit

[115 symbols]
