******************************************************************************
          TMS320C6x COFF Linker PC v6.0.8                      
******************************************************************************
>> Linked Fri Jun 06 15:44:31 2014

OUTPUT FILE NAME:   <./Debug/dsp_lab.out>
ENTRY POINT SYMBOL: "_c_int00"  address: 00003800


MEMORY CONFIGURATION

         name            origin    length      used     unused   attr    fill
----------------------  --------  ---------  --------  --------  ----  --------
  IVECS                 00000000   00000220  00000200  00000020  RWIX
  IRAM                  00000220   0002fde0  00004d3a  0002b0a6  RWIX
  SDRAM                 80000000   00100000  00000000  00100000  RWIX
  FLASH                 90000000   00020000  00000000  00020000  RWIX


SECTION ALLOCATION MAP

 output                                  attributes/
section   page    origin      length       input sections
--------  ----  ----------  ----------   ----------------
.EXT_RAM   0    80000000    00000000     UNINITIALIZED

.data      0    00000000    00000000     UNINITIALIZED

.vectors   0    00000000    00000200     
                  00000000    00000200     Vectors_poll.obj (.vectors)

.bss       0    00000220    00000000     UNINITIALIZED

.cio       0    00000220    00000000     UNINITIALIZED

.csldata   0    00000220    00000000     UNINITIALIZED

.sysmem    0    00000220    00000000     UNINITIALIZED

.text      0    00000220    00003960     
                  00000220    000006c0     c6416dskinit.obj (.text)
                  000008e0    000004c0     rts6400.lib : cos.obj (.text:_cos)
                  00000da0    000003a0     dsk6416bsl.lib : dsk6416.obj (.text)
                  00001140    00000320     rts6400.lib : frcdivd.obj (.text:__frcdivd)
                  00001460    00000300     cos_gen.obj (.text)
                  00001760    00000240     dsk6416bsl.lib : dsk6416_aic23_opencodec.obj (.text)
                  000019a0    00000240     rts6400.lib : frcaddd.obj (.text:__frcaddd)
                  00001be0    000001e0     dsk6416bsl.lib : dsk6416_aic23_registers.obj (.text)
                  00001dc0    000001e0     csl6416.lib : csl_irq.obj (.text:_IRQ_map)
                  00001fa0    000001c0                 : csl_mcbsp.obj (.text:_MCBSP_reset)
                  00002160    000001c0     rts6400.lib : divd.obj (.text:__divd)
                  00002320    000001c0                 : mpyd.obj (.text:__mpyd)
                  000024e0    00000160                 : addd.obj (.text:__addd)
                  00002640    00000160                 : mpyf.obj (.text:__mpyf)
                  000027a0    00000160                 : round.obj (.text:__round)
                  00002900    00000120                 : frcmpyd.obj (.text:__frcmpyd)
                  00002a20    00000100                 : autoinit.obj (.text:__auto_init)
                  00002b20    00000100                 : exit.obj (.text:_exit)
                  00002c20    000000e0     dsk6416bsl.lib : dsk6416_aic23_setfreq.obj (.text)
                  00002d00    000000e0     csl6416.lib : csl_mcbsp.obj (.text:_MCBSP_start)
                  00002de0    000000e0     rts6400.lib : memcpy64.obj (.text:_memcpy)
                  00002ec0    000000e0                 : modf.obj (.text:_modf)
                  00002fa0    000000c0     csl6416.lib : csl_mcbsp.obj (.text:_MCBSP_config)
                  00003060    000000c0                 : csl_mcbsp.obj (.text:_MCBSP_open)
                  00003120    000000c0     rts6400.lib : strasg.obj (.text:__strasg)
                  000031e0    000000a0     csl6416.lib : csl_emifa.obj (.text:_EMIFA_config)
                  00003280    000000a0                 : csl_emifb.obj (.text:_EMIFB_config)
                  00003320    000000a0     rts6400.lib : cmpd.obj (.text:__cmpd)
                  000033c0    000000a0                 : cvtdf.obj (.text:__cvtdf)
                  00003460    000000a0                 : fixdi.obj (.text:__fixdi)
                  00003500    000000a0                 : fixfi.obj (.text:__fixfi)
                  000035a0    000000a0                 : renormd.obj (.text:_renormd)
                  00003640    000000a0     csl6416.lib : csl_irq.obj (.text:_setMux)
                  000036e0    00000060     rts6400.lib : cvtfd.obj (.text:__cvtfd)
                  00003740    00000060                 : fltid.obj (.text:__fltid)
                  000037a0    00000060                 : fltif.obj (.text:__fltif)
                  00003800    00000060                 : boot.obj (.text:_c_int00)
                  00003860    00000040     csl6416.lib : csl_irq.obj (.text:_IRQ_reset)
                  000038a0    00000040     rts6400.lib : args_main.obj (.text:__args_main)
                  000038e0    00000040                 : frcmpyf.obj (.text:__frcmpyf)
                  00003920    00000040                 : negd.obj (.text:__negd)
                  00003960    00000040                 : subd.obj (.text:__subd)
                  000039a0    00000020     csl6416.lib : csl_irq.obj (.text)
                  000039c0    00000020     Vectors_poll.obj (.text)
                  000039e0    00000020     dsp_lab.obj (.text)
                  00003a00    00000020     csl6416.lib : csl_irq.obj (.text:_IRQ_enable)
                  00003a20    00000020                 : csl_irq.obj (.text:_IRQ_globalDisable)
                  00003a40    00000020                 : csl_irq.obj (.text:_IRQ_globalEnable)
                  00003a60    00000020                 : csl_irq.obj (.text:_IRQ_nmiEnable)
                  00003a80    00000020                 : csl_mcbsp.obj (.text:_MCBSP_getXmtEventId)
                  00003aa0    00000020                 : csl_mcbsp.obj (.text:_MCBSP_read)
                  00003ac0    00000020                 : csl_mcbsp.obj (.text:_MCBSP_rrdy)
                  00003ae0    00000020                 : csl_mcbsp.obj (.text:_MCBSP_write)
                  00003b00    00000020                 : csl_mcbsp.obj (.text:_MCBSP_xrdy)
                  00003b20    00000020     rts6400.lib : _lock.obj (.text:__nop)
                  00003b40    00000020                 : trunc.obj (.text:__trunc)
                  00003b60    00000020                 : exit.obj (.text:_abort)

.far       0    00003b80    00000b16     UNINITIALIZED
                  00003b80    0000081c     cos_gen.obj (.far)
                  0000439c    00000004     dsk6416bsl.lib : dsk6416.obj (.far)
                  000043a0    00000100     csl6416.lib : csl_irq.obj (.far)
                  000044a0    00000090     rts6400.lib : exit.obj (.far)
                  00004530    00000070     c6416dskinit.obj (.far)
                  000045a0    00000054     csl6416.lib : csl_mcbsp.obj (.far)
                  000045f8    00000040     rts6400.lib : cos.obj (.far)
                  00004638    00000028     dsk6416bsl.lib : dsk6416_aic23_registers.obj (.far)
                  00004660    00000020                    : dsk6416_aic23_setfreq.obj (.far)
                  00004680    00000008     rts6400.lib : _lock.obj (.far)
                  00004688    00000008     dsk6416bsl.lib : dsk6416_aic23_opencodec.obj (.far)
                  00004690    00000006     dsp_lab.obj (.far)

.stack     0    00004698    00000400     UNINITIALIZED
                  00004698    00000008     rts6400.lib : boot.obj (.stack)

.cinit     0    00004a98    00000384     
                  00004a98    0000012c     csl6416.lib : csl_irq.obj (.cinit)
                  00004bc4    00000004     --HOLE-- [fill = 0]
                  00004bc8    0000007c                 : csl_mcbsp.obj (.cinit)
                  00004c44    00000004     --HOLE-- [fill = 0]
                  00004c48    00000070     c6416dskinit.obj (.cinit)
                  00004cb8    0000004a     cos_gen.obj (.cinit)
                  00004d02    00000006     --HOLE-- [fill = 0]
                  00004d08    00000048     rts6400.lib : cos.obj (.cinit)
                  00004d50    00000030     dsk6416bsl.lib : dsk6416_aic23_registers.obj (.cinit)
                  00004d80    0000002c     rts6400.lib : exit.obj (.cinit)
                  00004dac    00000004     --HOLE-- [fill = 0]
                  00004db0    00000028     dsk6416bsl.lib : dsk6416_aic23_setfreq.obj (.cinit)
                  00004dd8    0000001c     rts6400.lib : _lock.obj (.cinit)
                  00004df4    00000004     --HOLE-- [fill = 0]
                  00004df8    0000001a     dsp_lab.obj (.cinit)
                  00004e12    0000000a     --HOLE-- [fill = 0]

.const     0    00004e1c    00000130     
                  00004e1c    000000c0     dsk6416bsl.lib : dsk6416.obj (.const)
                  00004edc    00000070                    : dsk6416_aic23_opencodec.obj (.const)

.switch    0    00004f4c    00000010     
                  00004f4c    00000010     rts6400.lib : frcdivd.obj (.switch)


GLOBAL SYMBOLS: SORTED ALPHABETICALLY BY Name 

address    name
--------   ----
00000220   $bss
00000220   .bss
00000000   .data
00000220   .text
00003b60   C$$EXIT
0000453c   _AIC23CfgData
00004530   _AIC_data
00004688   _DSK6416_AIC23_codeccontrolhandle
0000468c   _DSK6416_AIC23_codecdatahandle
00001d20   _DSK6416_AIC23_config
00001760   _DSK6416_AIC23_openCodec
00001ce8   _DSK6416_AIC23_rget
00001be0   _DSK6416_AIC23_rset
00002c20   _DSK6416_AIC23_setFreq
00001084   _DSK6416_getVersion
00000da0   _DSK6416_init
00000f74   _DSK6416_rget
00000fa4   _DSK6416_rset
0000439c   _DSK6416_version
00000fe0   _DSK6416_wait
00001040   _DSK6416_waitusec
000031e0   _EMIFA_config
00003280   _EMIFB_config
00003a00   _IRQ_enable
00003a20   _IRQ_globalDisable
00003a40   _IRQ_globalEnable
00001dc0   _IRQ_map
00003a60   _IRQ_nmiEnable
00003860   _IRQ_reset
00002fa0   _MCBSP_config
00003a80   _MCBSP_getXmtEventId
00003060   _MCBSP_open
00003aa0   _MCBSP_read
00001fa0   _MCBSP_reset
00003ac0   _MCBSP_rrdy
00002d00   _MCBSP_start
00003ae0   _MCBSP_write
00003b00   _MCBSP_xrdy
00004498   __IRQ_dispatchTable
000043d0   __IRQ_eventTable
000039a0   __IRQ_hookFetchPacket
00004458   __IRQ_intTable
000045e8   __MCBSP_hDev0
000045ec   __MCBSP_hDev1
000045f0   __MCBSP_hDev2
00000400   __STACK_SIZE
ffffffff   ___binit__
00000220   ___bss__
ffffffff   ___c_args__
00004a98   ___cinit__
00000000   ___data__
00000000   ___edata__
00000220   ___end__
00003b80   ___etext__
ffffffff   ___pinit__
00000220   ___text__
000024e0   __addd
000038a0   __args_main
00002a20   __auto_init
00004528   __cleanup_ptr
00003320   __cmpd
000033c0   __cvtdf
000036e0   __cvtfd
00002160   __divd
0000452c   __dtors_ptr
00003460   __fixdi
00003500   __fixfi
00003740   __fltid
000037a0   __fltif
000019a0   __frcaddd
00001140   __frcdivd
00002900   __frcmpyd
000038e0   __frcmpyf
00004680   __lock
00002320   __mpyd
00002640   __mpyf
00003920   __negd
00003b20   __nop
000027a0   __round
00004698   __stack
00003120   __strasg
00003960   __subd
00003b40   __trunc
00004684   __unlock
00003b60   _abort
00004398   _bufindex
00000220   _c6416_dsk_init
00003800   _c_int00
00000320   _comm_intr
000002f0   _comm_poll
00004574   _config
000008e0   _cos
00001460   _cos_gen
00002b20   _exit
00003b80   _f
00004690   _fs
0000439a   _gain
0000459c   _hAIC23_handle
00000790   _input_left_sample
00000838   _input_right_sample
000006a4   _input_sample
00004694   _inputsource
000039e0   _main
00002de0   _memcpy
00002ec0   _modf
00003b88   _out
00003b98   _out_buffer
00003b94   _out_sample
00003b90   _output
00000518   _output_left_sample
000005e0   _output_right_sample
00000410   _output_sample
000035a0   _renormd
00000020   _vector1
00000140   _vector10
00000160   _vector11
00000180   _vector12
000001a0   _vector13
000001c0   _vector14
000001e0   _vector15
00000040   _vector2
00000060   _vector3
00000080   _vector4
000000a0   _vector5
000000c0   _vector6
000000e0   _vector7
00000100   _vector8
00000120   _vector9
00000000   _vectors
ffffffff   binit
00004a98   cinit
00000000   edata
00000220   end
00003b80   etext
ffffffff   pinit


GLOBAL SYMBOLS: SORTED BY Symbol Address 

address    name
--------   ----
00000000   .data
00000000   ___data__
00000000   ___edata__
00000000   _vectors
00000000   edata
00000020   _vector1
00000040   _vector2
00000060   _vector3
00000080   _vector4
000000a0   _vector5
000000c0   _vector6
000000e0   _vector7
00000100   _vector8
00000120   _vector9
00000140   _vector10
00000160   _vector11
00000180   _vector12
000001a0   _vector13
000001c0   _vector14
000001e0   _vector15
00000220   $bss
00000220   .bss
00000220   .text
00000220   ___bss__
00000220   ___end__
00000220   ___text__
00000220   _c6416_dsk_init
00000220   end
000002f0   _comm_poll
00000320   _comm_intr
00000400   __STACK_SIZE
00000410   _output_sample
00000518   _output_left_sample
000005e0   _output_right_sample
000006a4   _input_sample
00000790   _input_left_sample
00000838   _input_right_sample
000008e0   _cos
00000da0   _DSK6416_init
00000f74   _DSK6416_rget
00000fa4   _DSK6416_rset
00000fe0   _DSK6416_wait
00001040   _DSK6416_waitusec
00001084   _DSK6416_getVersion
00001140   __frcdivd
00001460   _cos_gen
00001760   _DSK6416_AIC23_openCodec
000019a0   __frcaddd
00001be0   _DSK6416_AIC23_rset
00001ce8   _DSK6416_AIC23_rget
00001d20   _DSK6416_AIC23_config
00001dc0   _IRQ_map
00001fa0   _MCBSP_reset
00002160   __divd
00002320   __mpyd
000024e0   __addd
00002640   __mpyf
000027a0   __round
00002900   __frcmpyd
00002a20   __auto_init
00002b20   _exit
00002c20   _DSK6416_AIC23_setFreq
00002d00   _MCBSP_start
00002de0   _memcpy
00002ec0   _modf
00002fa0   _MCBSP_config
00003060   _MCBSP_open
00003120   __strasg
000031e0   _EMIFA_config
00003280   _EMIFB_config
00003320   __cmpd
000033c0   __cvtdf
00003460   __fixdi
00003500   __fixfi
000035a0   _renormd
000036e0   __cvtfd
00003740   __fltid
000037a0   __fltif
00003800   _c_int00
00003860   _IRQ_reset
000038a0   __args_main
000038e0   __frcmpyf
00003920   __negd
00003960   __subd
000039a0   __IRQ_hookFetchPacket
000039e0   _main
00003a00   _IRQ_enable
00003a20   _IRQ_globalDisable
00003a40   _IRQ_globalEnable
00003a60   _IRQ_nmiEnable
00003a80   _MCBSP_getXmtEventId
00003aa0   _MCBSP_read
00003ac0   _MCBSP_rrdy
00003ae0   _MCBSP_write
00003b00   _MCBSP_xrdy
00003b20   __nop
00003b40   __trunc
00003b60   C$$EXIT
00003b60   _abort
00003b80   ___etext__
00003b80   _f
00003b80   etext
00003b88   _out
00003b90   _output
00003b94   _out_sample
00003b98   _out_buffer
00004398   _bufindex
0000439a   _gain
0000439c   _DSK6416_version
000043d0   __IRQ_eventTable
00004458   __IRQ_intTable
00004498   __IRQ_dispatchTable
00004528   __cleanup_ptr
0000452c   __dtors_ptr
00004530   _AIC_data
0000453c   _AIC23CfgData
00004574   _config
0000459c   _hAIC23_handle
000045e8   __MCBSP_hDev0
000045ec   __MCBSP_hDev1
000045f0   __MCBSP_hDev2
00004680   __lock
00004684   __unlock
00004688   _DSK6416_AIC23_codeccontrolhandle
0000468c   _DSK6416_AIC23_codecdatahandle
00004690   _fs
00004694   _inputsource
00004698   __stack
00004a98   ___cinit__
00004a98   cinit
ffffffff   ___binit__
ffffffff   ___c_args__
ffffffff   ___pinit__
ffffffff   binit
ffffffff   pinit

[135 symbols]
