******************************************************************************
          TMS320C6x COFF Linker PC v6.0.8                      
******************************************************************************
>> Linked Thu Jul 17 14:32:11 2014

OUTPUT FILE NAME:   <./Debug/dsp_lab.out>
ENTRY POINT SYMBOL: "_c_int00"  address: 00002c60


MEMORY CONFIGURATION

         name            origin    length      used     unused   attr    fill
----------------------  --------  ---------  --------  --------  ----  --------
  IVECS                 00000000   00000220  00000200  00000020  RWIX
  IRAM                  00000220   0002fde0  0000406a  0002bd76  RWIX
  SDRAM                 80000000   00100000  00000000  00100000  RWIX
  FLASH                 90000000   00020000  00000000  00020000  RWIX


SECTION ALLOCATION MAP

 output                                  attributes/
section   page    origin      length       input sections
--------  ----  ----------  ----------   ----------------
.EXT_RAM   0    80000000    00000000     UNINITIALIZED

.data      0    00000000    00000000     UNINITIALIZED

.vectors   0    00000000    00000200     
                  00000000    00000200     Vectors_intr.obj (.vectors)

.bss       0    00000220    00000000     UNINITIALIZED

.cio       0    00000220    00000000     UNINITIALIZED

.csldata   0    00000220    00000000     UNINITIALIZED

.switch    0    00000220    00000000     UNINITIALIZED

.sysmem    0    00000220    00000000     UNINITIALIZED

.text      0    00000220    00002d20     
                  00000220    000006c0     c6416dskinit.obj (.text)
                  000008e0    00000680     filtering.obj (.text)
                  00000f60    000003a0     dsk6416bsl.lib : dsk6416.obj (.text)
                  00001300    00000240                    : dsk6416_aic23_opencodec.obj (.text)
                  00001540    00000240     rts6400.lib : frcaddd.obj (.text:__frcaddd)
                  00001780    000001e0     dsk6416bsl.lib : dsk6416_aic23_registers.obj (.text)
                  00001960    000001e0     csl6416.lib : csl_irq.obj (.text:_IRQ_map)
                  00001b40    000001c0                 : csl_mcbsp.obj (.text:_MCBSP_reset)
                  00001d00    000001c0     rts6400.lib : mpyd.obj (.text:__mpyd)
                  00001ec0    00000160                 : addd.obj (.text:__addd)
                  00002020    00000120                 : frcmpyd.obj (.text:__frcmpyd)
                  00002140    00000100                 : autoinit.obj (.text:__auto_init)
                  00002240    00000100                 : exit.obj (.text:_exit)
                  00002340    000000e0     dsk6416bsl.lib : dsk6416_aic23_setfreq.obj (.text)
                  00002420    000000e0     csl6416.lib : csl_mcbsp.obj (.text:_MCBSP_start)
                  00002500    000000e0     rts6400.lib : memcpy64.obj (.text:_memcpy)
                  000025e0    000000c0     csl6416.lib : csl_mcbsp.obj (.text:_MCBSP_config)
                  000026a0    000000c0                 : csl_mcbsp.obj (.text:_MCBSP_open)
                  00002760    000000c0     rts6400.lib : strasg.obj (.text:__strasg)
                  00002820    000000a0     csl6416.lib : csl_emifa.obj (.text:_EMIFA_config)
                  000028c0    000000a0                 : csl_emifb.obj (.text:_EMIFB_config)
                  00002960    000000a0     rts6400.lib : cvtdf.obj (.text:__cvtdf)
                  00002a00    000000a0                 : renormd.obj (.text:_renormd)
                  00002aa0    000000a0     csl6416.lib : csl_irq.obj (.text:_setMux)
                  00002b40    00000060     rts6400.lib : cvtfd.obj (.text:__cvtfd)
                  00002ba0    00000060                 : fltid.obj (.text:__fltid)
                  00002c00    00000060                 : fltif.obj (.text:__fltif)
                  00002c60    00000060                 : boot.obj (.text:_c_int00)
                  00002cc0    00000040     csl6416.lib : csl_irq.obj (.text:_IRQ_reset)
                  00002d00    00000040     rts6400.lib : args_main.obj (.text:__args_main)
                  00002d40    00000040                 : subd.obj (.text:__subd)
                  00002d80    00000020     csl6416.lib : csl_irq.obj (.text)
                  00002da0    00000020     Vectors_intr.obj (.text)
                  00002dc0    00000020     dsp_lab.obj (.text)
                  00002de0    00000020     csl6416.lib : csl_irq.obj (.text:_IRQ_enable)
                  00002e00    00000020                 : csl_irq.obj (.text:_IRQ_globalDisable)
                  00002e20    00000020                 : csl_irq.obj (.text:_IRQ_globalEnable)
                  00002e40    00000020                 : csl_irq.obj (.text:_IRQ_nmiEnable)
                  00002e60    00000020                 : csl_mcbsp.obj (.text:_MCBSP_getXmtEventId)
                  00002e80    00000020                 : csl_mcbsp.obj (.text:_MCBSP_read)
                  00002ea0    00000020                 : csl_mcbsp.obj (.text:_MCBSP_rrdy)
                  00002ec0    00000020                 : csl_mcbsp.obj (.text:_MCBSP_write)
                  00002ee0    00000020                 : csl_mcbsp.obj (.text:_MCBSP_xrdy)
                  00002f00    00000020     rts6400.lib : _lock.obj (.text:__nop)
                  00002f20    00000020                 : exit.obj (.text:_abort)

.far       0    00002f40    00000ae6     UNINITIALIZED
                  00002f40    00000830     filtering.obj (.far)
                  00003770    00000100     csl6416.lib : csl_irq.obj (.far)
                  00003870    00000090     rts6400.lib : exit.obj (.far)
                  00003900    00000070     c6416dskinit.obj (.far)
                  00003970    00000054     csl6416.lib : csl_mcbsp.obj (.far)
                  000039c4    00000028     dsk6416bsl.lib : dsk6416_aic23_registers.obj (.far)
                  000039ec    00000004                    : dsk6416.obj (.far)
                  000039f0    00000020                    : dsk6416_aic23_setfreq.obj (.far)
                  00003a10    00000008     rts6400.lib : _lock.obj (.far)
                  00003a18    00000008     dsk6416bsl.lib : dsk6416_aic23_opencodec.obj (.far)
                  00003a20    00000006     dsp_lab.obj (.far)

.stack     0    00003a28    00000400     UNINITIALIZED
                  00003a28    00000008     rts6400.lib : boot.obj (.stack)

.cinit     0    00003e28    00000334     
                  00003e28    0000012c     csl6416.lib : csl_irq.obj (.cinit)
                  00003f54    00000004     --HOLE-- [fill = 0]
                  00003f58    0000007c                 : csl_mcbsp.obj (.cinit)
                  00003fd4    00000004     --HOLE-- [fill = 0]
                  00003fd8    00000070     c6416dskinit.obj (.cinit)
                  00004048    00000044     filtering.obj (.cinit)
                  0000408c    00000004     --HOLE-- [fill = 0]
                  00004090    00000030     dsk6416bsl.lib : dsk6416_aic23_registers.obj (.cinit)
                  000040c0    0000002c     rts6400.lib : exit.obj (.cinit)
                  000040ec    00000004     --HOLE-- [fill = 0]
                  000040f0    00000028     dsk6416bsl.lib : dsk6416_aic23_setfreq.obj (.cinit)
                  00004118    0000001c     rts6400.lib : _lock.obj (.cinit)
                  00004134    00000004     --HOLE-- [fill = 0]
                  00004138    0000001a     dsp_lab.obj (.cinit)
                  00004152    0000000a     --HOLE-- [fill = 0]

.const     0    0000415c    00000130     
                  0000415c    000000c0     dsk6416bsl.lib : dsk6416.obj (.const)
                  0000421c    00000070                    : dsk6416_aic23_opencodec.obj (.const)


GLOBAL SYMBOLS: SORTED ALPHABETICALLY BY Name 

address    name
--------   ----
00000220   $bss
00000220   .bss
00000000   .data
00000220   .text
00002f20   C$$EXIT
0000390c   _AIC23CfgData
00003900   _AIC_data
00003a18   _DSK6416_AIC23_codeccontrolhandle
00003a1c   _DSK6416_AIC23_codecdatahandle
000018c0   _DSK6416_AIC23_config
00001300   _DSK6416_AIC23_openCodec
00001888   _DSK6416_AIC23_rget
00001780   _DSK6416_AIC23_rset
00002340   _DSK6416_AIC23_setFreq
00001244   _DSK6416_getVersion
00000f60   _DSK6416_init
00001134   _DSK6416_rget
00001164   _DSK6416_rset
000039ec   _DSK6416_version
000011a0   _DSK6416_wait
00001200   _DSK6416_waitusec
00002820   _EMIFA_config
000028c0   _EMIFB_config
00002de0   _IRQ_enable
00002e00   _IRQ_globalDisable
00002e20   _IRQ_globalEnable
00001960   _IRQ_map
00002e40   _IRQ_nmiEnable
00002cc0   _IRQ_reset
000025e0   _MCBSP_config
00002e60   _MCBSP_getXmtEventId
000026a0   _MCBSP_open
00002e80   _MCBSP_read
00001b40   _MCBSP_reset
00002ea0   _MCBSP_rrdy
00002420   _MCBSP_start
00002ec0   _MCBSP_write
00002ee0   _MCBSP_xrdy
00003868   __IRQ_dispatchTable
000037a0   __IRQ_eventTable
00002d80   __IRQ_hookFetchPacket
00003828   __IRQ_intTable
000039b8   __MCBSP_hDev0
000039bc   __MCBSP_hDev1
000039c0   __MCBSP_hDev2
00000400   __STACK_SIZE
ffffffff   ___binit__
00000220   ___bss__
ffffffff   ___c_args__
00003e28   ___cinit__
00000000   ___data__
00000000   ___edata__
00000220   ___end__
00002f40   ___etext__
ffffffff   ___pinit__
00000220   ___text__
00001ec0   __addd
00002d00   __args_main
00002140   __auto_init
000038f8   __cleanup_ptr
00002960   __cvtdf
00002b40   __cvtfd
000038fc   __dtors_ptr
00002ba0   __fltid
00002c00   __fltif
00001540   __frcaddd
00002020   __frcmpyd
00003a10   __lock
00001d00   __mpyd
00002f00   __nop
00003a28   __stack
00002760   __strasg
00002d40   __subd
00003a14   __unlock
00002f20   _abort
00003368   _bufindex
00000220   _c6416_dsk_init
00002c60   _c_int00
000008e0   _c_int11
00000320   _comm_intr
000002f0   _comm_poll
00003944   _config
00002240   _exit
00003a20   _fs
00002f50   _h
0000396c   _hAIC23_handle
00000790   _input_left_sample
00000838   _input_right_sample
000006a4   _input_sample
00003a24   _inputsource
00002dc0   _main
00002500   _memcpy
00003370   _out_buffer
00002f68   _output
00000518   _output_left_sample
000005e0   _output_right_sample
00000410   _output_sample
00002a00   _renormd
00000020   _vector1
00000140   _vector10
00000180   _vector12
000001a0   _vector13
000001c0   _vector14
000001e0   _vector15
00000040   _vector2
00000060   _vector3
00000080   _vector4
000000a0   _vector5
000000c0   _vector6
000000e0   _vector7
00000100   _vector8
00000120   _vector9
00000000   _vectors
00002f40   _x
ffffffff   binit
00003e28   cinit
00000000   edata
00000220   end
00002f40   etext
ffffffff   pinit


GLOBAL SYMBOLS: SORTED BY Symbol Address 

address    name
--------   ----
00000000   .data
00000000   ___data__
00000000   ___edata__
00000000   _vectors
00000000   edata
00000020   _vector1
00000040   _vector2
00000060   _vector3
00000080   _vector4
000000a0   _vector5
000000c0   _vector6
000000e0   _vector7
00000100   _vector8
00000120   _vector9
00000140   _vector10
00000180   _vector12
000001a0   _vector13
000001c0   _vector14
000001e0   _vector15
00000220   $bss
00000220   .bss
00000220   .text
00000220   ___bss__
00000220   ___end__
00000220   ___text__
00000220   _c6416_dsk_init
00000220   end
000002f0   _comm_poll
00000320   _comm_intr
00000400   __STACK_SIZE
00000410   _output_sample
00000518   _output_left_sample
000005e0   _output_right_sample
000006a4   _input_sample
00000790   _input_left_sample
00000838   _input_right_sample
000008e0   _c_int11
00000f60   _DSK6416_init
00001134   _DSK6416_rget
00001164   _DSK6416_rset
000011a0   _DSK6416_wait
00001200   _DSK6416_waitusec
00001244   _DSK6416_getVersion
00001300   _DSK6416_AIC23_openCodec
00001540   __frcaddd
00001780   _DSK6416_AIC23_rset
00001888   _DSK6416_AIC23_rget
000018c0   _DSK6416_AIC23_config
00001960   _IRQ_map
00001b40   _MCBSP_reset
00001d00   __mpyd
00001ec0   __addd
00002020   __frcmpyd
00002140   __auto_init
00002240   _exit
00002340   _DSK6416_AIC23_setFreq
00002420   _MCBSP_start
00002500   _memcpy
000025e0   _MCBSP_config
000026a0   _MCBSP_open
00002760   __strasg
00002820   _EMIFA_config
000028c0   _EMIFB_config
00002960   __cvtdf
00002a00   _renormd
00002b40   __cvtfd
00002ba0   __fltid
00002c00   __fltif
00002c60   _c_int00
00002cc0   _IRQ_reset
00002d00   __args_main
00002d40   __subd
00002d80   __IRQ_hookFetchPacket
00002dc0   _main
00002de0   _IRQ_enable
00002e00   _IRQ_globalDisable
00002e20   _IRQ_globalEnable
00002e40   _IRQ_nmiEnable
00002e60   _MCBSP_getXmtEventId
00002e80   _MCBSP_read
00002ea0   _MCBSP_rrdy
00002ec0   _MCBSP_write
00002ee0   _MCBSP_xrdy
00002f00   __nop
00002f20   C$$EXIT
00002f20   _abort
00002f40   ___etext__
00002f40   _x
00002f40   etext
00002f50   _h
00002f68   _output
00003368   _bufindex
00003370   _out_buffer
000037a0   __IRQ_eventTable
00003828   __IRQ_intTable
00003868   __IRQ_dispatchTable
000038f8   __cleanup_ptr
000038fc   __dtors_ptr
00003900   _AIC_data
0000390c   _AIC23CfgData
00003944   _config
0000396c   _hAIC23_handle
000039b8   __MCBSP_hDev0
000039bc   __MCBSP_hDev1
000039c0   __MCBSP_hDev2
000039ec   _DSK6416_version
00003a10   __lock
00003a14   __unlock
00003a18   _DSK6416_AIC23_codeccontrolhandle
00003a1c   _DSK6416_AIC23_codecdatahandle
00003a20   _fs
00003a24   _inputsource
00003a28   __stack
00003e28   ___cinit__
00003e28   cinit
ffffffff   ___binit__
ffffffff   ___c_args__
ffffffff   ___pinit__
ffffffff   binit
ffffffff   pinit

[120 symbols]
