******************************************************************************
          TMS320C6x COFF Linker PC v6.0.8                      
******************************************************************************
>> Linked Fri Apr 11 17:04:53 2014

OUTPUT FILE NAME:   <./Debug/dsp_lab.out>
ENTRY POINT SYMBOL: "_c_int00"  address: 00008760


MEMORY CONFIGURATION

         name            origin    length      used     unused   attr    fill
----------------------  --------  ---------  --------  --------  ----  --------
  IVECS                 00000000   00000220  00000200  00000020  RWIX
  IRAM                  00000220   0002fde0  00009da7  00026039  RWIX
  SDRAM                 80000000   00100000  00000000  00100000  RWIX
  FLASH                 90000000   00020000  00000000  00020000  RWIX


SECTION ALLOCATION MAP

 output                                  attributes/
section   page    origin      length       input sections
--------  ----  ----------  ----------   ----------------
.EXT_RAM   0    80000000    00000000     UNINITIALIZED

.data      0    00000000    00000000     UNINITIALIZED

.vectors   0    00000000    00000200     
                  00000000    00000200     Vectors_poll.obj (.vectors)

.bss       0    00000220    00000000     UNINITIALIZED

.csldata   0    00000220    00000000     UNINITIALIZED

.text      0    00000220    000087e0     
                  00000220    000005e0     c6416dskinit.obj (.text)
                  00000800    000004a0     rts6400.lib : _printfi.obj (.text:__setfield)
                  00000ca0    00000400                 : _printfi.obj (.text:__getarg_diouxp)
                  000010a0    000003e0                 : _printfi.obj (.text:__printfi)
                  00001480    000003e0                 : _printfi.obj (.text:_ecvt)
                  00001860    000003c0                 : _printfi.obj (.text:__fcpy)
                  00001c20    000003c0                 : _printfi.obj (.text:_fcvt)
                  00001fe0    000003a0     dsk6416bsl.lib : dsk6416.obj (.text)
                  00002380    00000340     rts6400.lib : _printfi.obj (.text:__pconv_e)
                  000026c0    00000340                 : _printfi.obj (.text:__pproc_fwp)
                  00002a00    00000320                 : frcdivd.obj (.text:__frcdivd)
                  00002d20    00000320                 : fputs.obj (.text:_fputs)
                  00003040    00000300                 : memory.obj (.text:_free)
                  00003340    00000280                 : imath64.obj (.text:__divull)
                  000035c0    00000280                 : _printfi.obj (.text:__pproc_diouxp)
                  00003840    00000260                 : _printfi.obj (.text:__pproc_str)
                  00003aa0    00000240     dsk6416bsl.lib : dsk6416_aic23_opencodec.obj (.text)
                  00003ce0    00000240     rts6400.lib : frcaddd.obj (.text:__frcaddd)
                  00003f20    00000220                 : _printfi.obj (.text:__mcpy)
                  00004140    00000200                 : trgdrv.obj (.text:_HOSTrename)
                  00004340    000001e0     dsk6416bsl.lib : dsk6416_aic23_registers.obj (.text)
                  00004520    000001e0     csl6416.lib : csl_irq.obj (.text:_IRQ_map)
                  00004700    000001e0     rts6400.lib : _printfi.obj (.text:__pproc_fge)
                  000048e0    000001e0                 : setvbuf.obj (.text:_setvbuf)
                  00004ac0    000001c0     csl6416.lib : csl_mcbsp.obj (.text:_MCBSP_reset)
                  00004c80    000001c0     rts6400.lib : divd.obj (.text:__divd)
                  00004e40    000001c0                 : imath40.obj (.text:__divul)
                  00005000    000001c0                 : mpyd.obj (.text:__mpyd)
                  000051c0    000001c0                 : _printfi.obj (.text:__pconv_g)
                  00005380    000001a0                 : memory.obj (.text:_malloc)
                  00005520    00000180                 : _printfi.obj (.text:__ltostr)
                  000056a0    00000160                 : addd.obj (.text:__addd)
                  00005800    00000160                 : fputc.obj (.text:_fputc)
                  00005960    00000140                 : _printfi.obj (.text:__pproc_fflags)
                  00005aa0    00000140                 : fclose.obj (.text:_fclose)
                  00005be0    00000140                 : lowlev.obj (.text:_getdevice)
                  00005d20    00000120                 : trgdrv.obj (.text:_HOSTlseek)
                  00005e40    00000120                 : trgdrv.obj (.text:_HOSTopen)
                  00005f60    00000120                 : frcmpyd.obj (.text:__frcmpyd)
                  00006080    00000120                 : atoi.obj (.text:_atoi)
                  000061a0    00000100     dotp4.obj (.text)
                  000062a0    00000100     rts6400.lib : autoinit.obj (.text:__auto_init)
                  000063a0    00000100                 : _printfi.obj (.text:__div)
                  000064a0    00000100                 : _printfi.obj (.text:__pconv_f)
                  000065a0    00000100                 : _io_perm.obj (.text:__wrt_ok)
                  000066a0    00000100                 : lowlev.obj (.text:_close)
                  000067a0    00000100                 : exit.obj (.text:_exit)
                  000068a0    00000100                 : fseek.obj (.text:_fseek)
                  000069a0    00000100                 : lowlev.obj (.text:_lseek)
                  00006aa0    00000100                 : ltoa.obj (.text:_ltoa)
                  00006ba0    00000100                 : memset.obj (.text:_memset)
                  00006ca0    00000100                 : lowlev.obj (.text:_write)
                  00006da0    000000e0     dsk6416bsl.lib : dsk6416_aic23_setfreq.obj (.text)
                  00006e80    000000e0     rts6400.lib : trgdrv.obj (.text:_HOSTread)
                  00006f60    000000e0                 : trgdrv.obj (.text:_HOSTunlink)
                  00007040    000000e0                 : trgdrv.obj (.text:_HOSTwrite)
                  00007120    000000e0     csl6416.lib : csl_mcbsp.obj (.text:_MCBSP_start)
                  00007200    000000e0     rts6400.lib : fopen.obj (.text:__cleanup)
                  000072e0    000000e0                 : memcpy64.obj (.text:_memcpy)
                  000073c0    000000c0                 : trgdrv.obj (.text:_HOSTclose)
                  00007480    000000c0     csl6416.lib : csl_mcbsp.obj (.text:_MCBSP_config)
                  00007540    000000c0                 : csl_mcbsp.obj (.text:_MCBSP_open)
                  00007600    000000c0     rts6400.lib : imath40.obj (.text:__divli)
                  000076c0    000000c0                 : divu.obj (.text:__divu)
                  00007780    000000c0                 : fflush.obj (.text:__doflush)
                  00007840    000000c0                 : _printfi.obj (.text:__ecpy)
                  00007900    000000c0                 : strasg.obj (.text:__strasg)
                  000079c0    000000c0                 : memory.obj (.text:_minsert)
                  00007a80    000000c0                 : memory.obj (.text:_mremove)
                  00007b40    000000c0                 : trgmsg.obj (.text:_readmsg)
                  00007c00    000000c0                 : trgmsg.obj (.text:_writemsg)
                  00007cc0    000000a0     csl6416.lib : csl_emifa.obj (.text:_EMIFA_config)
                  00007d60    000000a0                 : csl_emifb.obj (.text:_EMIFB_config)
                  00007e00    000000a0     rts6400.lib : cmpd.obj (.text:__cmpd)
                  00007ea0    000000a0                 : fixdi.obj (.text:__fixdi)
                  00007f40    000000a0                 : fixdli.obj (.text:__fixdli)
                  00007fe0    000000a0                 : fltlid.obj (.text:__fltlid)
                  00008080    000000a0                 : mpyll.obj (.text:__mpyll)
                  00008120    000000a0                 : lowlev.obj (.text:_finddevice)
                  000081c0    000000a0                 : renormd.obj (.text:_renormd)
                  00008260    000000a0     csl6416.lib : csl_irq.obj (.text:_setMux)
                  00008300    00000080     dsp_lab.obj (.text)
                  00008380    00000080     rts6400.lib : llshift.obj (.text:__llshl)
                  00008400    00000080                 : memccpy.obj (.text:_memccpy)
                  00008480    00000080                 : printf.obj (.text:_printf)
                  00008500    00000080                 : lowlev.obj (.text:_unlink)
                  00008580    00000060                 : cvtfd.obj (.text:__cvtfd)
                  000085e0    00000060                 : fltif.obj (.text:__fltif)
                  00008640    00000060                 : llshift.obj (.text:__llshru)
                  000086a0    00000060                 : imath40.obj (.text:__remli)
                  00008700    00000060                 : imath64.obj (.text:__subcull)
                  00008760    00000060                 : boot.obj (.text:_c_int00)
                  000087c0    00000040                 : args_main.obj (.text:__args_main)
                  00008800    00000040                 : negd.obj (.text:__negd)
                  00008840    00000040                 : subd.obj (.text:__subd)
                  00008880    00000020     csl6416.lib : csl_irq.obj (.text)
                  000088a0    00000020     Vectors_poll.obj (.text)
                  000088c0    00000020     csl6416.lib : csl_mcbsp.obj (.text:_MCBSP_read)
                  000088e0    00000020                 : csl_mcbsp.obj (.text:_MCBSP_rrdy)
                  00008900    00000020                 : csl_mcbsp.obj (.text:_MCBSP_write)
                  00008920    00000020                 : csl_mcbsp.obj (.text:_MCBSP_xrdy)
                  00008940    00000020     rts6400.lib : negll.obj (.text:__negll)
                  00008960    00000020                 : _lock.obj (.text:__nop)
                  00008980    00000020                 : printf.obj (.text:__outc)
                  000089a0    00000020                 : printf.obj (.text:__outs)
                  000089c0    00000020                 : exit.obj (.text:_abort)
                  000089e0    00000020                 : remove.obj (.text:_remove)

.far       0    00008a00    0000060c     UNINITIALIZED
                  00008a00    00000194     rts6400.lib : defs.obj (.far)
                  00008b94    00000004                 : fopen.obj (.far)
                  00008b98    00000100     csl6416.lib : csl_irq.obj (.far)
                  00008c98    000000d0     rts6400.lib : trgdrv.obj (.far)
                  00008d68    000000cc                 : lowlev.obj (.far)
                  00008e34    00000004     dsk6416bsl.lib : dsk6416.obj (.far)
                  00008e38    00000090     rts6400.lib : exit.obj (.far)
                  00008ec8    00000070     c6416dskinit.obj (.far)
                  00008f38    00000054     csl6416.lib : csl_mcbsp.obj (.far)
                  00008f8c    00000028     dsk6416bsl.lib : dsk6416_aic23_registers.obj (.far)
                  00008fb8    00000020                    : dsk6416_aic23_setfreq.obj (.far)
                  00008fd8    0000001c     dsp_lab.obj (.far)
                  00008ff4    00000008     rts6400.lib : _lock.obj (.far)
                  00008ffc    00000008                 : memory.obj (.far)
                  00009004    00000008     dsk6416bsl.lib : dsk6416_aic23_opencodec.obj (.far)

.cinit     0    00009010    0000041c     
                  00009010    0000012c     csl6416.lib : csl_irq.obj (.cinit)
                  0000913c    00000004     --HOLE-- [fill = 0]
                  00009140    0000007c                 : csl_mcbsp.obj (.cinit)
                  000091bc    00000004     --HOLE-- [fill = 0]
                  000091c0    00000070     c6416dskinit.obj (.cinit)
                  00009230    0000005c     rts6400.lib : lowlev.obj (.cinit)
                  0000928c    00000004     --HOLE-- [fill = 0]
                  00009290    0000005c                 : defs.obj (.cinit)
                  000092ec    00000004     --HOLE-- [fill = 0]
                  000092f0    0000004c     dsp_lab.obj (.cinit)
                  0000933c    00000004     --HOLE-- [fill = 0]
                  00009340    00000030     dsk6416bsl.lib : dsk6416_aic23_registers.obj (.cinit)
                  00009370    0000002c     rts6400.lib : exit.obj (.cinit)
                  0000939c    00000004     --HOLE-- [fill = 0]
                  000093a0    0000002c                 : memory.obj (.cinit)
                  000093cc    00000004     --HOLE-- [fill = 0]
                  000093d0    00000028     dsk6416bsl.lib : dsk6416_aic23_setfreq.obj (.cinit)
                  000093f8    0000001c     rts6400.lib : _lock.obj (.cinit)
                  00009414    00000004     --HOLE-- [fill = 0]
                  00009418    0000000c                 : fopen.obj (.cinit)
                  00009424    00000008     --HOLE-- [fill = 0]

.stack     0    00009430    00000400     UNINITIALIZED
                  00009430    00000008     rts6400.lib : boot.obj (.stack)

.sysmem    0    00009830    00000400     UNINITIALIZED
                  00009830    00000008     rts6400.lib : memory.obj (.sysmem)

.const     0    00009c30    0000026f     
                  00009c30    00000101     rts6400.lib : ctype.obj (.const)
                  00009d31    00000002                 : fputs.obj (.const)
                  00009d33    00000001     --HOLE-- [fill = 0]
                  00009d34    000000c0     dsk6416bsl.lib : dsk6416.obj (.const)
                  00009df4    00000070                    : dsk6416_aic23_opencodec.obj (.const)
                  00009e64    00000018     dsp_lab.obj (.const)
                  00009e7c    00000023     rts6400.lib : _printfi.obj (.const)

.cio       0    00009ea0    00000120     UNINITIALIZED
                  00009ea0    00000120     rts6400.lib : trgmsg.obj (.cio)

.switch    0    00009fc0    00000010     
                  00009fc0    00000010     rts6400.lib : frcdivd.obj (.switch)


GLOBAL SYMBOLS: SORTED ALPHABETICALLY BY Name 

address    name
--------   ----
00000220   $bss
00000220   .bss
00000000   .data
00000220   .text
000089c0   C$$EXIT
00007ca0   C$$IO$$
00008ed4   _AIC23CfgData
00008ec8   _AIC_data
00009004   _DSK6416_AIC23_codeccontrolhandle
00009008   _DSK6416_AIC23_codecdatahandle
00004480   _DSK6416_AIC23_config
00003aa0   _DSK6416_AIC23_openCodec
00004448   _DSK6416_AIC23_rget
00004340   _DSK6416_AIC23_rset
00006da0   _DSK6416_AIC23_setFreq
000022c4   _DSK6416_getVersion
00001fe0   _DSK6416_init
000021b4   _DSK6416_rget
000021e4   _DSK6416_rset
00008e34   _DSK6416_version
00002220   _DSK6416_wait
00002280   _DSK6416_waitusec
00007cc0   _EMIFA_config
00007d60   _EMIFB_config
000073c0   _HOSTclose
00005d20   _HOSTlseek
00005e40   _HOSTopen
00006e80   _HOSTread
00004140   _HOSTrename
00006f60   _HOSTunlink
00007040   _HOSTwrite
00004520   _IRQ_map
00007480   _MCBSP_config
00007540   _MCBSP_open
000088c0   _MCBSP_read
00004ac0   _MCBSP_reset
000088e0   _MCBSP_rrdy
00007120   _MCBSP_start
00008900   _MCBSP_write
00008920   _MCBSP_xrdy
00009ea0   __CIOBUF_
00008c90   __IRQ_dispatchTable
00008bc8   __IRQ_eventTable
00008880   __IRQ_hookFetchPacket
00008c50   __IRQ_intTable
00008f80   __MCBSP_hDev0
00008f84   __MCBSP_hDev1
00008f88   __MCBSP_hDev2
00000400   __STACK_SIZE
00000400   __SYSMEM_SIZE
ffffffff   ___binit__
00000220   ___bss__
ffffffff   ___c_args__
00009010   ___cinit__
00000000   ___data__
00000000   ___edata__
00000220   ___end__
00008a00   ___etext__
ffffffff   ___pinit__
00000220   ___text__
000056a0   __addd
000087c0   __args_main
000062a0   __auto_init
00007200   __cleanup
00008ec0   __cleanup_ptr
00007e00   __cmpd
00009c30   __ctypes_
00008580   __cvtfd
00004c80   __divd
00007600   __divli
000076c0   __divu
00004e40   __divul
00003340   __divull
00007780   __doflush
00008ec4   __dtors_ptr
00007ea0   __fixdi
00007f40   __fixdli
000085e0   __fltif
00007fe0   __fltlid
00003ce0   __frcaddd
00002a00   __frcdivd
00005f60   __frcmpyd
00008b90   __ft_end
00008a00   __ftable
00008380   __llshl
00008640   __llshru
00008ff4   __lock
00005000   __mpyd
00008080   __mpyll
00008800   __negd
00008940   __negll
00008960   __nop
000010a0   __printfi
000086a0   __remli
00009430   __stack
00007900   __strasg
00008700   __subcull
00008840   __subd
00009830   __sys_memory
00008af0   __tmpnams
00008ff8   __unlock
000065a0   __wrt_ok
000089c0   _abort
00006080   _atoi
00000574   _c6416_dsk_init
00008760   _c_int00
000066a0   _close
00000720   _comm_intr
000006f8   _comm_poll
00008f0c   _config
000061a0   _dotp4
000067a0   _exit
00005aa0   _fclose
00005800   _fputc
00002d20   _fputs
00003040   _free
00008fd8   _fs
000068a0   _fseek
00008f34   _hAIC23_handle
000004f8   _input_left_sample
0000047c   _input_right_sample
000003e8   _input_sample
00008fdc   _inputsource
000069a0   _lseek
00006aa0   _ltoa
00008300   _main
00005380   _malloc
00008400   _memccpy
000072e0   _memcpy
00006ba0   _memset
00000358   _output_left_sample
000002c4   _output_right_sample
00000220   _output_sample
00008480   _printf
00005800   _putc
00007b40   _readmsg
000089e0   _remove
000081c0   _renormd
00008ff0   _result
000048e0   _setvbuf
00008500   _unlink
00000020   _vector1
00000140   _vector10
00000160   _vector11
00000180   _vector12
000001a0   _vector13
000001c0   _vector14
000001e0   _vector15
00000040   _vector2
00000060   _vector3
00000080   _vector4
000000a0   _vector5
000000c0   _vector6
000000e0   _vector7
00000100   _vector8
00000120   _vector9
00000000   _vectors
00006ca0   _write
00007c00   _writemsg
00008fe0   _x
00008fe8   _y
ffffffff   binit
00009010   cinit
00000000   edata
00000220   end
00008a00   etext
ffffffff   pinit


GLOBAL SYMBOLS: SORTED BY Symbol Address 

address    name
--------   ----
00000000   .data
00000000   ___data__
00000000   ___edata__
00000000   _vectors
00000000   edata
00000020   _vector1
00000040   _vector2
00000060   _vector3
00000080   _vector4
000000a0   _vector5
000000c0   _vector6
000000e0   _vector7
00000100   _vector8
00000120   _vector9
00000140   _vector10
00000160   _vector11
00000180   _vector12
000001a0   _vector13
000001c0   _vector14
000001e0   _vector15
00000220   $bss
00000220   .bss
00000220   .text
00000220   ___bss__
00000220   ___end__
00000220   ___text__
00000220   _output_sample
00000220   end
000002c4   _output_right_sample
00000358   _output_left_sample
000003e8   _input_sample
00000400   __STACK_SIZE
00000400   __SYSMEM_SIZE
0000047c   _input_right_sample
000004f8   _input_left_sample
00000574   _c6416_dsk_init
000006f8   _comm_poll
00000720   _comm_intr
000010a0   __printfi
00001fe0   _DSK6416_init
000021b4   _DSK6416_rget
000021e4   _DSK6416_rset
00002220   _DSK6416_wait
00002280   _DSK6416_waitusec
000022c4   _DSK6416_getVersion
00002a00   __frcdivd
00002d20   _fputs
00003040   _free
00003340   __divull
00003aa0   _DSK6416_AIC23_openCodec
00003ce0   __frcaddd
00004140   _HOSTrename
00004340   _DSK6416_AIC23_rset
00004448   _DSK6416_AIC23_rget
00004480   _DSK6416_AIC23_config
00004520   _IRQ_map
000048e0   _setvbuf
00004ac0   _MCBSP_reset
00004c80   __divd
00004e40   __divul
00005000   __mpyd
00005380   _malloc
000056a0   __addd
00005800   _fputc
00005800   _putc
00005aa0   _fclose
00005d20   _HOSTlseek
00005e40   _HOSTopen
00005f60   __frcmpyd
00006080   _atoi
000061a0   _dotp4
000062a0   __auto_init
000065a0   __wrt_ok
000066a0   _close
000067a0   _exit
000068a0   _fseek
000069a0   _lseek
00006aa0   _ltoa
00006ba0   _memset
00006ca0   _write
00006da0   _DSK6416_AIC23_setFreq
00006e80   _HOSTread
00006f60   _HOSTunlink
00007040   _HOSTwrite
00007120   _MCBSP_start
00007200   __cleanup
000072e0   _memcpy
000073c0   _HOSTclose
00007480   _MCBSP_config
00007540   _MCBSP_open
00007600   __divli
000076c0   __divu
00007780   __doflush
00007900   __strasg
00007b40   _readmsg
00007c00   _writemsg
00007ca0   C$$IO$$
00007cc0   _EMIFA_config
00007d60   _EMIFB_config
00007e00   __cmpd
00007ea0   __fixdi
00007f40   __fixdli
00007fe0   __fltlid
00008080   __mpyll
000081c0   _renormd
00008300   _main
00008380   __llshl
00008400   _memccpy
00008480   _printf
00008500   _unlink
00008580   __cvtfd
000085e0   __fltif
00008640   __llshru
000086a0   __remli
00008700   __subcull
00008760   _c_int00
000087c0   __args_main
00008800   __negd
00008840   __subd
00008880   __IRQ_hookFetchPacket
000088c0   _MCBSP_read
000088e0   _MCBSP_rrdy
00008900   _MCBSP_write
00008920   _MCBSP_xrdy
00008940   __negll
00008960   __nop
000089c0   C$$EXIT
000089c0   _abort
000089e0   _remove
00008a00   ___etext__
00008a00   __ftable
00008a00   etext
00008af0   __tmpnams
00008b90   __ft_end
00008bc8   __IRQ_eventTable
00008c50   __IRQ_intTable
00008c90   __IRQ_dispatchTable
00008e34   _DSK6416_version
00008ec0   __cleanup_ptr
00008ec4   __dtors_ptr
00008ec8   _AIC_data
00008ed4   _AIC23CfgData
00008f0c   _config
00008f34   _hAIC23_handle
00008f80   __MCBSP_hDev0
00008f84   __MCBSP_hDev1
00008f88   __MCBSP_hDev2
00008fd8   _fs
00008fdc   _inputsource
00008fe0   _x
00008fe8   _y
00008ff0   _result
00008ff4   __lock
00008ff8   __unlock
00009004   _DSK6416_AIC23_codeccontrolhandle
00009008   _DSK6416_AIC23_codecdatahandle
00009010   ___cinit__
00009010   cinit
00009430   __stack
00009830   __sys_memory
00009c30   __ctypes_
00009ea0   __CIOBUF_
ffffffff   ___binit__
ffffffff   ___c_args__
ffffffff   ___pinit__
ffffffff   binit
ffffffff   pinit

[167 symbols]
