******************************************************************************
          TMS320C6x COFF Linker PC v6.0.8                      
******************************************************************************
>> Linked Wed Apr 23 11:55:03 2014

OUTPUT FILE NAME:   <./Debug/dsp_lab.out>
ENTRY POINT SYMBOL: "_c_int00"  address: 00008ae0


MEMORY CONFIGURATION

         name            origin    length      used     unused   attr    fill
----------------------  --------  ---------  --------  --------  ----  --------
  IVECS                 00000000   00000220  00000200  00000020  RWIX
  IRAM                  00000220   0002fde0  0000a247  00025b99  RWIX
  SDRAM                 80000000   00100000  00000000  00100000  RWIX
  FLASH                 90000000   00020000  00000000  00020000  RWIX


SECTION ALLOCATION MAP

 output                                  attributes/
section   page    origin      length       input sections
--------  ----  ----------  ----------   ----------------
.EXT_RAM   0    80000000    00000000     UNINITIALIZED

.data      0    00000000    00000000     UNINITIALIZED

.vectors   0    00000000    00000200     
                  00000000    00000200     Vectors_poll.obj (.vectors)

.bss       0    00000220    00000000     UNINITIALIZED

.csldata   0    00000220    00000000     UNINITIALIZED

.text      0    00000220    00008c80     
                  00000220    000006c0     c6416dskinit.obj (.text)
                  000008e0    000004a0     rts6400.lib : _printfi.obj (.text:__setfield)
                  00000d80    00000400                 : _printfi.obj (.text:__getarg_diouxp)
                  00001180    000003e0                 : _printfi.obj (.text:__printfi)
                  00001560    000003e0                 : _printfi.obj (.text:_ecvt)
                  00001940    000003c0                 : _printfi.obj (.text:__fcpy)
                  00001d00    000003c0                 : _printfi.obj (.text:_fcvt)
                  000020c0    000003a0     dsk6416bsl.lib : dsk6416.obj (.text)
                  00002460    00000340     rts6400.lib : _printfi.obj (.text:__pconv_e)
                  000027a0    00000340                 : _printfi.obj (.text:__pproc_fwp)
                  00002ae0    00000320                 : frcdivd.obj (.text:__frcdivd)
                  00002e00    00000320                 : fputs.obj (.text:_fputs)
                  00003120    00000300                 : memory.obj (.text:_free)
                  00003420    00000280                 : imath64.obj (.text:__divull)
                  000036a0    00000280                 : _printfi.obj (.text:__pproc_diouxp)
                  00003920    00000260                 : _printfi.obj (.text:__pproc_str)
                  00003b80    00000240     dsk6416bsl.lib : dsk6416_aic23_opencodec.obj (.text)
                  00003dc0    00000240     rts6400.lib : frcaddd.obj (.text:__frcaddd)
                  00004000    00000220                 : _printfi.obj (.text:__mcpy)
                  00004220    00000200                 : trgdrv.obj (.text:_HOSTrename)
                  00004420    000001e0     dsk6416bsl.lib : dsk6416_aic23_registers.obj (.text)
                  00004600    000001e0     csl6416.lib : csl_irq.obj (.text:_IRQ_map)
                  000047e0    000001e0     rts6400.lib : _printfi.obj (.text:__pproc_fge)
                  000049c0    000001e0                 : setvbuf.obj (.text:_setvbuf)
                  00004ba0    000001c0     csl6416.lib : csl_mcbsp.obj (.text:_MCBSP_reset)
                  00004d60    000001c0     rts6400.lib : divd.obj (.text:__divd)
                  00004f20    000001c0                 : imath40.obj (.text:__divul)
                  000050e0    000001c0                 : mpyd.obj (.text:__mpyd)
                  000052a0    000001c0                 : _printfi.obj (.text:__pconv_g)
                  00005460    000001a0                 : memory.obj (.text:_malloc)
                  00005600    00000180                 : addf.obj (.text:__addf)
                  00005780    00000180                 : _printfi.obj (.text:__ltostr)
                  00005900    00000160                 : addd.obj (.text:__addd)
                  00005a60    00000160                 : mpyf.obj (.text:__mpyf)
                  00005bc0    00000160                 : fputc.obj (.text:_fputc)
                  00005d20    00000140                 : _printfi.obj (.text:__pproc_fflags)
                  00005e60    00000140                 : fclose.obj (.text:_fclose)
                  00005fa0    00000140                 : lowlev.obj (.text:_getdevice)
                  000060e0    00000120                 : trgdrv.obj (.text:_HOSTlseek)
                  00006200    00000120                 : trgdrv.obj (.text:_HOSTopen)
                  00006320    00000120                 : frcmpyd.obj (.text:__frcmpyd)
                  00006440    00000120                 : atoi.obj (.text:_atoi)
                  00006560    00000100                 : autoinit.obj (.text:__auto_init)
                  00006660    00000100                 : _printfi.obj (.text:__div)
                  00006760    00000100                 : _printfi.obj (.text:__pconv_f)
                  00006860    00000100                 : _io_perm.obj (.text:__wrt_ok)
                  00006960    00000100                 : lowlev.obj (.text:_close)
                  00006a60    00000100                 : exit.obj (.text:_exit)
                  00006b60    00000100                 : fseek.obj (.text:_fseek)
                  00006c60    00000100                 : lowlev.obj (.text:_lseek)
                  00006d60    00000100                 : ltoa.obj (.text:_ltoa)
                  00006e60    00000100                 : memset.obj (.text:_memset)
                  00006f60    00000100                 : lowlev.obj (.text:_write)
                  00007060    000000e0     dsk6416bsl.lib : dsk6416_aic23_setfreq.obj (.text)
                  00007140    000000e0     rts6400.lib : trgdrv.obj (.text:_HOSTread)
                  00007220    000000e0                 : trgdrv.obj (.text:_HOSTunlink)
                  00007300    000000e0                 : trgdrv.obj (.text:_HOSTwrite)
                  000073e0    000000e0     csl6416.lib : csl_mcbsp.obj (.text:_MCBSP_start)
                  000074c0    000000e0     rts6400.lib : fopen.obj (.text:__cleanup)
                  000075a0    000000e0                 : memcpy64.obj (.text:_memcpy)
                  00007680    000000c0     dotp4.obj (.text)
                  00007740    000000c0     rts6400.lib : trgdrv.obj (.text:_HOSTclose)
                  00007800    000000c0     csl6416.lib : csl_mcbsp.obj (.text:_MCBSP_config)
                  000078c0    000000c0                 : csl_mcbsp.obj (.text:_MCBSP_open)
                  00007980    000000c0     rts6400.lib : imath40.obj (.text:__divli)
                  00007a40    000000c0                 : divu.obj (.text:__divu)
                  00007b00    000000c0                 : fflush.obj (.text:__doflush)
                  00007bc0    000000c0                 : _printfi.obj (.text:__ecpy)
                  00007c80    000000c0                 : strasg.obj (.text:__strasg)
                  00007d40    000000c0                 : memory.obj (.text:_minsert)
                  00007e00    000000c0                 : memory.obj (.text:_mremove)
                  00007ec0    000000c0                 : trgmsg.obj (.text:_readmsg)
                  00007f80    000000c0                 : trgmsg.obj (.text:_writemsg)
                  00008040    000000a0     csl6416.lib : csl_emifa.obj (.text:_EMIFA_config)
                  000080e0    000000a0                 : csl_emifb.obj (.text:_EMIFB_config)
                  00008180    000000a0     rts6400.lib : cmpd.obj (.text:__cmpd)
                  00008220    000000a0                 : fixdi.obj (.text:__fixdi)
                  000082c0    000000a0                 : fixdli.obj (.text:__fixdli)
                  00008360    000000a0                 : fltlid.obj (.text:__fltlid)
                  00008400    000000a0                 : mpyll.obj (.text:__mpyll)
                  000084a0    000000a0                 : lowlev.obj (.text:_finddevice)
                  00008540    000000a0                 : renormd.obj (.text:_renormd)
                  000085e0    000000a0     csl6416.lib : csl_irq.obj (.text:_setMux)
                  00008680    00000080     dsp_lab.obj (.text)
                  00008700    00000080     rts6400.lib : llshift.obj (.text:__llshl)
                  00008780    00000080                 : memccpy.obj (.text:_memccpy)
                  00008800    00000080                 : printf.obj (.text:_printf)
                  00008880    00000080                 : lowlev.obj (.text:_unlink)
                  00008900    00000060                 : cvtfd.obj (.text:__cvtfd)
                  00008960    00000060                 : fltif.obj (.text:__fltif)
                  000089c0    00000060                 : llshift.obj (.text:__llshru)
                  00008a20    00000060                 : imath40.obj (.text:__remli)
                  00008a80    00000060                 : imath64.obj (.text:__subcull)
                  00008ae0    00000060                 : boot.obj (.text:_c_int00)
                  00008b40    00000040     csl6416.lib : csl_irq.obj (.text:_IRQ_reset)
                  00008b80    00000040     rts6400.lib : args_main.obj (.text:__args_main)
                  00008bc0    00000040                 : frcmpyf.obj (.text:__frcmpyf)
                  00008c00    00000040                 : negd.obj (.text:__negd)
                  00008c40    00000040                 : subd.obj (.text:__subd)
                  00008c80    00000020     csl6416.lib : csl_irq.obj (.text)
                  00008ca0    00000020     Vectors_poll.obj (.text)
                  00008cc0    00000020     csl6416.lib : csl_irq.obj (.text:_IRQ_enable)
                  00008ce0    00000020                 : csl_irq.obj (.text:_IRQ_globalDisable)
                  00008d00    00000020                 : csl_irq.obj (.text:_IRQ_globalEnable)
                  00008d20    00000020                 : csl_irq.obj (.text:_IRQ_nmiEnable)
                  00008d40    00000020                 : csl_mcbsp.obj (.text:_MCBSP_getXmtEventId)
                  00008d60    00000020                 : csl_mcbsp.obj (.text:_MCBSP_read)
                  00008d80    00000020                 : csl_mcbsp.obj (.text:_MCBSP_rrdy)
                  00008da0    00000020                 : csl_mcbsp.obj (.text:_MCBSP_write)
                  00008dc0    00000020                 : csl_mcbsp.obj (.text:_MCBSP_xrdy)
                  00008de0    00000020     rts6400.lib : negll.obj (.text:__negll)
                  00008e00    00000020                 : _lock.obj (.text:__nop)
                  00008e20    00000020                 : printf.obj (.text:__outc)
                  00008e40    00000020                 : printf.obj (.text:__outs)
                  00008e60    00000020                 : exit.obj (.text:_abort)
                  00008e80    00000020                 : remove.obj (.text:_remove)

.far       0    00008ea0    0000060c     UNINITIALIZED
                  00008ea0    00000194     rts6400.lib : defs.obj (.far)
                  00009034    00000004                 : fopen.obj (.far)
                  00009038    00000100     csl6416.lib : csl_irq.obj (.far)
                  00009138    000000d0     rts6400.lib : trgdrv.obj (.far)
                  00009208    000000cc                 : lowlev.obj (.far)
                  000092d4    00000004     dsk6416bsl.lib : dsk6416.obj (.far)
                  000092d8    00000090     rts6400.lib : exit.obj (.far)
                  00009368    00000070     c6416dskinit.obj (.far)
                  000093d8    00000054     csl6416.lib : csl_mcbsp.obj (.far)
                  0000942c    00000028     dsk6416bsl.lib : dsk6416_aic23_registers.obj (.far)
                  00009458    00000020                    : dsk6416_aic23_setfreq.obj (.far)
                  00009478    0000001c     dsp_lab.obj (.far)
                  00009494    00000008     rts6400.lib : _lock.obj (.far)
                  0000949c    00000008                 : memory.obj (.far)
                  000094a4    00000008     dsk6416bsl.lib : dsk6416_aic23_opencodec.obj (.far)

.cinit     0    000094b0    0000041c     
                  000094b0    0000012c     csl6416.lib : csl_irq.obj (.cinit)
                  000095dc    00000004     --HOLE-- [fill = 0]
                  000095e0    0000007c                 : csl_mcbsp.obj (.cinit)
                  0000965c    00000004     --HOLE-- [fill = 0]
                  00009660    00000070     c6416dskinit.obj (.cinit)
                  000096d0    0000005c     rts6400.lib : lowlev.obj (.cinit)
                  0000972c    00000004     --HOLE-- [fill = 0]
                  00009730    0000005c                 : defs.obj (.cinit)
                  0000978c    00000004     --HOLE-- [fill = 0]
                  00009790    0000004c     dsp_lab.obj (.cinit)
                  000097dc    00000004     --HOLE-- [fill = 0]
                  000097e0    00000030     dsk6416bsl.lib : dsk6416_aic23_registers.obj (.cinit)
                  00009810    0000002c     rts6400.lib : exit.obj (.cinit)
                  0000983c    00000004     --HOLE-- [fill = 0]
                  00009840    0000002c                 : memory.obj (.cinit)
                  0000986c    00000004     --HOLE-- [fill = 0]
                  00009870    00000028     dsk6416bsl.lib : dsk6416_aic23_setfreq.obj (.cinit)
                  00009898    0000001c     rts6400.lib : _lock.obj (.cinit)
                  000098b4    00000004     --HOLE-- [fill = 0]
                  000098b8    0000000c                 : fopen.obj (.cinit)
                  000098c4    00000008     --HOLE-- [fill = 0]

.stack     0    000098d0    00000400     UNINITIALIZED
                  000098d0    00000008     rts6400.lib : boot.obj (.stack)

.sysmem    0    00009cd0    00000400     UNINITIALIZED
                  00009cd0    00000008     rts6400.lib : memory.obj (.sysmem)

.const     0    0000a0d0    0000026f     
                  0000a0d0    00000101     rts6400.lib : ctype.obj (.const)
                  0000a1d1    00000002                 : fputs.obj (.const)
                  0000a1d3    00000001     --HOLE-- [fill = 0]
                  0000a1d4    000000c0     dsk6416bsl.lib : dsk6416.obj (.const)
                  0000a294    00000070                    : dsk6416_aic23_opencodec.obj (.const)
                  0000a304    00000018     dsp_lab.obj (.const)
                  0000a31c    00000023     rts6400.lib : _printfi.obj (.const)

.cio       0    0000a340    00000120     UNINITIALIZED
                  0000a340    00000120     rts6400.lib : trgmsg.obj (.cio)

.switch    0    0000a460    00000010     
                  0000a460    00000010     rts6400.lib : frcdivd.obj (.switch)


GLOBAL SYMBOLS: SORTED ALPHABETICALLY BY Name 

address    name
--------   ----
00000220   $bss
00000220   .bss
00000000   .data
00000220   .text
00008e60   C$$EXIT
00008020   C$$IO$$
00009374   _AIC23CfgData
00009368   _AIC_data
000094a4   _DSK6416_AIC23_codeccontrolhandle
000094a8   _DSK6416_AIC23_codecdatahandle
00004560   _DSK6416_AIC23_config
00003b80   _DSK6416_AIC23_openCodec
00004528   _DSK6416_AIC23_rget
00004420   _DSK6416_AIC23_rset
00007060   _DSK6416_AIC23_setFreq
000023a4   _DSK6416_getVersion
000020c0   _DSK6416_init
00002294   _DSK6416_rget
000022c4   _DSK6416_rset
000092d4   _DSK6416_version
00002300   _DSK6416_wait
00002360   _DSK6416_waitusec
00008040   _EMIFA_config
000080e0   _EMIFB_config
00007740   _HOSTclose
000060e0   _HOSTlseek
00006200   _HOSTopen
00007140   _HOSTread
00004220   _HOSTrename
00007220   _HOSTunlink
00007300   _HOSTwrite
00008cc0   _IRQ_enable
00008ce0   _IRQ_globalDisable
00008d00   _IRQ_globalEnable
00004600   _IRQ_map
00008d20   _IRQ_nmiEnable
00008b40   _IRQ_reset
00007800   _MCBSP_config
00008d40   _MCBSP_getXmtEventId
000078c0   _MCBSP_open
00008d60   _MCBSP_read
00004ba0   _MCBSP_reset
00008d80   _MCBSP_rrdy
000073e0   _MCBSP_start
00008da0   _MCBSP_write
00008dc0   _MCBSP_xrdy
0000a340   __CIOBUF_
00009130   __IRQ_dispatchTable
00009068   __IRQ_eventTable
00008c80   __IRQ_hookFetchPacket
000090f0   __IRQ_intTable
00009420   __MCBSP_hDev0
00009424   __MCBSP_hDev1
00009428   __MCBSP_hDev2
00000400   __STACK_SIZE
00000400   __SYSMEM_SIZE
ffffffff   ___binit__
00000220   ___bss__
ffffffff   ___c_args__
000094b0   ___cinit__
00000000   ___data__
00000000   ___edata__
00000220   ___end__
00008ea0   ___etext__
ffffffff   ___pinit__
00000220   ___text__
00005900   __addd
00005600   __addf
00008b80   __args_main
00006560   __auto_init
000074c0   __cleanup
00009360   __cleanup_ptr
00008180   __cmpd
0000a0d0   __ctypes_
00008900   __cvtfd
00004d60   __divd
00007980   __divli
00007a40   __divu
00004f20   __divul
00003420   __divull
00007b00   __doflush
00009364   __dtors_ptr
00008220   __fixdi
000082c0   __fixdli
00008960   __fltif
00008360   __fltlid
00003dc0   __frcaddd
00002ae0   __frcdivd
00006320   __frcmpyd
00008bc0   __frcmpyf
00009030   __ft_end
00008ea0   __ftable
00008700   __llshl
000089c0   __llshru
00009494   __lock
000050e0   __mpyd
00005a60   __mpyf
00008400   __mpyll
00008c00   __negd
00008de0   __negll
00008e00   __nop
00001180   __printfi
00008a20   __remli
000098d0   __stack
00007c80   __strasg
00008a80   __subcull
00008c40   __subd
00009cd0   __sys_memory
00008f90   __tmpnams
00009498   __unlock
00006860   __wrt_ok
00008e60   _abort
00006440   _atoi
00000220   _c6416_dsk_init
00008ae0   _c_int00
00006960   _close
00000320   _comm_intr
000002f0   _comm_poll
000093ac   _config
00007680   _dotp4
00006a60   _exit
00005e60   _fclose
00005bc0   _fputc
00002e00   _fputs
00003120   _free
00009478   _fs
00006b60   _fseek
000093d4   _hAIC23_handle
00000790   _input_left_sample
00000838   _input_right_sample
000006a4   _input_sample
0000947c   _inputsource
00006c60   _lseek
00006d60   _ltoa
00008680   _main
00005460   _malloc
00008780   _memccpy
000075a0   _memcpy
00006e60   _memset
00000518   _output_left_sample
000005e0   _output_right_sample
00000410   _output_sample
00008800   _printf
00005bc0   _putc
00007ec0   _readmsg
00008e80   _remove
00008540   _renormd
00009490   _result
000049c0   _setvbuf
00008880   _unlink
00000020   _vector1
00000140   _vector10
00000160   _vector11
00000180   _vector12
000001a0   _vector13
000001c0   _vector14
000001e0   _vector15
00000040   _vector2
00000060   _vector3
00000080   _vector4
000000a0   _vector5
000000c0   _vector6
000000e0   _vector7
00000100   _vector8
00000120   _vector9
00000000   _vectors
00006f60   _write
00007f80   _writemsg
00009480   _x
00009488   _y
ffffffff   binit
000094b0   cinit
00000000   edata
00000220   end
00008ea0   etext
ffffffff   pinit


GLOBAL SYMBOLS: SORTED BY Symbol Address 

address    name
--------   ----
00000000   .data
00000000   ___data__
00000000   ___edata__
00000000   _vectors
00000000   edata
00000020   _vector1
00000040   _vector2
00000060   _vector3
00000080   _vector4
000000a0   _vector5
000000c0   _vector6
000000e0   _vector7
00000100   _vector8
00000120   _vector9
00000140   _vector10
00000160   _vector11
00000180   _vector12
000001a0   _vector13
000001c0   _vector14
000001e0   _vector15
00000220   $bss
00000220   .bss
00000220   .text
00000220   ___bss__
00000220   ___end__
00000220   ___text__
00000220   _c6416_dsk_init
00000220   end
000002f0   _comm_poll
00000320   _comm_intr
00000400   __STACK_SIZE
00000400   __SYSMEM_SIZE
00000410   _output_sample
00000518   _output_left_sample
000005e0   _output_right_sample
000006a4   _input_sample
00000790   _input_left_sample
00000838   _input_right_sample
00001180   __printfi
000020c0   _DSK6416_init
00002294   _DSK6416_rget
000022c4   _DSK6416_rset
00002300   _DSK6416_wait
00002360   _DSK6416_waitusec
000023a4   _DSK6416_getVersion
00002ae0   __frcdivd
00002e00   _fputs
00003120   _free
00003420   __divull
00003b80   _DSK6416_AIC23_openCodec
00003dc0   __frcaddd
00004220   _HOSTrename
00004420   _DSK6416_AIC23_rset
00004528   _DSK6416_AIC23_rget
00004560   _DSK6416_AIC23_config
00004600   _IRQ_map
000049c0   _setvbuf
00004ba0   _MCBSP_reset
00004d60   __divd
00004f20   __divul
000050e0   __mpyd
00005460   _malloc
00005600   __addf
00005900   __addd
00005a60   __mpyf
00005bc0   _fputc
00005bc0   _putc
00005e60   _fclose
000060e0   _HOSTlseek
00006200   _HOSTopen
00006320   __frcmpyd
00006440   _atoi
00006560   __auto_init
00006860   __wrt_ok
00006960   _close
00006a60   _exit
00006b60   _fseek
00006c60   _lseek
00006d60   _ltoa
00006e60   _memset
00006f60   _write
00007060   _DSK6416_AIC23_setFreq
00007140   _HOSTread
00007220   _HOSTunlink
00007300   _HOSTwrite
000073e0   _MCBSP_start
000074c0   __cleanup
000075a0   _memcpy
00007680   _dotp4
00007740   _HOSTclose
00007800   _MCBSP_config
000078c0   _MCBSP_open
00007980   __divli
00007a40   __divu
00007b00   __doflush
00007c80   __strasg
00007ec0   _readmsg
00007f80   _writemsg
00008020   C$$IO$$
00008040   _EMIFA_config
000080e0   _EMIFB_config
00008180   __cmpd
00008220   __fixdi
000082c0   __fixdli
00008360   __fltlid
00008400   __mpyll
00008540   _renormd
00008680   _main
00008700   __llshl
00008780   _memccpy
00008800   _printf
00008880   _unlink
00008900   __cvtfd
00008960   __fltif
000089c0   __llshru
00008a20   __remli
00008a80   __subcull
00008ae0   _c_int00
00008b40   _IRQ_reset
00008b80   __args_main
00008bc0   __frcmpyf
00008c00   __negd
00008c40   __subd
00008c80   __IRQ_hookFetchPacket
00008cc0   _IRQ_enable
00008ce0   _IRQ_globalDisable
00008d00   _IRQ_globalEnable
00008d20   _IRQ_nmiEnable
00008d40   _MCBSP_getXmtEventId
00008d60   _MCBSP_read
00008d80   _MCBSP_rrdy
00008da0   _MCBSP_write
00008dc0   _MCBSP_xrdy
00008de0   __negll
00008e00   __nop
00008e60   C$$EXIT
00008e60   _abort
00008e80   _remove
00008ea0   ___etext__
00008ea0   __ftable
00008ea0   etext
00008f90   __tmpnams
00009030   __ft_end
00009068   __IRQ_eventTable
000090f0   __IRQ_intTable
00009130   __IRQ_dispatchTable
000092d4   _DSK6416_version
00009360   __cleanup_ptr
00009364   __dtors_ptr
00009368   _AIC_data
00009374   _AIC23CfgData
000093ac   _config
000093d4   _hAIC23_handle
00009420   __MCBSP_hDev0
00009424   __MCBSP_hDev1
00009428   __MCBSP_hDev2
00009478   _fs
0000947c   _inputsource
00009480   _x
00009488   _y
00009490   _result
00009494   __lock
00009498   __unlock
000094a4   _DSK6416_AIC23_codeccontrolhandle
000094a8   _DSK6416_AIC23_codecdatahandle
000094b0   ___cinit__
000094b0   cinit
000098d0   __stack
00009cd0   __sys_memory
0000a0d0   __ctypes_
0000a340   __CIOBUF_
ffffffff   ___binit__
ffffffff   ___c_args__
ffffffff   ___pinit__
ffffffff   binit
ffffffff   pinit

[176 symbols]
