******************************************************************************
          TMS320C6x COFF Linker PC v6.0.8                      
******************************************************************************
>> Linked Fri May 02 14:37:17 2014

OUTPUT FILE NAME:   <./Debug/dsp_lab.out>
ENTRY POINT SYMBOL: "_c_int00"  address: 00002680


MEMORY CONFIGURATION

         name            origin    length      used     unused   attr    fill
----------------------  --------  ---------  --------  --------  ----  --------
  IVECS                 00000000   00000220  00000200  00000020  RWIX
  IRAM                  00000220   0002fde0  0000377a  0002c666  RWIX
  SDRAM                 80000000   00100000  00000000  00100000  RWIX
  FLASH                 90000000   00020000  00000000  00020000  RWIX


SECTION ALLOCATION MAP

 output                                  attributes/
section   page    origin      length       input sections
--------  ----  ----------  ----------   ----------------
.EXT_RAM   0    80000000    00000000     UNINITIALIZED

.data      0    00000000    00000000     UNINITIALIZED

.vectors   0    00000000    00000200     
                  00000000    00000200     Vectors_intr.obj (.vectors)

.bss       0    00000220    00000000     UNINITIALIZED

.cio       0    00000220    00000000     UNINITIALIZED

.csldata   0    00000220    00000000     UNINITIALIZED

.switch    0    00000220    00000000     UNINITIALIZED

.sysmem    0    00000220    00000000     UNINITIALIZED

.text      0    00000220    00002740     
                  00000220    000006c0     c6416dskinit.obj (.text)
                  000008e0    000005a0     alias_sine.obj (.text)
                  00000e80    000003a0     dsk6416bsl.lib : dsk6416.obj (.text)
                  00001220    00000240                    : dsk6416_aic23_opencodec.obj (.text)
                  00001460    000001e0                    : dsk6416_aic23_registers.obj (.text)
                  00001640    000001e0     csl6416.lib : csl_irq.obj (.text:_IRQ_map)
                  00001820    000001c0                 : csl_mcbsp.obj (.text:_MCBSP_reset)
                  000019e0    00000180     rts6400.lib : addf.obj (.text:__addf)
                  00001b60    00000160                 : mpyf.obj (.text:__mpyf)
                  00001cc0    00000100                 : autoinit.obj (.text:__auto_init)
                  00001dc0    00000100                 : exit.obj (.text:_exit)
                  00001ec0    000000e0     dsk6416bsl.lib : dsk6416_aic23_setfreq.obj (.text)
                  00001fa0    000000e0     csl6416.lib : csl_mcbsp.obj (.text:_MCBSP_start)
                  00002080    000000e0     rts6400.lib : memcpy64.obj (.text:_memcpy)
                  00002160    000000c0     csl6416.lib : csl_mcbsp.obj (.text:_MCBSP_config)
                  00002220    000000c0                 : csl_mcbsp.obj (.text:_MCBSP_open)
                  000022e0    000000c0     rts6400.lib : strasg.obj (.text:__strasg)
                  000023a0    000000a0     csl6416.lib : csl_emifa.obj (.text:_EMIFA_config)
                  00002440    000000a0                 : csl_emifb.obj (.text:_EMIFB_config)
                  000024e0    000000a0     rts6400.lib : fixfi.obj (.text:__fixfi)
                  00002580    000000a0     csl6416.lib : csl_irq.obj (.text:_setMux)
                  00002620    00000060     rts6400.lib : fltif.obj (.text:__fltif)
                  00002680    00000060                 : boot.obj (.text:_c_int00)
                  000026e0    00000040     csl6416.lib : csl_irq.obj (.text:_IRQ_reset)
                  00002720    00000040     rts6400.lib : args_main.obj (.text:__args_main)
                  00002760    00000040                 : frcmpyf.obj (.text:__frcmpyf)
                  000027a0    00000020     csl6416.lib : csl_irq.obj (.text)
                  000027c0    00000020     Vectors_intr.obj (.text)
                  000027e0    00000020     dsp_lab.obj (.text)
                  00002800    00000020     csl6416.lib : csl_irq.obj (.text:_IRQ_enable)
                  00002820    00000020                 : csl_irq.obj (.text:_IRQ_globalDisable)
                  00002840    00000020                 : csl_irq.obj (.text:_IRQ_globalEnable)
                  00002860    00000020                 : csl_irq.obj (.text:_IRQ_nmiEnable)
                  00002880    00000020                 : csl_mcbsp.obj (.text:_MCBSP_getXmtEventId)
                  000028a0    00000020                 : csl_mcbsp.obj (.text:_MCBSP_read)
                  000028c0    00000020                 : csl_mcbsp.obj (.text:_MCBSP_rrdy)
                  000028e0    00000020                 : csl_mcbsp.obj (.text:_MCBSP_write)
                  00002900    00000020                 : csl_mcbsp.obj (.text:_MCBSP_xrdy)
                  00002920    00000020     rts6400.lib : _lock.obj (.text:__nop)
                  00002940    00000020                 : exit.obj (.text:_abort)

.far       0    00002960    0000075e     UNINITIALIZED
                  00002960    000004a4     alias_sine.obj (.far)
                  00002e04    00000004     dsk6416bsl.lib : dsk6416.obj (.far)
                  00002e08    00000100     csl6416.lib : csl_irq.obj (.far)
                  00002f08    00000090     rts6400.lib : exit.obj (.far)
                  00002f98    00000070     c6416dskinit.obj (.far)
                  00003008    00000054     csl6416.lib : csl_mcbsp.obj (.far)
                  0000305c    00000028     dsk6416bsl.lib : dsk6416_aic23_registers.obj (.far)
                  00003088    00000020                    : dsk6416_aic23_setfreq.obj (.far)
                  000030a8    00000008     rts6400.lib : _lock.obj (.far)
                  000030b0    00000008     dsk6416bsl.lib : dsk6416_aic23_opencodec.obj (.far)
                  000030b8    00000006     dsp_lab.obj (.far)

.stack     0    000030c0    00000400     UNINITIALIZED
                  000030c0    00000008     rts6400.lib : boot.obj (.stack)

.cinit     0    000034c0    000003ac     
                  000034c0    0000012c     csl6416.lib : csl_irq.obj (.cinit)
                  000035ec    00000004     --HOLE-- [fill = 0]
                  000035f0    000000bc     alias_sine.obj (.cinit)
                  000036ac    00000004     --HOLE-- [fill = 0]
                  000036b0    0000007c     csl6416.lib : csl_mcbsp.obj (.cinit)
                  0000372c    00000004     --HOLE-- [fill = 0]
                  00003730    00000070     c6416dskinit.obj (.cinit)
                  000037a0    00000030     dsk6416bsl.lib : dsk6416_aic23_registers.obj (.cinit)
                  000037d0    0000002c     rts6400.lib : exit.obj (.cinit)
                  000037fc    00000004     --HOLE-- [fill = 0]
                  00003800    00000028     dsk6416bsl.lib : dsk6416_aic23_setfreq.obj (.cinit)
                  00003828    0000001c     rts6400.lib : _lock.obj (.cinit)
                  00003844    00000004     --HOLE-- [fill = 0]
                  00003848    0000001a     dsp_lab.obj (.cinit)
                  00003862    0000000a     --HOLE-- [fill = 0]

.const     0    0000386c    00000130     
                  0000386c    000000c0     dsk6416bsl.lib : dsk6416.obj (.const)
                  0000392c    00000070                    : dsk6416_aic23_opencodec.obj (.const)


GLOBAL SYMBOLS: SORTED ALPHABETICALLY BY Name 

address    name
--------   ----
00000220   $bss
00000220   .bss
00000000   .data
00000220   .text
00002940   C$$EXIT
00002fa4   _AIC23CfgData
00002f98   _AIC_data
000030b0   _DSK6416_AIC23_codeccontrolhandle
000030b4   _DSK6416_AIC23_codecdatahandle
000015a0   _DSK6416_AIC23_config
00001220   _DSK6416_AIC23_openCodec
00001568   _DSK6416_AIC23_rget
00001460   _DSK6416_AIC23_rset
00001ec0   _DSK6416_AIC23_setFreq
00001164   _DSK6416_getVersion
00000e80   _DSK6416_init
00001054   _DSK6416_rget
00001084   _DSK6416_rset
00002e04   _DSK6416_version
000010c0   _DSK6416_wait
00001120   _DSK6416_waitusec
000023a0   _EMIFA_config
00002440   _EMIFB_config
00002800   _IRQ_enable
00002820   _IRQ_globalDisable
00002840   _IRQ_globalEnable
00001640   _IRQ_map
00002860   _IRQ_nmiEnable
000026e0   _IRQ_reset
00002160   _MCBSP_config
00002880   _MCBSP_getXmtEventId
00002220   _MCBSP_open
000028a0   _MCBSP_read
00001820   _MCBSP_reset
000028c0   _MCBSP_rrdy
00001fa0   _MCBSP_start
000028e0   _MCBSP_write
00002900   _MCBSP_xrdy
00002f00   __IRQ_dispatchTable
00002e38   __IRQ_eventTable
000027a0   __IRQ_hookFetchPacket
00002ec0   __IRQ_intTable
00003050   __MCBSP_hDev0
00003054   __MCBSP_hDev1
00003058   __MCBSP_hDev2
00000400   __STACK_SIZE
ffffffff   ___binit__
00000220   ___bss__
ffffffff   ___c_args__
000034c0   ___cinit__
00000000   ___data__
00000000   ___edata__
00000220   ___end__
00002960   ___etext__
ffffffff   ___pinit__
00000220   ___text__
000019e0   __addf
00002720   __args_main
00001cc0   __auto_init
00002f90   __cleanup_ptr
00002f94   __dtors_ptr
000024e0   __fixfi
00002620   __fltif
00002760   __frcmpyf
000030a8   __lock
00001b60   __mpyf
00002920   __nop
000030c0   __stack
000022e0   __strasg
000030ac   __unlock
00002940   _abort
00002964   _bufindex
00000220   _c6416_dsk_init
00002680   _c_int00
000008e0   _c_int11
00000320   _comm_intr
000002f0   _comm_poll
00002fdc   _config
00002d70   _cos_table2
00002d80   _cos_table6
00002d90   _cos_table_zeros2
00002da0   _cos_table_zeros6
00001dc0   _exit
000030b8   _fs
00002db0   _gain
00002de0   _h
00003004   _hAIC23_handle
00000790   _input_left_sample
00000838   _input_right_sample
000006a4   _input_sample
000030bc   _inputsource
00002960   _loopindex
00000d2c   _low_pass_filter
000027e0   _main
00002080   _memcpy
00002968   _out_buffer
00002d68   _output_buffer
00000518   _output_left_sample
000005e0   _output_right_sample
00000410   _output_sample
00000020   _vector1
00000140   _vector10
00000180   _vector12
000001a0   _vector13
000001c0   _vector14
000001e0   _vector15
00000040   _vector2
00000060   _vector3
00000080   _vector4
000000a0   _vector5
000000c0   _vector6
000000e0   _vector7
00000100   _vector8
00000120   _vector9
00000000   _vectors
00002db8   _x
ffffffff   binit
000034c0   cinit
00000000   edata
00000220   end
00002960   etext
ffffffff   pinit


GLOBAL SYMBOLS: SORTED BY Symbol Address 

address    name
--------   ----
00000000   .data
00000000   ___data__
00000000   ___edata__
00000000   _vectors
00000000   edata
00000020   _vector1
00000040   _vector2
00000060   _vector3
00000080   _vector4
000000a0   _vector5
000000c0   _vector6
000000e0   _vector7
00000100   _vector8
00000120   _vector9
00000140   _vector10
00000180   _vector12
000001a0   _vector13
000001c0   _vector14
000001e0   _vector15
00000220   $bss
00000220   .bss
00000220   .text
00000220   ___bss__
00000220   ___end__
00000220   ___text__
00000220   _c6416_dsk_init
00000220   end
000002f0   _comm_poll
00000320   _comm_intr
00000400   __STACK_SIZE
00000410   _output_sample
00000518   _output_left_sample
000005e0   _output_right_sample
000006a4   _input_sample
00000790   _input_left_sample
00000838   _input_right_sample
000008e0   _c_int11
00000d2c   _low_pass_filter
00000e80   _DSK6416_init
00001054   _DSK6416_rget
00001084   _DSK6416_rset
000010c0   _DSK6416_wait
00001120   _DSK6416_waitusec
00001164   _DSK6416_getVersion
00001220   _DSK6416_AIC23_openCodec
00001460   _DSK6416_AIC23_rset
00001568   _DSK6416_AIC23_rget
000015a0   _DSK6416_AIC23_config
00001640   _IRQ_map
00001820   _MCBSP_reset
000019e0   __addf
00001b60   __mpyf
00001cc0   __auto_init
00001dc0   _exit
00001ec0   _DSK6416_AIC23_setFreq
00001fa0   _MCBSP_start
00002080   _memcpy
00002160   _MCBSP_config
00002220   _MCBSP_open
000022e0   __strasg
000023a0   _EMIFA_config
00002440   _EMIFB_config
000024e0   __fixfi
00002620   __fltif
00002680   _c_int00
000026e0   _IRQ_reset
00002720   __args_main
00002760   __frcmpyf
000027a0   __IRQ_hookFetchPacket
000027e0   _main
00002800   _IRQ_enable
00002820   _IRQ_globalDisable
00002840   _IRQ_globalEnable
00002860   _IRQ_nmiEnable
00002880   _MCBSP_getXmtEventId
000028a0   _MCBSP_read
000028c0   _MCBSP_rrdy
000028e0   _MCBSP_write
00002900   _MCBSP_xrdy
00002920   __nop
00002940   C$$EXIT
00002940   _abort
00002960   ___etext__
00002960   _loopindex
00002960   etext
00002964   _bufindex
00002968   _out_buffer
00002d68   _output_buffer
00002d70   _cos_table2
00002d80   _cos_table6
00002d90   _cos_table_zeros2
00002da0   _cos_table_zeros6
00002db0   _gain
00002db8   _x
00002de0   _h
00002e04   _DSK6416_version
00002e38   __IRQ_eventTable
00002ec0   __IRQ_intTable
00002f00   __IRQ_dispatchTable
00002f90   __cleanup_ptr
00002f94   __dtors_ptr
00002f98   _AIC_data
00002fa4   _AIC23CfgData
00002fdc   _config
00003004   _hAIC23_handle
00003050   __MCBSP_hDev0
00003054   __MCBSP_hDev1
00003058   __MCBSP_hDev2
000030a8   __lock
000030ac   __unlock
000030b0   _DSK6416_AIC23_codeccontrolhandle
000030b4   _DSK6416_AIC23_codecdatahandle
000030b8   _fs
000030bc   _inputsource
000030c0   __stack
000034c0   ___cinit__
000034c0   cinit
ffffffff   ___binit__
ffffffff   ___c_args__
ffffffff   ___pinit__
ffffffff   binit
ffffffff   pinit

[122 symbols]
