******************************************************************************
          TMS320C6x COFF Linker PC v6.0.8                      
******************************************************************************
>> Linked Tue May 27 16:32:48 2014

OUTPUT FILE NAME:   <./Debug/dsp_lab.out>
ENTRY POINT SYMBOL: "_c_int00"  address: 00002380


MEMORY CONFIGURATION

         name            origin    length      used     unused   attr    fill
----------------------  --------  ---------  --------  --------  ----  --------
  IVECS                 00000000   00000220  00000200  00000020  RWIX
  IRAM                  00000220   0002fde0  0000415a  0002bc86  RWIX
  SDRAM                 80000000   00100000  00000000  00100000  RWIX
  FLASH                 90000000   00020000  00000000  00020000  RWIX


SECTION ALLOCATION MAP

 output                                  attributes/
section   page    origin      length       input sections
--------  ----  ----------  ----------   ----------------
.EXT_RAM   0    80000000    00000000     UNINITIALIZED

.data      0    00000000    00000000     UNINITIALIZED

.vectors   0    00000000    00000200     
                  00000000    00000200     Vectors_intr.obj (.vectors)

.bss       0    00000220    00000000     UNINITIALIZED

.cio       0    00000220    00000000     UNINITIALIZED

.csldata   0    00000220    00000000     UNINITIALIZED

.switch    0    00000220    00000000     UNINITIALIZED

.sysmem    0    00000220    00000000     UNINITIALIZED

.text      0    00000220    00002400     
                  00000220    000006c0     c6416dskinit.obj (.text)
                  000008e0    000004c0     cos8_buf.obj (.text)
                  00000da0    000003a0     dsk6416bsl.lib : dsk6416.obj (.text)
                  00001140    00000240                    : dsk6416_aic23_opencodec.obj (.text)
                  00001380    000001e0                    : dsk6416_aic23_registers.obj (.text)
                  00001560    000001e0     csl6416.lib : csl_irq.obj (.text:_IRQ_map)
                  00001740    000001c0                 : csl_mcbsp.obj (.text:_MCBSP_reset)
                  00001900    00000100     rts6400.lib : autoinit.obj (.text:__auto_init)
                  00001a00    00000100                 : divi.obj (.text:__divi)
                  00001b00    00000100                 : exit.obj (.text:_exit)
                  00001c00    000000e0     dsk6416bsl.lib : dsk6416_aic23_setfreq.obj (.text)
                  00001ce0    000000e0     csl6416.lib : csl_mcbsp.obj (.text:_MCBSP_start)
                  00001dc0    000000e0     rts6400.lib : memcpy64.obj (.text:_memcpy)
                  00001ea0    000000c0     csl6416.lib : csl_mcbsp.obj (.text:_MCBSP_config)
                  00001f60    000000c0                 : csl_mcbsp.obj (.text:_MCBSP_open)
                  00002020    000000c0     rts6400.lib : remi.obj (.text:__remi)
                  000020e0    000000c0                 : strasg.obj (.text:__strasg)
                  000021a0    000000a0     csl6416.lib : csl_emifa.obj (.text:_EMIFA_config)
                  00002240    000000a0                 : csl_emifb.obj (.text:_EMIFB_config)
                  000022e0    000000a0                 : csl_irq.obj (.text:_setMux)
                  00002380    00000060     rts6400.lib : boot.obj (.text:_c_int00)
                  000023e0    00000040     csl6416.lib : csl_irq.obj (.text:_IRQ_reset)
                  00002420    00000040     rts6400.lib : args_main.obj (.text:__args_main)
                  00002460    00000020     csl6416.lib : csl_irq.obj (.text)
                  00002480    00000020     Vectors_intr.obj (.text)
                  000024a0    00000020     dsp_lab.obj (.text)
                  000024c0    00000020     csl6416.lib : csl_irq.obj (.text:_IRQ_enable)
                  000024e0    00000020                 : csl_irq.obj (.text:_IRQ_globalDisable)
                  00002500    00000020                 : csl_irq.obj (.text:_IRQ_globalEnable)
                  00002520    00000020                 : csl_irq.obj (.text:_IRQ_nmiEnable)
                  00002540    00000020                 : csl_mcbsp.obj (.text:_MCBSP_getXmtEventId)
                  00002560    00000020                 : csl_mcbsp.obj (.text:_MCBSP_read)
                  00002580    00000020                 : csl_mcbsp.obj (.text:_MCBSP_rrdy)
                  000025a0    00000020                 : csl_mcbsp.obj (.text:_MCBSP_write)
                  000025c0    00000020                 : csl_mcbsp.obj (.text:_MCBSP_xrdy)
                  000025e0    00000020     rts6400.lib : _lock.obj (.text:__nop)
                  00002600    00000020                 : exit.obj (.text:_abort)

.far       0    00002620    000013e6     UNINITIALIZED
                  00002620    0000112a     cos8_buf.obj (.far)
                  0000374a    00000004     dsk6416bsl.lib : dsk6416.obj (.far)
                  00003750    00000100     csl6416.lib : csl_irq.obj (.far)
                  00003850    00000090     rts6400.lib : exit.obj (.far)
                  000038e0    00000070     c6416dskinit.obj (.far)
                  00003950    00000054     csl6416.lib : csl_mcbsp.obj (.far)
                  000039a4    00000028     dsk6416bsl.lib : dsk6416_aic23_registers.obj (.far)
                  000039d0    00000020                    : dsk6416_aic23_setfreq.obj (.far)
                  000039f0    00000008     rts6400.lib : _lock.obj (.far)
                  000039f8    00000008     dsk6416bsl.lib : dsk6416_aic23_opencodec.obj (.far)
                  00003a00    00000006     dsp_lab.obj (.far)

.cinit     0    00003a08    00000444     
                  00003a08    00000152     cos8_buf.obj (.cinit)
                  00003b5a    00000006     --HOLE-- [fill = 0]
                  00003b60    0000012c     csl6416.lib : csl_irq.obj (.cinit)
                  00003c8c    00000004     --HOLE-- [fill = 0]
                  00003c90    0000007c                 : csl_mcbsp.obj (.cinit)
                  00003d0c    00000004     --HOLE-- [fill = 0]
                  00003d10    00000070     c6416dskinit.obj (.cinit)
                  00003d80    00000030     dsk6416bsl.lib : dsk6416_aic23_registers.obj (.cinit)
                  00003db0    0000002c     rts6400.lib : exit.obj (.cinit)
                  00003ddc    00000004     --HOLE-- [fill = 0]
                  00003de0    00000028     dsk6416bsl.lib : dsk6416_aic23_setfreq.obj (.cinit)
                  00003e08    0000001c     rts6400.lib : _lock.obj (.cinit)
                  00003e24    00000004     --HOLE-- [fill = 0]
                  00003e28    0000001a     dsp_lab.obj (.cinit)
                  00003e42    0000000a     --HOLE-- [fill = 0]

.stack     0    00003e50    00000400     UNINITIALIZED
                  00003e50    00000008     rts6400.lib : boot.obj (.stack)

.const     0    00004250    00000130     
                  00004250    000000c0     dsk6416bsl.lib : dsk6416.obj (.const)
                  00004310    00000070                    : dsk6416_aic23_opencodec.obj (.const)


GLOBAL SYMBOLS: SORTED ALPHABETICALLY BY Name 

address    name
--------   ----
00000220   $bss
00000220   .bss
00000000   .data
00000220   .text
00002600   C$$EXIT
000038ec   _AIC23CfgData
000038e0   _AIC_data
000039f8   _DSK6416_AIC23_codeccontrolhandle
000039fc   _DSK6416_AIC23_codecdatahandle
000014c0   _DSK6416_AIC23_config
00001140   _DSK6416_AIC23_openCodec
00001488   _DSK6416_AIC23_rget
00001380   _DSK6416_AIC23_rset
00001c00   _DSK6416_AIC23_setFreq
00001084   _DSK6416_getVersion
00000da0   _DSK6416_init
00000f74   _DSK6416_rget
00000fa4   _DSK6416_rset
0000374a   _DSK6416_version
00000fe0   _DSK6416_wait
00001040   _DSK6416_waitusec
000021a0   _EMIFA_config
00002240   _EMIFB_config
000024c0   _IRQ_enable
000024e0   _IRQ_globalDisable
00002500   _IRQ_globalEnable
00001560   _IRQ_map
00002520   _IRQ_nmiEnable
000023e0   _IRQ_reset
00001ea0   _MCBSP_config
00002540   _MCBSP_getXmtEventId
00001f60   _MCBSP_open
00002560   _MCBSP_read
00001740   _MCBSP_reset
00002580   _MCBSP_rrdy
00001ce0   _MCBSP_start
000025a0   _MCBSP_write
000025c0   _MCBSP_xrdy
00003848   __IRQ_dispatchTable
00003780   __IRQ_eventTable
00002460   __IRQ_hookFetchPacket
00003808   __IRQ_intTable
00003998   __MCBSP_hDev0
0000399c   __MCBSP_hDev1
000039a0   __MCBSP_hDev2
00000400   __STACK_SIZE
ffffffff   ___binit__
00000220   ___bss__
ffffffff   ___c_args__
00003a08   ___cinit__
00000000   ___data__
00000000   ___edata__
00000220   ___end__
00002620   ___etext__
ffffffff   ___pinit__
00000220   ___text__
00002420   __args_main
00001900   __auto_init
000038d8   __cleanup_ptr
00001a00   __divi
000038dc   __dtors_ptr
000039f0   __lock
000025e0   __nop
00002020   __remi
00003e50   __stack
000020e0   __strasg
000039f4   __unlock
00002600   _abort
00002624   _bufindex
00000220   _c6416_dsk_init
00002380   _c_int00
000008e0   _c_int11
00000320   _comm_intr
000002f0   _comm_poll
00003924   _config
00002628   _cos_table
00001b00   _exit
00003a00   _fs
00003748   _gain
0000394c   _hAIC23_handle
00000790   _input_left_sample
00000838   _input_right_sample
000006a4   _input_sample
00003a04   _inputsource
00002620   _loopindex
000024a0   _main
00001dc0   _memcpy
00002748   _out_buffer
00000518   _output_left_sample
000005e0   _output_right_sample
00000410   _output_sample
00000020   _vector1
00000140   _vector10
00000180   _vector12
000001a0   _vector13
000001c0   _vector14
000001e0   _vector15
00000040   _vector2
00000060   _vector3
00000080   _vector4
000000a0   _vector5
000000c0   _vector6
000000e0   _vector7
00000100   _vector8
00000120   _vector9
00000000   _vectors
ffffffff   binit
00003a08   cinit
00000000   edata
00000220   end
00002620   etext
ffffffff   pinit


GLOBAL SYMBOLS: SORTED BY Symbol Address 

address    name
--------   ----
00000000   .data
00000000   ___data__
00000000   ___edata__
00000000   _vectors
00000000   edata
00000020   _vector1
00000040   _vector2
00000060   _vector3
00000080   _vector4
000000a0   _vector5
000000c0   _vector6
000000e0   _vector7
00000100   _vector8
00000120   _vector9
00000140   _vector10
00000180   _vector12
000001a0   _vector13
000001c0   _vector14
000001e0   _vector15
00000220   $bss
00000220   .bss
00000220   .text
00000220   ___bss__
00000220   ___end__
00000220   ___text__
00000220   _c6416_dsk_init
00000220   end
000002f0   _comm_poll
00000320   _comm_intr
00000400   __STACK_SIZE
00000410   _output_sample
00000518   _output_left_sample
000005e0   _output_right_sample
000006a4   _input_sample
00000790   _input_left_sample
00000838   _input_right_sample
000008e0   _c_int11
00000da0   _DSK6416_init
00000f74   _DSK6416_rget
00000fa4   _DSK6416_rset
00000fe0   _DSK6416_wait
00001040   _DSK6416_waitusec
00001084   _DSK6416_getVersion
00001140   _DSK6416_AIC23_openCodec
00001380   _DSK6416_AIC23_rset
00001488   _DSK6416_AIC23_rget
000014c0   _DSK6416_AIC23_config
00001560   _IRQ_map
00001740   _MCBSP_reset
00001900   __auto_init
00001a00   __divi
00001b00   _exit
00001c00   _DSK6416_AIC23_setFreq
00001ce0   _MCBSP_start
00001dc0   _memcpy
00001ea0   _MCBSP_config
00001f60   _MCBSP_open
00002020   __remi
000020e0   __strasg
000021a0   _EMIFA_config
00002240   _EMIFB_config
00002380   _c_int00
000023e0   _IRQ_reset
00002420   __args_main
00002460   __IRQ_hookFetchPacket
000024a0   _main
000024c0   _IRQ_enable
000024e0   _IRQ_globalDisable
00002500   _IRQ_globalEnable
00002520   _IRQ_nmiEnable
00002540   _MCBSP_getXmtEventId
00002560   _MCBSP_read
00002580   _MCBSP_rrdy
000025a0   _MCBSP_write
000025c0   _MCBSP_xrdy
000025e0   __nop
00002600   C$$EXIT
00002600   _abort
00002620   ___etext__
00002620   _loopindex
00002620   etext
00002624   _bufindex
00002628   _cos_table
00002748   _out_buffer
00003748   _gain
0000374a   _DSK6416_version
00003780   __IRQ_eventTable
00003808   __IRQ_intTable
00003848   __IRQ_dispatchTable
000038d8   __cleanup_ptr
000038dc   __dtors_ptr
000038e0   _AIC_data
000038ec   _AIC23CfgData
00003924   _config
0000394c   _hAIC23_handle
00003998   __MCBSP_hDev0
0000399c   __MCBSP_hDev1
000039a0   __MCBSP_hDev2
000039f0   __lock
000039f4   __unlock
000039f8   _DSK6416_AIC23_codeccontrolhandle
000039fc   _DSK6416_AIC23_codecdatahandle
00003a00   _fs
00003a04   _inputsource
00003a08   ___cinit__
00003a08   cinit
00003e50   __stack
ffffffff   ___binit__
ffffffff   ___c_args__
ffffffff   ___pinit__
ffffffff   binit
ffffffff   pinit

[112 symbols]
